[2025-07-16T15:08:41.939+0000][67][info][gc,init] CardTable entry size: 512
[2025-07-16T15:08:41.940+0000][67][info][gc     ] Using G1
[2025-07-16T15:08:45.889+0000][67][info][gc,init] Version: 20.0.1+9-29 (release)
[2025-07-16T15:08:45.893+0000][67][info][gc,init] CPUs: 8 total, 8 available
[2025-07-16T15:08:45.893+0000][67][info][gc,init] Memory: 7837M
[2025-07-16T15:08:45.893+0000][67][info][gc,init] Large Page Support: Disabled
[2025-07-16T15:08:45.894+0000][67][info][gc,init] NUMA Support: Disabled
[2025-07-16T15:08:45.894+0000][67][info][gc,init] Compressed Oops: Enabled (Zero based)
[2025-07-16T15:08:45.894+0000][67][info][gc,init] Heap Region Size: 4M
[2025-07-16T15:08:45.894+0000][67][info][gc,init] Heap Min Capacity: 3920M
[2025-07-16T15:08:45.894+0000][67][info][gc,init] Heap Initial Capacity: 3920M
[2025-07-16T15:08:45.894+0000][67][info][gc,init] Heap Max Capacity: 3920M
[2025-07-16T15:08:45.895+0000][67][info][gc,init] Pre-touch: Enabled
[2025-07-16T15:08:45.895+0000][67][info][gc,init] Parallel Workers: 8
[2025-07-16T15:08:45.895+0000][67][info][gc,init] Concurrent Workers: 2
[2025-07-16T15:08:45.895+0000][67][info][gc,init] Concurrent Refinement Workers: 8
[2025-07-16T15:08:45.895+0000][67][info][gc,init] Periodic GC: Disabled
[2025-07-16T15:08:45.905+0000][67][info][gc,metaspace] CDS archive(s) mapped at: [0x0000000800000000-0x0000000800c80000-0x0000000800c80000), size 13107200, SharedBaseAddress: 0x0000000800000000, ArchiveRelocationMode: 0.
[2025-07-16T15:08:45.906+0000][67][info][gc,metaspace] Compressed class space mapped at: 0x0000000801000000-0x0000000841000000, reserved size: 1073741824
[2025-07-16T15:08:45.906+0000][67][info][gc,metaspace] Narrow klass base: 0x0000000800000000, Narrow klass shift: 0, Narrow klass range: 0x100000000
[2025-07-16T15:08:46.381+0000][67][info][safepoint   ] Safepoint "ICBufferFull", Time since last: 247121251 ns, Reaching safepoint: 3041 ns, Cleanup: 420375 ns, At safepoint: 16000 ns, Total: 439416 ns
[2025-07-16T15:08:46.647+0000][67][info][safepoint   ] Safepoint "ICBufferFull", Time since last: 265882917 ns, Reaching safepoint: 2833 ns, Cleanup: 648750 ns, At safepoint: 6084 ns, Total: 657667 ns
[2025-07-16T15:08:47.153+0000][67][info][safepoint   ] Safepoint "ICBufferFull", Time since last: 503504083 ns, Reaching safepoint: 2750 ns, Cleanup: 2406375 ns, At safepoint: 12667 ns, Total: 2421792 ns
[2025-07-16T15:08:47.549+0000][67][info][safepoint   ] Safepoint "ICBufferFull", Time since last: 395566042 ns, Reaching safepoint: 2333 ns, Cleanup: 455458 ns, At safepoint: 9209 ns, Total: 467000 ns
[2025-07-16T15:08:47.698+0000][67][info][safepoint   ] Safepoint "ICBufferFull", Time since last: 147959792 ns, Reaching safepoint: 7541 ns, Cleanup: 614917 ns, At safepoint: 8750 ns, Total: 631208 ns
[2025-07-16T15:08:47.851+0000][67][info][safepoint   ] Safepoint "ICBufferFull", Time since last: 152560333 ns, Reaching safepoint: 16125 ns, Cleanup: 448417 ns, At safepoint: 10250 ns, Total: 474792 ns
[2025-07-16T15:08:48.111+0000][67][info][safepoint   ] Safepoint "ICBufferFull", Time since last: 260108542 ns, Reaching safepoint: 2833 ns, Cleanup: 464417 ns, At safepoint: 58750 ns, Total: 526000 ns
[2025-07-16T15:08:48.229+0000][67][info][safepoint   ] Safepoint "ICBufferFull", Time since last: 117753500 ns, Reaching safepoint: 2208 ns, Cleanup: 353208 ns, At safepoint: 4167 ns, Total: 359583 ns
[2025-07-16T15:08:48.510+0000][67][info][safepoint   ] Safepoint "ICBufferFull", Time since last: 280399000 ns, Reaching safepoint: 18917 ns, Cleanup: 320292 ns, At safepoint: 3583 ns, Total: 342792 ns
[2025-07-16T15:08:48.789+0000][67][info][safepoint   ] Safepoint "ICBufferFull", Time since last: 278225625 ns, Reaching safepoint: 27458 ns, Cleanup: 170459 ns, At safepoint: 8583 ns, Total: 206500 ns
[2025-07-16T15:08:49.088+0000][67][info][safepoint   ] Safepoint "ICBufferFull", Time since last: 299553334 ns, Reaching safepoint: 2916 ns, Cleanup: 303125 ns, At safepoint: 9250 ns, Total: 315291 ns
[2025-07-16T15:08:49.230+0000][67][info][gc,start    ] GC(0) Pause Young (Normal) (G1 Evacuation Pause)
[2025-07-16T15:08:49.231+0000][67][info][gc,task     ] GC(0) Using 8 workers of 8 for evacuation
[2025-07-16T15:08:49.232+0000][67][debug][gc,age      ] GC(0) Desired survivor size 14680064 bytes, new threshold 15 (max threshold 15)
[2025-07-16T15:08:49.243+0000][67][info ][gc,phases   ] GC(0)   Pre Evacuate Collection Set: 0.7ms
[2025-07-16T15:08:49.243+0000][67][info ][gc,phases   ] GC(0)   Merge Heap Roots: 0.2ms
[2025-07-16T15:08:49.243+0000][67][info ][gc,phases   ] GC(0)   Evacuate Collection Set: 7.0ms
[2025-07-16T15:08:49.243+0000][67][info ][gc,phases   ] GC(0)   Post Evacuate Collection Set: 3.2ms
[2025-07-16T15:08:49.243+0000][67][info ][gc,phases   ] GC(0)   Other: 0.5ms
[2025-07-16T15:08:49.243+0000][67][trace][gc,age      ] GC(0) Age table with threshold 15 (max threshold 15)
[2025-07-16T15:08:49.244+0000][67][trace][gc,age      ] GC(0) - age   1:   12839672 bytes,   12839672 total
[2025-07-16T15:08:49.244+0000][67][info ][gc,heap     ] GC(0) Eden regions: 49->0(45)
[2025-07-16T15:08:49.244+0000][67][info ][gc,heap     ] GC(0) Survivor regions: 0->4(7)
[2025-07-16T15:08:49.244+0000][67][info ][gc,heap     ] GC(0) Old regions: 0->0
[2025-07-16T15:08:49.244+0000][67][info ][gc,heap     ] GC(0) Archive regions: 2->2
[2025-07-16T15:08:49.244+0000][67][info ][gc,heap     ] GC(0) Humongous regions: 0->0
[2025-07-16T15:08:49.244+0000][67][info ][gc,metaspace] GC(0) Metaspace: 17732K(18240K)->17732K(18240K) NonClass: 15710K(16000K)->15710K(16000K) Class: 2021K(2240K)->2021K(2240K)
[2025-07-16T15:08:49.244+0000][67][info ][gc          ] GC(0) Pause Young (Normal) (G1 Evacuation Pause) 200M->16M(3920M) 13.606ms
[2025-07-16T15:08:49.244+0000][67][info ][gc,cpu      ] GC(0) User=0.04s Sys=0.00s Real=0.02s
[2025-07-16T15:08:49.244+0000][67][info ][safepoint   ] Safepoint "G1CollectForAllocation", Time since last: 141860084 ns, Reaching safepoint: 3333 ns, Cleanup: 147125 ns, At safepoint: 13758208 ns, Total: 13908666 ns
[2025-07-16T15:08:49.550+0000][67][info ][gc,start    ] GC(1) Pause Young (Concurrent Start) (Metadata GC Threshold)
[2025-07-16T15:08:49.550+0000][67][info ][gc,task     ] GC(1) Using 8 workers of 8 for evacuation
[2025-07-16T15:08:49.550+0000][67][debug][gc,age      ] GC(1) Desired survivor size 14680064 bytes, new threshold 15 (max threshold 15)
[2025-07-16T15:08:49.568+0000][67][info ][gc,phases   ] GC(1)   Pre Evacuate Collection Set: 4.1ms
[2025-07-16T15:08:49.568+0000][67][info ][gc,phases   ] GC(1)   Merge Heap Roots: 0.1ms
[2025-07-16T15:08:49.568+0000][67][info ][gc,phases   ] GC(1)   Evacuate Collection Set: 11.8ms
[2025-07-16T15:08:49.568+0000][67][info ][gc,phases   ] GC(1)   Post Evacuate Collection Set: 1.2ms
[2025-07-16T15:08:49.568+0000][67][info ][gc,phases   ] GC(1)   Other: 0.5ms
[2025-07-16T15:08:49.568+0000][67][trace][gc,age      ] GC(1) Age table with threshold 15 (max threshold 15)
[2025-07-16T15:08:49.568+0000][67][trace][gc,age      ] GC(1) - age   1:    1271088 bytes,    1271088 total
[2025-07-16T15:08:49.568+0000][67][trace][gc,age      ] GC(1) - age   2:    9791312 bytes,   11062400 total
[2025-07-16T15:08:49.568+0000][67][info ][gc,heap     ] GC(1) Eden regions: 20->0(46)
[2025-07-16T15:08:49.568+0000][67][info ][gc,heap     ] GC(1) Survivor regions: 4->3(7)
[2025-07-16T15:08:49.569+0000][67][info ][gc,heap     ] GC(1) Old regions: 0->0
[2025-07-16T15:08:49.569+0000][67][info ][gc,heap     ] GC(1) Archive regions: 2->2
[2025-07-16T15:08:49.569+0000][67][info ][gc,heap     ] GC(1) Humongous regions: 0->0
[2025-07-16T15:08:49.569+0000][67][info ][gc,metaspace] GC(1) Metaspace: 21024K(21504K)->21024K(21504K) NonClass: 18678K(18944K)->18678K(18944K) Class: 2346K(2560K)->2346K(2560K)
[2025-07-16T15:08:49.569+0000][67][info ][gc          ] GC(1) Pause Young (Concurrent Start) (Metadata GC Threshold) 94M->15M(3920M) 18.905ms
[2025-07-16T15:08:49.569+0000][67][info ][gc,cpu      ] GC(1) User=0.03s Sys=0.00s Real=0.02s
[2025-07-16T15:08:49.569+0000][67][info ][gc          ] GC(2) Concurrent Mark Cycle
[2025-07-16T15:08:49.569+0000][67][info ][gc,marking  ] GC(2) Concurrent Scan Root Regions
[2025-07-16T15:08:49.569+0000][67][info ][safepoint   ] Safepoint "CollectForMetadataAllocation", Time since last: 305458292 ns, Reaching safepoint: 2500 ns, Cleanup: 192583 ns, At safepoint: 19362125 ns, Total: 19557208 ns
[2025-07-16T15:08:49.574+0000][67][info ][gc,marking  ] GC(2) Concurrent Scan Root Regions 5.163ms
[2025-07-16T15:08:49.574+0000][67][info ][gc,marking  ] GC(2) Concurrent Mark
[2025-07-16T15:08:49.575+0000][67][info ][gc,marking  ] GC(2) Concurrent Mark From Roots
[2025-07-16T15:08:49.575+0000][67][info ][gc,task     ] GC(2) Using 2 workers of 2 for marking
[2025-07-16T15:08:49.575+0000][67][info ][gc,marking  ] GC(2) Concurrent Mark From Roots 0.929ms
[2025-07-16T15:08:49.576+0000][67][info ][gc,marking  ] GC(2) Concurrent Preclean
[2025-07-16T15:08:49.576+0000][67][info ][gc,marking  ] GC(2) Concurrent Preclean 0.172ms
[2025-07-16T15:08:49.578+0000][67][info ][gc,start    ] GC(2) Pause Remark
[2025-07-16T15:08:49.581+0000][67][info ][gc          ] GC(2) Pause Remark 18M->18M(3920M) 3.094ms
[2025-07-16T15:08:49.582+0000][67][info ][gc,cpu      ] GC(2) User=0.01s Sys=0.00s Real=0.00s
[2025-07-16T15:08:49.582+0000][67][info ][safepoint   ] Safepoint "G1PauseRemark", Time since last: 7738500 ns, Reaching safepoint: 683459 ns, Cleanup: 80916 ns, At safepoint: 3942167 ns, Total: 4706542 ns
[2025-07-16T15:08:49.584+0000][67][info ][gc,marking  ] GC(2) Concurrent Mark 9.247ms
[2025-07-16T15:08:49.584+0000][67][info ][gc,marking  ] GC(2) Concurrent Rebuild Remembered Sets and Scrub Regions
[2025-07-16T15:08:49.584+0000][67][info ][gc,marking  ] GC(2) Concurrent Rebuild Remembered Sets and Scrub Regions 0.260ms
[2025-07-16T15:08:49.585+0000][67][info ][gc,start    ] GC(2) Pause Cleanup
[2025-07-16T15:08:49.585+0000][67][info ][gc          ] GC(2) Pause Cleanup 18M->18M(3920M) 0.062ms
[2025-07-16T15:08:49.585+0000][67][info ][gc,cpu      ] GC(2) User=0.00s Sys=0.00s Real=0.00s
[2025-07-16T15:08:49.585+0000][67][info ][safepoint   ] Safepoint "G1PauseCleanup", Time since last: 2454458 ns, Reaching safepoint: 539417 ns, Cleanup: 68333 ns, At safepoint: 246292 ns, Total: 854042 ns
[2025-07-16T15:08:49.586+0000][67][info ][gc,marking  ] GC(2) Concurrent Clear Claimed Marks
[2025-07-16T15:08:49.587+0000][67][info ][gc,marking  ] GC(2) Concurrent Clear Claimed Marks 0.952ms
[2025-07-16T15:08:49.587+0000][67][info ][gc,marking  ] GC(2) Concurrent Cleanup for Next Mark
[2025-07-16T15:08:49.590+0000][67][info ][gc,marking  ] GC(2) Concurrent Cleanup for Next Mark 3.165ms
[2025-07-16T15:08:49.590+0000][67][info ][gc          ] GC(2) Concurrent Mark Cycle 21.489ms
[2025-07-16T15:08:49.791+0000][67][info ][safepoint   ] Safepoint "ICBufferFull", Time since last: 205961959 ns, Reaching safepoint: 7500 ns, Cleanup: 316750 ns, At safepoint: 2875 ns, Total: 327125 ns
[2025-07-16T15:08:50.021+0000][67][info ][safepoint   ] Safepoint "ICBufferFull", Time since last: 228540666 ns, Reaching safepoint: 822375 ns, Cleanup: 223167 ns, At safepoint: 22833 ns, Total: 1068375 ns
[2025-07-16T15:08:50.433+0000][67][info ][gc,start    ] GC(3) Pause Young (Normal) (G1 Evacuation Pause)
[2025-07-16T15:08:50.433+0000][67][info ][gc,task     ] GC(3) Using 8 workers of 8 for evacuation
[2025-07-16T15:08:50.433+0000][67][debug][gc,age      ] GC(3) Desired survivor size 14680064 bytes, new threshold 15 (max threshold 15)
[2025-07-16T15:08:50.448+0000][67][info ][gc,phases   ] GC(3)   Pre Evacuate Collection Set: 0.7ms
[2025-07-16T15:08:50.448+0000][67][info ][gc,phases   ] GC(3)   Merge Heap Roots: 0.7ms
[2025-07-16T15:08:50.448+0000][67][info ][gc,phases   ] GC(3)   Evacuate Collection Set: 11.0ms
[2025-07-16T15:08:50.448+0000][67][info ][gc,phases   ] GC(3)   Post Evacuate Collection Set: 1.5ms
[2025-07-16T15:08:50.448+0000][67][info ][gc,phases   ] GC(3)   Other: 0.7ms
[2025-07-16T15:08:50.448+0000][67][trace][gc,age      ] GC(3) Age table with threshold 15 (max threshold 15)
[2025-07-16T15:08:50.448+0000][67][trace][gc,age      ] GC(3) - age   1:    6265760 bytes,    6265760 total
[2025-07-16T15:08:50.448+0000][67][trace][gc,age      ] GC(3) - age   2:    1168608 bytes,    7434368 total
[2025-07-16T15:08:50.448+0000][67][trace][gc,age      ] GC(3) - age   3:    9783760 bytes,   17218128 total
[2025-07-16T15:08:50.448+0000][67][info ][gc,heap     ] GC(3) Eden regions: 46->0(70)
[2025-07-16T15:08:50.448+0000][67][info ][gc,heap     ] GC(3) Survivor regions: 3->5(7)
[2025-07-16T15:08:50.448+0000][67][info ][gc,heap     ] GC(3) Old regions: 0->0
[2025-07-16T15:08:50.448+0000][67][info ][gc,heap     ] GC(3) Archive regions: 2->2
[2025-07-16T15:08:50.448+0000][67][info ][gc,heap     ] GC(3) Humongous regions: 0->0
[2025-07-16T15:08:50.448+0000][67][info ][gc,metaspace] GC(3) Metaspace: 25361K(26048K)->25361K(26048K) NonClass: 22398K(22784K)->22398K(22784K) Class: 2962K(3264K)->2962K(3264K)
[2025-07-16T15:08:50.449+0000][67][info ][gc          ] GC(3) Pause Young (Normal) (G1 Evacuation Pause) 199M->22M(3920M) 15.724ms
[2025-07-16T15:08:50.449+0000][67][info ][gc,cpu      ] GC(3) User=0.04s Sys=0.02s Real=0.01s
[2025-07-16T15:08:50.449+0000][67][info ][safepoint   ] Safepoint "G1CollectForAllocation", Time since last: 411653917 ns, Reaching safepoint: 6750 ns, Cleanup: 242417 ns, At safepoint: 15921833 ns, Total: 16171000 ns
[2025-07-16T15:08:50.647+0000][67][info ][safepoint   ] Safepoint "ICBufferFull", Time since last: 198383750 ns, Reaching safepoint: 3750 ns, Cleanup: 183834 ns, At safepoint: 8166 ns, Total: 195750 ns
[2025-07-16T15:08:50.922+0000][67][info ][gc,start    ] GC(4) Pause Young (Normal) (G1 Evacuation Pause)
[2025-07-16T15:08:50.922+0000][67][info ][gc,task     ] GC(4) Using 8 workers of 8 for evacuation
[2025-07-16T15:08:50.922+0000][67][debug][gc,age      ] GC(4) Desired survivor size 20971520 bytes, new threshold 15 (max threshold 15)
[2025-07-16T15:08:50.935+0000][67][info ][gc,phases   ] GC(4)   Pre Evacuate Collection Set: 0.3ms
[2025-07-16T15:08:50.935+0000][67][info ][gc,phases   ] GC(4)   Merge Heap Roots: 0.1ms
[2025-07-16T15:08:50.935+0000][67][info ][gc,phases   ] GC(4)   Evacuate Collection Set: 11.4ms
[2025-07-16T15:08:50.935+0000][67][info ][gc,phases   ] GC(4)   Post Evacuate Collection Set: 1.2ms
[2025-07-16T15:08:50.935+0000][67][info ][gc,phases   ] GC(4)   Other: 0.2ms
[2025-07-16T15:08:50.935+0000][67][trace][gc,age      ] GC(4) Age table with threshold 15 (max threshold 15)
[2025-07-16T15:08:50.935+0000][67][trace][gc,age      ] GC(4) - age   1:    4845872 bytes,    4845872 total
[2025-07-16T15:08:50.935+0000][67][trace][gc,age      ] GC(4) - age   2:    5095632 bytes,    9941504 total
[2025-07-16T15:08:50.936+0000][67][trace][gc,age      ] GC(4) - age   3:    1168576 bytes,   11110080 total
[2025-07-16T15:08:50.936+0000][67][trace][gc,age      ] GC(4) - age   4:    9783472 bytes,   20893552 total
[2025-07-16T15:08:50.936+0000][67][info ][gc,heap     ] GC(4) Eden regions: 70->0(582)
[2025-07-16T15:08:50.936+0000][67][info ][gc,heap     ] GC(4) Survivor regions: 5->6(10)
[2025-07-16T15:08:50.936+0000][67][info ][gc,heap     ] GC(4) Old regions: 0->0
[2025-07-16T15:08:50.936+0000][67][info ][gc,heap     ] GC(4) Archive regions: 2->2
[2025-07-16T15:08:50.936+0000][67][info ][gc,heap     ] GC(4) Humongous regions: 0->0
[2025-07-16T15:08:50.936+0000][67][info ][gc,metaspace] GC(4) Metaspace: 26269K(26880K)->26269K(26880K) NonClass: 23195K(23552K)->23195K(23552K) Class: 3074K(3328K)->3074K(3328K)
[2025-07-16T15:08:50.936+0000][67][info ][gc          ] GC(4) Pause Young (Normal) (G1 Evacuation Pause) 302M->25M(3920M) 14.121ms
[2025-07-16T15:08:50.936+0000][67][info ][gc,cpu      ] GC(4) User=0.06s Sys=0.02s Real=0.02s
[2025-07-16T15:08:50.936+0000][67][info ][safepoint   ] Safepoint "G1CollectForAllocation", Time since last: 274285709 ns, Reaching safepoint: 3791 ns, Cleanup: 205292 ns, At safepoint: 14223292 ns, Total: 14432375 ns
[2025-07-16T15:08:51.100+0000][67][info ][safepoint   ] Safepoint "ICBufferFull", Time since last: 169413582 ns, Reaching safepoint: 3625 ns, Cleanup: 161167 ns, At safepoint: 8083 ns, Total: 172875 ns
[2025-07-16T15:08:51.654+0000][67][info ][safepoint   ] Safepoint "ICBufferFull", Time since last: 553563250 ns, Reaching safepoint: 3167 ns, Cleanup: 178667 ns, At safepoint: 6541 ns, Total: 188375 ns
[2025-07-16T15:08:52.504+0000][67][info ][safepoint   ] Safepoint "ICBufferFull", Time since last: 850108001 ns, Reaching safepoint: 3333 ns, Cleanup: 298709 ns, At safepoint: 8458 ns, Total: 310500 ns
[2025-07-16T15:08:52.582+0000][67][info ][gc,start    ] GC(5) Pause Young (Concurrent Start) (Metadata GC Threshold)
[2025-07-16T15:08:52.583+0000][67][info ][gc,task     ] GC(5) Using 8 workers of 8 for evacuation
[2025-07-16T15:08:52.583+0000][67][debug][gc,age      ] GC(5) Desired survivor size 155189248 bytes, new threshold 15 (max threshold 15)
[2025-07-16T15:08:52.602+0000][67][info ][gc,phases   ] GC(5)   Pre Evacuate Collection Set: 0.4ms
[2025-07-16T15:08:52.602+0000][67][info ][gc,phases   ] GC(5)   Merge Heap Roots: 0.1ms
[2025-07-16T15:08:52.602+0000][67][info ][gc,phases   ] GC(5)   Evacuate Collection Set: 16.3ms
[2025-07-16T15:08:52.602+0000][67][info ][gc,phases   ] GC(5)   Post Evacuate Collection Set: 1.7ms
[2025-07-16T15:08:52.602+0000][67][info ][gc,phases   ] GC(5)   Other: 0.4ms
[2025-07-16T15:08:52.602+0000][67][trace][gc,age      ] GC(5) Age table with threshold 15 (max threshold 15)
[2025-07-16T15:08:52.602+0000][67][trace][gc,age      ] GC(5) - age   1:   12132040 bytes,   12132040 total
[2025-07-16T15:08:52.602+0000][67][trace][gc,age      ] GC(5) - age   2:    2619792 bytes,   14751832 total
[2025-07-16T15:08:52.602+0000][67][trace][gc,age      ] GC(5) - age   3:    5075664 bytes,   19827496 total
[2025-07-16T15:08:52.602+0000][67][trace][gc,age      ] GC(5) - age   4:    1164152 bytes,   20991648 total
[2025-07-16T15:08:52.602+0000][67][trace][gc,age      ] GC(5) - age   5:    9624952 bytes,   30616600 total
[2025-07-16T15:08:52.602+0000][67][info ][gc,heap     ] GC(5) Eden regions: 168->0(192)
[2025-07-16T15:08:52.602+0000][67][info ][gc,heap     ] GC(5) Survivor regions: 6->8(74)
[2025-07-16T15:08:52.602+0000][67][info ][gc,heap     ] GC(5) Old regions: 0->0
[2025-07-16T15:08:52.603+0000][67][info ][gc,heap     ] GC(5) Archive regions: 2->2
[2025-07-16T15:08:52.603+0000][67][info ][gc,heap     ] GC(5) Humongous regions: 0->0
[2025-07-16T15:08:52.603+0000][67][info ][gc,metaspace] GC(5) Metaspace: 35297K(36160K)->35297K(36160K) NonClass: 31166K(31680K)->31166K(31680K) Class: 4131K(4480K)->4131K(4480K)
[2025-07-16T15:08:52.603+0000][67][info ][gc          ] GC(5) Pause Young (Concurrent Start) (Metadata GC Threshold) 695M->35M(3920M) 20.556ms
[2025-07-16T15:08:52.603+0000][67][info ][gc,cpu      ] GC(5) User=0.10s Sys=0.02s Real=0.02s
[2025-07-16T15:08:52.603+0000][67][info ][gc          ] GC(6) Concurrent Mark Cycle
[2025-07-16T15:08:52.603+0000][67][info ][safepoint   ] Safepoint "CollectForMetadataAllocation", Time since last: 77816958 ns, Reaching safepoint: 2542 ns, Cleanup: 111833 ns, At safepoint: 21077334 ns, Total: 21191709 ns
[2025-07-16T15:08:52.603+0000][67][info ][gc,marking  ] GC(6) Concurrent Scan Root Regions
[2025-07-16T15:08:52.609+0000][67][info ][gc,marking  ] GC(6) Concurrent Scan Root Regions 5.785ms
[2025-07-16T15:08:52.609+0000][67][info ][gc,marking  ] GC(6) Concurrent Mark
[2025-07-16T15:08:52.609+0000][67][info ][gc,marking  ] GC(6) Concurrent Mark From Roots
[2025-07-16T15:08:52.609+0000][67][info ][gc,task     ] GC(6) Using 2 workers of 2 for marking
[2025-07-16T15:08:52.612+0000][67][info ][gc,marking  ] GC(6) Concurrent Mark From Roots 2.598ms
[2025-07-16T15:08:52.612+0000][67][info ][gc,marking  ] GC(6) Concurrent Preclean
[2025-07-16T15:08:52.612+0000][67][info ][gc,marking  ] GC(6) Concurrent Preclean 0.118ms
[2025-07-16T15:08:52.613+0000][67][info ][gc,start    ] GC(6) Pause Remark
[2025-07-16T15:08:52.618+0000][67][info ][gc          ] GC(6) Pause Remark 39M->39M(3920M) 4.326ms
[2025-07-16T15:08:52.618+0000][67][info ][gc,cpu      ] GC(6) User=0.01s Sys=0.00s Real=0.01s
[2025-07-16T15:08:52.618+0000][67][info ][safepoint   ] Safepoint "G1PauseRemark", Time since last: 9094583 ns, Reaching safepoint: 786000 ns, Cleanup: 52625 ns, At safepoint: 4489292 ns, Total: 5327917 ns
[2025-07-16T15:08:52.619+0000][67][info ][gc,marking  ] GC(6) Concurrent Mark 9.275ms
[2025-07-16T15:08:52.619+0000][67][info ][gc,marking  ] GC(6) Concurrent Rebuild Remembered Sets and Scrub Regions
[2025-07-16T15:08:52.619+0000][67][info ][gc,marking  ] GC(6) Concurrent Rebuild Remembered Sets and Scrub Regions 0.237ms
[2025-07-16T15:08:52.619+0000][67][info ][gc,start    ] GC(6) Pause Cleanup
[2025-07-16T15:08:52.619+0000][67][info ][gc          ] GC(6) Pause Cleanup 39M->39M(3920M) 0.064ms
[2025-07-16T15:08:52.619+0000][67][info ][gc,cpu      ] GC(6) User=0.00s Sys=0.00s Real=0.00s
[2025-07-16T15:08:52.620+0000][67][info ][safepoint   ] Safepoint "G1PauseCleanup", Time since last: 1202083 ns, Reaching safepoint: 2375 ns, Cleanup: 42125 ns, At safepoint: 800333 ns, Total: 844833 ns
[2025-07-16T15:08:52.620+0000][67][info ][gc,marking  ] GC(6) Concurrent Clear Claimed Marks
[2025-07-16T15:08:52.620+0000][67][info ][gc,marking  ] GC(6) Concurrent Clear Claimed Marks 0.073ms
[2025-07-16T15:08:52.620+0000][67][info ][gc,marking  ] GC(6) Concurrent Cleanup for Next Mark
[2025-07-16T15:08:52.626+0000][67][info ][gc,marking  ] GC(6) Concurrent Cleanup for Next Mark 6.297ms
[2025-07-16T15:08:52.626+0000][67][info ][gc          ] GC(6) Concurrent Mark Cycle 23.375ms
[2025-07-16T15:08:53.024+0000][67][info ][safepoint   ] Safepoint "ICBufferFull", Time since last: 404023584 ns, Reaching safepoint: 2958 ns, Cleanup: 202333 ns, At safepoint: 5375 ns, Total: 210666 ns
[2025-07-16T15:08:53.163+0000][67][info ][safepoint   ] Safepoint "ICBufferFull", Time since last: 139212125 ns, Reaching safepoint: 2625 ns, Cleanup: 188875 ns, At safepoint: 8500 ns, Total: 200000 ns
[2025-07-16T15:08:53.339+0000][67][info ][safepoint   ] Safepoint "ICBufferFull", Time since last: 175357167 ns, Reaching safepoint: 3500 ns, Cleanup: 155917 ns, At safepoint: 8667 ns, Total: 168084 ns
[2025-07-16T15:08:53.624+0000][67][info ][safepoint   ] Safepoint "ICBufferFull", Time since last: 284674708 ns, Reaching safepoint: 3458 ns, Cleanup: 152625 ns, At safepoint: 12250 ns, Total: 168333 ns
[2025-07-16T15:08:54.360+0000][67][info ][safepoint   ] Safepoint "ICBufferFull", Time since last: 735744292 ns, Reaching safepoint: 46084 ns, Cleanup: 180375 ns, At safepoint: 6833 ns, Total: 233292 ns
[2025-07-16T15:08:54.957+0000][67][info ][safepoint   ] Safepoint "ICBufferFull", Time since last: 597002125 ns, Reaching safepoint: 4667 ns, Cleanup: 218750 ns, At safepoint: 9792 ns, Total: 233209 ns
[2025-07-16T15:08:55.226+0000][67][info ][safepoint   ] Safepoint "ICBufferFull", Time since last: 268866666 ns, Reaching safepoint: 3667 ns, Cleanup: 236167 ns, At safepoint: 2791 ns, Total: 242625 ns
[2025-07-16T15:08:55.419+0000][67][info ][safepoint   ] Safepoint "ICBufferFull", Time since last: 192707834 ns, Reaching safepoint: 3083 ns, Cleanup: 170000 ns, At safepoint: 4417 ns, Total: 177500 ns
[2025-07-16T15:08:56.010+0000][67][info ][gc,start    ] GC(7) Pause Young (Concurrent Start) (Metadata GC Threshold)
[2025-07-16T15:08:56.015+0000][67][info ][gc,task     ] GC(7) Using 8 workers of 8 for evacuation
[2025-07-16T15:08:56.015+0000][67][debug][gc,age      ] GC(7) Desired survivor size 52428800 bytes, new threshold 15 (max threshold 15)
[2025-07-16T15:08:56.082+0000][67][info ][gc,phases   ] GC(7)   Pre Evacuate Collection Set: 2.1ms
[2025-07-16T15:08:56.082+0000][67][info ][gc,phases   ] GC(7)   Merge Heap Roots: 0.3ms
[2025-07-16T15:08:56.082+0000][67][info ][gc,phases   ] GC(7)   Evacuate Collection Set: 50.5ms
[2025-07-16T15:08:56.082+0000][67][info ][gc,phases   ] GC(7)   Post Evacuate Collection Set: 8.9ms
[2025-07-16T15:08:56.083+0000][67][info ][gc,phases   ] GC(7)   Other: 4.9ms
[2025-07-16T15:08:56.083+0000][67][trace][gc,age      ] GC(7) Age table with threshold 15 (max threshold 15)
[2025-07-16T15:08:56.083+0000][67][trace][gc,age      ] GC(7) - age   1:   25238304 bytes,   25238304 total
[2025-07-16T15:08:56.084+0000][67][trace][gc,age      ] GC(7) - age   2:   12023856 bytes,   37262160 total
[2025-07-16T15:08:56.084+0000][67][trace][gc,age      ] GC(7) - age   3:    2613184 bytes,   39875344 total
[2025-07-16T15:08:56.084+0000][67][trace][gc,age      ] GC(7) - age   4:    5053456 bytes,   44928800 total
[2025-07-16T15:08:56.084+0000][67][trace][gc,age      ] GC(7) - age   5:    1159232 bytes,   46088032 total
[2025-07-16T15:08:56.084+0000][67][trace][gc,age      ] GC(7) - age   6:    9550304 bytes,   55638336 total
[2025-07-16T15:08:56.085+0000][67][info ][gc,heap     ] GC(7) Eden regions: 115->0(162)
[2025-07-16T15:08:56.085+0000][67][info ][gc,heap     ] GC(7) Survivor regions: 8->15(25)
[2025-07-16T15:08:56.086+0000][67][info ][gc,heap     ] GC(7) Old regions: 0->0
[2025-07-16T15:08:56.086+0000][67][info ][gc,heap     ] GC(7) Archive regions: 2->2
[2025-07-16T15:08:56.087+0000][67][info ][gc,heap     ] GC(7) Humongous regions: 0->0
[2025-07-16T15:08:56.087+0000][67][info ][gc,metaspace] GC(7) Metaspace: 59128K(60480K)->59128K(60480K) NonClass: 51702K(52544K)->51702K(52544K) Class: 7425K(7936K)->7425K(7936K)
[2025-07-16T15:08:56.087+0000][67][info ][gc          ] GC(7) Pause Young (Concurrent Start) (Metadata GC Threshold) 495M->61M(3920M) 77.128ms
[2025-07-16T15:08:56.087+0000][67][info ][gc,cpu      ] GC(7) User=0.13s Sys=0.06s Real=0.08s
[2025-07-16T15:08:56.087+0000][67][info ][gc          ] GC(8) Concurrent Mark Cycle
[2025-07-16T15:08:56.088+0000][67][info ][gc,marking  ] GC(8) Concurrent Scan Root Regions
[2025-07-16T15:08:56.088+0000][67][info ][safepoint   ] Safepoint "CollectForMetadataAllocation", Time since last: 587994417 ns, Reaching safepoint: 41208 ns, Cleanup: 252042 ns, At safepoint: 80623125 ns, Total: 80916375 ns
[2025-07-16T15:08:56.104+0000][67][info ][gc,marking  ] GC(8) Concurrent Scan Root Regions 15.248ms
[2025-07-16T15:08:56.105+0000][67][info ][gc,marking  ] GC(8) Concurrent Mark
[2025-07-16T15:08:56.105+0000][67][info ][gc,marking  ] GC(8) Concurrent Mark From Roots
[2025-07-16T15:08:56.105+0000][67][info ][gc,task     ] GC(8) Using 2 workers of 2 for marking
[2025-07-16T15:08:56.111+0000][67][info ][gc,marking  ] GC(8) Concurrent Mark From Roots 6.568ms
[2025-07-16T15:08:56.112+0000][67][info ][gc,marking  ] GC(8) Concurrent Preclean
[2025-07-16T15:08:56.112+0000][67][info ][gc,marking  ] GC(8) Concurrent Preclean 0.246ms
[2025-07-16T15:08:56.119+0000][67][info ][gc,start    ] GC(8) Pause Remark
[2025-07-16T15:08:56.130+0000][67][info ][gc          ] GC(8) Pause Remark 64M->64M(3920M) 11.075ms
[2025-07-16T15:08:56.130+0000][67][info ][gc,cpu      ] GC(8) User=0.02s Sys=0.00s Real=0.01s
[2025-07-16T15:08:56.130+0000][67][info ][safepoint   ] Safepoint "G1PauseRemark", Time since last: 29150542 ns, Reaching safepoint: 1422041 ns, Cleanup: 218667 ns, At safepoint: 11551583 ns, Total: 13192291 ns
[2025-07-16T15:08:56.136+0000][67][info ][gc,marking  ] GC(8) Concurrent Mark 31.240ms
[2025-07-16T15:08:56.136+0000][67][info ][gc,marking  ] GC(8) Concurrent Rebuild Remembered Sets and Scrub Regions
[2025-07-16T15:08:56.137+0000][67][info ][gc,marking  ] GC(8) Concurrent Rebuild Remembered Sets and Scrub Regions 0.977ms
[2025-07-16T15:08:56.138+0000][67][info ][gc,start    ] GC(8) Pause Cleanup
[2025-07-16T15:08:56.139+0000][67][info ][gc          ] GC(8) Pause Cleanup 64M->64M(3920M) 0.544ms
[2025-07-16T15:08:56.139+0000][67][info ][gc,cpu      ] GC(8) User=0.00s Sys=0.00s Real=0.00s
[2025-07-16T15:08:56.141+0000][67][info ][safepoint   ] Safepoint "G1PauseCleanup", Time since last: 7736334 ns, Reaching safepoint: 425666 ns, Cleanup: 40250 ns, At safepoint: 2690000 ns, Total: 3155916 ns
[2025-07-16T15:08:56.142+0000][67][info ][gc,marking  ] GC(8) Concurrent Clear Claimed Marks
[2025-07-16T15:08:56.143+0000][67][info ][gc,marking  ] GC(8) Concurrent Clear Claimed Marks 0.938ms
[2025-07-16T15:08:56.144+0000][67][info ][gc,marking  ] GC(8) Concurrent Cleanup for Next Mark
[2025-07-16T15:08:56.152+0000][67][info ][gc,marking  ] GC(8) Concurrent Cleanup for Next Mark 8.496ms
[2025-07-16T15:08:56.155+0000][67][info ][gc          ] GC(8) Concurrent Mark Cycle 67.555ms
[2025-07-16T15:08:57.145+0000][67][info ][safepoint   ] Safepoint "Cleanup", Time since last: 1002596417 ns, Reaching safepoint: 32000 ns, Cleanup: 898375 ns, At safepoint: 18209 ns, Total: 948584 ns
[2025-07-16T15:08:58.094+0000][67][info ][safepoint   ] Safepoint "ICBufferFull", Time since last: 947931542 ns, Reaching safepoint: 4917 ns, Cleanup: 1084125 ns, At safepoint: 3875 ns, Total: 1092917 ns
[2025-07-16T15:08:59.215+0000][67][info ][safepoint   ] Safepoint "Cleanup", Time since last: 1116015708 ns, Reaching safepoint: 4875 ns, Cleanup: 4351917 ns, At safepoint: 20375 ns, Total: 4377167 ns
[2025-07-16T15:08:59.848+0000][67][info ][safepoint   ] Safepoint "ICBufferFull", Time since last: 633365917 ns, Reaching safepoint: 4167 ns, Cleanup: 530625 ns, At safepoint: 3208 ns, Total: 538000 ns
[2025-07-16T15:09:00.327+0000][67][info ][safepoint   ] Safepoint "ICBufferFull", Time since last: 474848959 ns, Reaching safepoint: 45375 ns, Cleanup: 3848875 ns, At safepoint: 13333 ns, Total: 3907583 ns
[2025-07-16T15:09:00.514+0000][67][info ][gc,start    ] GC(9) Pause Young (Concurrent Start) (Metadata GC Threshold)
[2025-07-16T15:09:00.519+0000][67][info ][gc,task     ] GC(9) Using 8 workers of 8 for evacuation
[2025-07-16T15:09:00.520+0000][67][debug][gc,age      ] GC(9) Desired survivor size 48234496 bytes, new threshold 6 (max threshold 15)
[2025-07-16T15:09:00.718+0000][67][info ][gc,phases   ] GC(9)   Pre Evacuate Collection Set: 4.3ms
[2025-07-16T15:09:00.725+0000][67][info ][gc,phases   ] GC(9)   Merge Heap Roots: 1.3ms
[2025-07-16T15:09:00.725+0000][67][info ][gc,phases   ] GC(9)   Evacuate Collection Set: 156.8ms
[2025-07-16T15:09:00.726+0000][67][info ][gc,phases   ] GC(9)   Post Evacuate Collection Set: 26.6ms
[2025-07-16T15:09:00.728+0000][67][info ][gc,phases   ] GC(9)   Other: 6.6ms
[2025-07-16T15:09:00.728+0000][67][trace][gc,age      ] GC(9) Age table with threshold 6 (max threshold 15)
[2025-07-16T15:09:00.729+0000][67][trace][gc,age      ] GC(9) - age   1:   16375664 bytes,   16375664 total
[2025-07-16T15:09:00.730+0000][67][trace][gc,age      ] GC(9) - age   2:   24721000 bytes,   41096664 total
[2025-07-16T15:09:00.733+0000][67][trace][gc,age      ] GC(9) - age   3:   11945024 bytes,   53041688 total
[2025-07-16T15:09:00.734+0000][67][trace][gc,age      ] GC(9) - age   4:    2602616 bytes,   55644304 total
[2025-07-16T15:09:00.736+0000][67][trace][gc,age      ] GC(9) - age   5:    5036072 bytes,   60680376 total
[2025-07-16T15:09:00.736+0000][67][trace][gc,age      ] GC(9) - age   6:    1152888 bytes,   61833264 total
[2025-07-16T15:09:00.742+0000][67][info ][gc,heap     ] GC(9) Eden regions: 117->0(32)
[2025-07-16T15:09:00.742+0000][67][info ][gc,heap     ] GC(9) Survivor regions: 15->17(23)
[2025-07-16T15:09:00.742+0000][67][info ][gc,heap     ] GC(9) Old regions: 0->3
[2025-07-16T15:09:00.742+0000][67][info ][gc,heap     ] GC(9) Archive regions: 2->2
[2025-07-16T15:09:00.742+0000][67][info ][gc,heap     ] GC(9) Humongous regions: 0->0
[2025-07-16T15:09:00.744+0000][67][info ][gc,metaspace] GC(9) Metaspace: 98631K(101056K)->98631K(101056K) NonClass: 85486K(86784K)->85486K(86784K) Class: 13144K(14272K)->13144K(14272K)
[2025-07-16T15:09:00.764+0000][67][info ][gc          ] GC(9) Pause Young (Concurrent Start) (Metadata GC Threshold) 529M->78M(3920M) 250.475ms
[2025-07-16T15:09:00.765+0000][67][info ][gc          ] GC(10) Concurrent Mark Cycle
[2025-07-16T15:09:00.765+0000][67][info ][gc,marking  ] GC(10) Concurrent Scan Root Regions
[2025-07-16T15:09:00.765+0000][67][info ][gc,cpu      ] GC(9) User=0.36s Sys=0.28s Real=0.25s
[2025-07-16T15:09:00.780+0000][67][info ][safepoint   ] Safepoint "CollectForMetadataAllocation", Time since last: 178623208 ns, Reaching safepoint: 6292 ns, Cleanup: 5482792 ns, At safepoint: 268873041 ns, Total: 274362125 ns
[2025-07-16T15:09:00.803+0000][67][info ][gc,marking  ] GC(10) Concurrent Scan Root Regions 37.409ms
[2025-07-16T15:09:00.805+0000][67][info ][gc,marking  ] GC(10) Concurrent Mark
[2025-07-16T15:09:00.805+0000][67][info ][gc,marking  ] GC(10) Concurrent Mark From Roots
[2025-07-16T15:09:00.805+0000][67][info ][gc,task     ] GC(10) Using 2 workers of 2 for marking
[2025-07-16T15:09:00.811+0000][67][info ][gc,marking  ] GC(10) Concurrent Mark From Roots 6.843ms
[2025-07-16T15:09:00.812+0000][67][info ][gc,marking  ] GC(10) Concurrent Preclean
[2025-07-16T15:09:00.812+0000][67][info ][gc,marking  ] GC(10) Concurrent Preclean 0.339ms
[2025-07-16T15:09:00.823+0000][67][info ][gc,start    ] GC(10) Pause Remark
[2025-07-16T15:09:00.839+0000][67][info ][gc          ] GC(10) Pause Remark 82M->82M(3920M) 16.135ms
[2025-07-16T15:09:00.840+0000][67][info ][gc,cpu      ] GC(10) User=0.02s Sys=0.01s Real=0.02s
[2025-07-16T15:09:00.842+0000][67][info ][safepoint   ] Safepoint "G1PauseRemark", Time since last: 32801084 ns, Reaching safepoint: 1007583 ns, Cleanup: 9609417 ns, At safepoint: 17269666 ns, Total: 27886666 ns
[2025-07-16T15:09:00.843+0000][67][info ][gc,marking  ] GC(10) Concurrent Mark 38.533ms
[2025-07-16T15:09:00.846+0000][67][info ][gc,marking  ] GC(10) Concurrent Rebuild Remembered Sets and Scrub Regions
[2025-07-16T15:09:00.851+0000][67][info ][gc,marking  ] GC(10) Concurrent Rebuild Remembered Sets and Scrub Regions 5.980ms
[2025-07-16T15:09:00.855+0000][67][info ][gc,start    ] GC(10) Pause Cleanup
[2025-07-16T15:09:00.858+0000][67][info ][gc          ] GC(10) Pause Cleanup 82M->82M(3920M) 2.778ms
[2025-07-16T15:09:00.858+0000][67][info ][gc,cpu      ] GC(10) User=0.00s Sys=0.01s Real=0.01s
[2025-07-16T15:09:00.859+0000][67][info ][safepoint   ] Safepoint "G1PauseCleanup", Time since last: 14327459 ns, Reaching safepoint: 41375 ns, Cleanup: 203541 ns, At safepoint: 4406417 ns, Total: 4651333 ns
[2025-07-16T15:09:00.863+0000][67][info ][gc,marking  ] GC(10) Concurrent Clear Claimed Marks
[2025-07-16T15:09:00.864+0000][67][info ][gc,marking  ] GC(10) Concurrent Clear Claimed Marks 0.762ms
[2025-07-16T15:09:00.865+0000][67][info ][gc,marking  ] GC(10) Concurrent Cleanup for Next Mark
[2025-07-16T15:09:00.886+0000][67][info ][gc,marking  ] GC(10) Concurrent Cleanup for Next Mark 21.395ms
[2025-07-16T15:09:00.887+0000][67][info ][gc          ] GC(10) Concurrent Mark Cycle 122.233ms
[2025-07-16T15:09:01.888+0000][67][info ][safepoint   ] Safepoint "Cleanup", Time since last: 1005875501 ns, Reaching safepoint: 13380166 ns, Cleanup: 7536084 ns, At safepoint: 18041 ns, Total: 20934291 ns
[2025-07-16T15:09:02.900+0000][67][info ][safepoint   ] Safepoint "Cleanup", Time since last: 1011306126 ns, Reaching safepoint: 634500 ns, Cleanup: 1018583 ns, At safepoint: 14542 ns, Total: 1667625 ns
[2025-07-16T15:09:03.923+0000][67][info ][safepoint   ] Safepoint "Cleanup", Time since last: 1012809959 ns, Reaching safepoint: 6079625 ns, Cleanup: 4136708 ns, At safepoint: 25958 ns, Total: 10242291 ns
[2025-07-16T15:09:04.957+0000][67][info ][safepoint   ] Safepoint "Cleanup", Time since last: 1019160959 ns, Reaching safepoint: 6882667 ns, Cleanup: 4912166 ns, At safepoint: 18375 ns, Total: 11813208 ns
[2025-07-16T15:09:07.141+0000][67][info ][safepoint   ] Safepoint "Cleanup", Time since last: 2126300876 ns, Reaching safepoint: 23915459 ns, Cleanup: 28511916 ns, At safepoint: 514667 ns, Total: 52942042 ns
[2025-07-16T15:09:08.171+0000][67][info ][safepoint   ] Safepoint "Cleanup", Time since last: 1025252751 ns, Reaching safepoint: 1023250 ns, Cleanup: 9330458 ns, At safepoint: 51167 ns, Total: 10404875 ns
[2025-07-16T15:09:09.189+0000][67][info ][safepoint   ] Safepoint "Cleanup", Time since last: 1015821958 ns, Reaching safepoint: 1845792 ns, Cleanup: 2608333 ns, At safepoint: 10125 ns, Total: 4464250 ns
[2025-07-16T15:09:10.209+0000][67][info ][safepoint   ] Safepoint "Cleanup", Time since last: 1013449334 ns, Reaching safepoint: 1785375 ns, Cleanup: 3742500 ns, At safepoint: 12792 ns, Total: 5540667 ns
