[2025-07-16T11:53:30.235+0000][66][info][gc,init] CardTable entry size: 512
[2025-07-16T11:53:30.235+0000][66][info][gc     ] Using G1
[2025-07-16T11:53:32.888+0000][66][info][gc,init] Version: 20.0.1+9-29 (release)
[2025-07-16T11:53:32.888+0000][66][info][gc,init] CPUs: 8 total, 8 available
[2025-07-16T11:53:32.888+0000][66][info][gc,init] Memory: 7837M
[2025-07-16T11:53:32.888+0000][66][info][gc,init] Large Page Support: Disabled
[2025-07-16T11:53:32.888+0000][66][info][gc,init] NUMA Support: Disabled
[2025-07-16T11:53:32.888+0000][66][info][gc,init] Compressed Oops: Enabled (Zero based)
[2025-07-16T11:53:32.888+0000][66][info][gc,init] Heap Region Size: 4M
[2025-07-16T11:53:32.888+0000][66][info][gc,init] Heap Min Capacity: 3920M
[2025-07-16T11:53:32.888+0000][66][info][gc,init] Heap Initial Capacity: 3920M
[2025-07-16T11:53:32.888+0000][66][info][gc,init] Heap Max Capacity: 3920M
[2025-07-16T11:53:32.888+0000][66][info][gc,init] Pre-touch: Enabled
[2025-07-16T11:53:32.888+0000][66][info][gc,init] Parallel Workers: 8
[2025-07-16T11:53:32.888+0000][66][info][gc,init] Concurrent Workers: 2
[2025-07-16T11:53:32.888+0000][66][info][gc,init] Concurrent Refinement Workers: 8
[2025-07-16T11:53:32.888+0000][66][info][gc,init] Periodic GC: Disabled
[2025-07-16T11:53:32.889+0000][66][info][gc,metaspace] CDS archive(s) mapped at: [0x0000000800000000-0x0000000800c80000-0x0000000800c80000), size 13107200, SharedBaseAddress: 0x0000000800000000, ArchiveRelocationMode: 0.
[2025-07-16T11:53:32.889+0000][66][info][gc,metaspace] Compressed class space mapped at: 0x0000000801000000-0x0000000841000000, reserved size: 1073741824
[2025-07-16T11:53:32.889+0000][66][info][gc,metaspace] Narrow klass base: 0x0000000800000000, Narrow klass shift: 0, Narrow klass range: 0x100000000
[2025-07-16T11:53:32.973+0000][66][info][safepoint   ] Safepoint "ICBufferFull", Time since last: 78127291 ns, Reaching safepoint: 544125 ns, Cleanup: 121000 ns, At safepoint: 13459 ns, Total: 678584 ns
[2025-07-16T11:53:33.086+0000][66][info][safepoint   ] Safepoint "ICBufferFull", Time since last: 113001833 ns, Reaching safepoint: 2292 ns, Cleanup: 158916 ns, At safepoint: 2000 ns, Total: 163208 ns
[2025-07-16T11:53:33.223+0000][66][info][safepoint   ] Safepoint "ICBufferFull", Time since last: 137122125 ns, Reaching safepoint: 1875 ns, Cleanup: 179917 ns, At safepoint: 6458 ns, Total: 188250 ns
[2025-07-16T11:53:33.333+0000][66][info][safepoint   ] Safepoint "ICBufferFull", Time since last: 109927459 ns, Reaching safepoint: 2375 ns, Cleanup: 153166 ns, At safepoint: 7584 ns, Total: 163125 ns
[2025-07-16T11:53:33.398+0000][66][info][safepoint   ] Safepoint "ICBufferFull", Time since last: 64341333 ns, Reaching safepoint: 1667 ns, Cleanup: 147000 ns, At safepoint: 11833 ns, Total: 160500 ns
[2025-07-16T11:53:33.564+0000][66][info][safepoint   ] Safepoint "ICBufferFull", Time since last: 165631875 ns, Reaching safepoint: 2625 ns, Cleanup: 137834 ns, At safepoint: 8666 ns, Total: 149125 ns
[2025-07-16T11:53:33.616+0000][66][info][safepoint   ] Safepoint "ICBufferFull", Time since last: 51987084 ns, Reaching safepoint: 2000 ns, Cleanup: 153208 ns, At safepoint: 9375 ns, Total: 164583 ns
[2025-07-16T11:53:33.776+0000][66][info][safepoint   ] Safepoint "ICBufferFull", Time since last: 160005375 ns, Reaching safepoint: 2917 ns, Cleanup: 236625 ns, At safepoint: 10041 ns, Total: 249583 ns
[2025-07-16T11:53:34.094+0000][66][info][safepoint   ] Safepoint "ICBufferFull", Time since last: 316867417 ns, Reaching safepoint: 3000 ns, Cleanup: 708959 ns, At safepoint: 13916 ns, Total: 725875 ns
[2025-07-16T11:53:34.243+0000][66][info][safepoint   ] Safepoint "ICBufferFull", Time since last: 149266417 ns, Reaching safepoint: 2583 ns, Cleanup: 152917 ns, At safepoint: 11000 ns, Total: 166500 ns
[2025-07-16T11:53:34.429+0000][66][info][safepoint   ] Safepoint "ICBufferFull", Time since last: 185306667 ns, Reaching safepoint: 2416 ns, Cleanup: 161917 ns, At safepoint: 6167 ns, Total: 170500 ns
[2025-07-16T11:53:34.450+0000][66][info][gc,start    ] GC(0) Pause Young (Normal) (G1 Evacuation Pause)
[2025-07-16T11:53:34.454+0000][66][info][gc,task     ] GC(0) Using 8 workers of 8 for evacuation
[2025-07-16T11:53:34.454+0000][66][debug][gc,age      ] GC(0) Desired survivor size 14680064 bytes, new threshold 15 (max threshold 15)
[2025-07-16T11:53:34.473+0000][66][info ][gc,phases   ] GC(0)   Pre Evacuate Collection Set: 1.4ms
[2025-07-16T11:53:34.473+0000][66][info ][gc,phases   ] GC(0)   Merge Heap Roots: 2.2ms
[2025-07-16T11:53:34.473+0000][66][info ][gc,phases   ] GC(0)   Evacuate Collection Set: 12.2ms
[2025-07-16T11:53:34.473+0000][66][info ][gc,phases   ] GC(0)   Post Evacuate Collection Set: 2.1ms
[2025-07-16T11:53:34.473+0000][66][info ][gc,phases   ] GC(0)   Other: 1.0ms
[2025-07-16T11:53:34.473+0000][66][trace][gc,age      ] GC(0) Age table with threshold 15 (max threshold 15)
[2025-07-16T11:53:34.473+0000][66][trace][gc,age      ] GC(0) - age   1:   11754192 bytes,   11754192 total
[2025-07-16T11:53:34.473+0000][66][info ][gc,heap     ] GC(0) Eden regions: 49->0(46)
[2025-07-16T11:53:34.473+0000][66][info ][gc,heap     ] GC(0) Survivor regions: 0->3(7)
[2025-07-16T11:53:34.473+0000][66][info ][gc,heap     ] GC(0) Old regions: 0->0
[2025-07-16T11:53:34.473+0000][66][info ][gc,heap     ] GC(0) Archive regions: 2->2
[2025-07-16T11:53:34.473+0000][66][info ][gc,heap     ] GC(0) Humongous regions: 0->0
[2025-07-16T11:53:34.473+0000][66][info ][gc,metaspace] GC(0) Metaspace: 17686K(18176K)->17686K(18176K) NonClass: 15664K(15936K)->15664K(15936K) Class: 2021K(2240K)->2021K(2240K)
[2025-07-16T11:53:34.474+0000][66][info ][gc          ] GC(0) Pause Young (Normal) (G1 Evacuation Pause) 200M->15M(3920M) 23.501ms
[2025-07-16T11:53:34.474+0000][66][info ][gc,cpu      ] GC(0) User=0.09s Sys=0.00s Real=0.02s
[2025-07-16T11:53:34.474+0000][66][info ][safepoint   ] Safepoint "G1CollectForAllocation", Time since last: 18948958 ns, Reaching safepoint: 3292 ns, Cleanup: 2483000 ns, At safepoint: 23976041 ns, Total: 26462333 ns
[2025-07-16T11:53:34.586+0000][66][info ][safepoint   ] Safepoint "ICBufferFull", Time since last: 112142209 ns, Reaching safepoint: 3125 ns, Cleanup: 194291 ns, At safepoint: 8417 ns, Total: 205833 ns
[2025-07-16T11:53:34.903+0000][66][info ][gc,start    ] GC(1) Pause Young (Concurrent Start) (Metadata GC Threshold)
[2025-07-16T11:53:34.903+0000][66][info ][gc,task     ] GC(1) Using 8 workers of 8 for evacuation
[2025-07-16T11:53:34.903+0000][66][debug][gc,age      ] GC(1) Desired survivor size 14680064 bytes, new threshold 15 (max threshold 15)
[2025-07-16T11:53:34.912+0000][66][info ][gc,phases   ] GC(1)   Pre Evacuate Collection Set: 0.5ms
[2025-07-16T11:53:34.912+0000][66][info ][gc,phases   ] GC(1)   Merge Heap Roots: 0.1ms
[2025-07-16T11:53:34.912+0000][66][info ][gc,phases   ] GC(1)   Evacuate Collection Set: 6.6ms
[2025-07-16T11:53:34.912+0000][66][info ][gc,phases   ] GC(1)   Post Evacuate Collection Set: 1.7ms
[2025-07-16T11:53:34.912+0000][66][info ][gc,phases   ] GC(1)   Other: 0.2ms
[2025-07-16T11:53:34.913+0000][66][trace][gc,age      ] GC(1) Age table with threshold 15 (max threshold 15)
[2025-07-16T11:53:34.913+0000][66][trace][gc,age      ] GC(1) - age   1:    1271288 bytes,    1271288 total
[2025-07-16T11:53:34.913+0000][66][trace][gc,age      ] GC(1) - age   2:    9791648 bytes,   11062936 total
[2025-07-16T11:53:34.913+0000][66][info ][gc,heap     ] GC(1) Eden regions: 21->0(46)
[2025-07-16T11:53:34.913+0000][66][info ][gc,heap     ] GC(1) Survivor regions: 3->3(7)
[2025-07-16T11:53:34.913+0000][66][info ][gc,heap     ] GC(1) Old regions: 0->0
[2025-07-16T11:53:34.913+0000][66][info ][gc,heap     ] GC(1) Archive regions: 2->2
[2025-07-16T11:53:34.913+0000][66][info ][gc,heap     ] GC(1) Humongous regions: 0->0
[2025-07-16T11:53:34.913+0000][66][info ][gc,metaspace] GC(1) Metaspace: 20992K(21504K)->20992K(21504K) NonClass: 18646K(18944K)->18646K(18944K) Class: 2346K(2560K)->2346K(2560K)
[2025-07-16T11:53:34.913+0000][66][info ][gc          ] GC(1) Pause Young (Concurrent Start) (Metadata GC Threshold) 99M->15M(3920M) 10.382ms
[2025-07-16T11:53:34.913+0000][66][info ][gc,cpu      ] GC(1) User=0.03s Sys=0.00s Real=0.01s
[2025-07-16T11:53:34.913+0000][66][info ][gc          ] GC(2) Concurrent Mark Cycle
[2025-07-16T11:53:34.913+0000][66][info ][gc,marking  ] GC(2) Concurrent Scan Root Regions
[2025-07-16T11:53:34.914+0000][66][info ][safepoint   ] Safepoint "CollectForMetadataAllocation", Time since last: 316355125 ns, Reaching safepoint: 2250 ns, Cleanup: 126375 ns, At safepoint: 10932167 ns, Total: 11060792 ns
[2025-07-16T11:53:34.917+0000][66][info ][gc,marking  ] GC(2) Concurrent Scan Root Regions 3.329ms
[2025-07-16T11:53:34.917+0000][66][info ][gc,marking  ] GC(2) Concurrent Mark
[2025-07-16T11:53:34.919+0000][66][info ][gc,marking  ] GC(2) Concurrent Mark From Roots
[2025-07-16T11:53:34.919+0000][66][info ][gc,task     ] GC(2) Using 2 workers of 2 for marking
[2025-07-16T11:53:34.932+0000][66][info ][gc,marking  ] GC(2) Concurrent Mark From Roots 12.955ms
[2025-07-16T11:53:34.932+0000][66][info ][gc,marking  ] GC(2) Concurrent Preclean
[2025-07-16T11:53:34.932+0000][66][info ][gc,marking  ] GC(2) Concurrent Preclean 0.297ms
[2025-07-16T11:53:34.934+0000][66][info ][gc,start    ] GC(2) Pause Remark
[2025-07-16T11:53:34.938+0000][66][info ][gc          ] GC(2) Pause Remark 18M->18M(3920M) 4.028ms
[2025-07-16T11:53:34.938+0000][66][info ][gc,cpu      ] GC(2) User=0.01s Sys=0.00s Real=0.01s
[2025-07-16T11:53:34.938+0000][66][info ][safepoint   ] Safepoint "G1PauseRemark", Time since last: 18968208 ns, Reaching safepoint: 1059167 ns, Cleanup: 175667 ns, At safepoint: 4168083 ns, Total: 5402917 ns
[2025-07-16T11:53:34.940+0000][66][info ][gc,marking  ] GC(2) Concurrent Mark 22.071ms
[2025-07-16T11:53:34.940+0000][66][info ][gc,marking  ] GC(2) Concurrent Rebuild Remembered Sets and Scrub Regions
[2025-07-16T11:53:34.940+0000][66][info ][gc,marking  ] GC(2) Concurrent Rebuild Remembered Sets and Scrub Regions 0.709ms
[2025-07-16T11:53:34.942+0000][66][info ][gc,start    ] GC(2) Pause Cleanup
[2025-07-16T11:53:34.942+0000][66][info ][gc          ] GC(2) Pause Cleanup 18M->18M(3920M) 0.086ms
[2025-07-16T11:53:34.942+0000][66][info ][gc,cpu      ] GC(2) User=0.00s Sys=0.00s Real=0.00s
[2025-07-16T11:53:34.942+0000][66][info ][safepoint   ] Safepoint "G1PauseCleanup", Time since last: 3440917 ns, Reaching safepoint: 2250 ns, Cleanup: 94416 ns, At safepoint: 269292 ns, Total: 365958 ns
[2025-07-16T11:53:34.943+0000][66][info ][gc,marking  ] GC(2) Concurrent Clear Claimed Marks
[2025-07-16T11:53:34.943+0000][66][info ][gc,marking  ] GC(2) Concurrent Clear Claimed Marks 0.364ms
[2025-07-16T11:53:34.943+0000][66][info ][gc,marking  ] GC(2) Concurrent Cleanup for Next Mark
[2025-07-16T11:53:35.000+0000][66][info ][gc,marking  ] GC(2) Concurrent Cleanup for Next Mark 57.222ms
[2025-07-16T11:53:35.001+0000][66][info ][gc          ] GC(2) Concurrent Mark Cycle 87.275ms
[2025-07-16T11:53:35.120+0000][66][info ][safepoint   ] Safepoint "ICBufferFull", Time since last: 176676500 ns, Reaching safepoint: 1192292 ns, Cleanup: 261916 ns, At safepoint: 6875 ns, Total: 1461083 ns
[2025-07-16T11:53:35.470+0000][66][info ][safepoint   ] Safepoint "ICBufferFull", Time since last: 349707709 ns, Reaching safepoint: 3208 ns, Cleanup: 177625 ns, At safepoint: 1625 ns, Total: 182458 ns
[2025-07-16T11:53:35.632+0000][66][info ][gc,start    ] GC(3) Pause Young (Normal) (G1 Evacuation Pause)
[2025-07-16T11:53:35.633+0000][66][info ][gc,task     ] GC(3) Using 8 workers of 8 for evacuation
[2025-07-16T11:53:35.633+0000][66][debug][gc,age      ] GC(3) Desired survivor size 14680064 bytes, new threshold 15 (max threshold 15)
[2025-07-16T11:53:35.644+0000][66][info ][gc,phases   ] GC(3)   Pre Evacuate Collection Set: 0.3ms
[2025-07-16T11:53:35.644+0000][66][info ][gc,phases   ] GC(3)   Merge Heap Roots: 0.2ms
[2025-07-16T11:53:35.644+0000][66][info ][gc,phases   ] GC(3)   Evacuate Collection Set: 8.5ms
[2025-07-16T11:53:35.644+0000][66][info ][gc,phases   ] GC(3)   Post Evacuate Collection Set: 1.9ms
[2025-07-16T11:53:35.644+0000][66][info ][gc,phases   ] GC(3)   Other: 0.2ms
[2025-07-16T11:53:35.644+0000][66][trace][gc,age      ] GC(3) Age table with threshold 15 (max threshold 15)
[2025-07-16T11:53:35.644+0000][66][trace][gc,age      ] GC(3) - age   1:    6176888 bytes,    6176888 total
[2025-07-16T11:53:35.645+0000][66][trace][gc,age      ] GC(3) - age   2:    1168984 bytes,    7345872 total
[2025-07-16T11:53:35.645+0000][66][trace][gc,age      ] GC(3) - age   3:    9784256 bytes,   17130128 total
[2025-07-16T11:53:35.645+0000][66][info ][gc,heap     ] GC(3) Eden regions: 46->0(87)
[2025-07-16T11:53:35.645+0000][66][info ][gc,heap     ] GC(3) Survivor regions: 3->5(7)
[2025-07-16T11:53:35.645+0000][66][info ][gc,heap     ] GC(3) Old regions: 0->0
[2025-07-16T11:53:35.645+0000][66][info ][gc,heap     ] GC(3) Archive regions: 2->2
[2025-07-16T11:53:35.645+0000][66][info ][gc,heap     ] GC(3) Humongous regions: 0->0
[2025-07-16T11:53:35.646+0000][66][info ][gc,metaspace] GC(3) Metaspace: 25196K(25856K)->25196K(25856K) NonClass: 22249K(22656K)->22249K(22656K) Class: 2946K(3200K)->2946K(3200K)
[2025-07-16T11:53:35.646+0000][66][info ][gc          ] GC(3) Pause Young (Normal) (G1 Evacuation Pause) 199M->21M(3920M) 13.205ms
[2025-07-16T11:53:35.646+0000][66][info ][gc,cpu      ] GC(3) User=0.05s Sys=0.00s Real=0.02s
[2025-07-16T11:53:35.646+0000][66][info ][safepoint   ] Safepoint "G1CollectForAllocation", Time since last: 162335417 ns, Reaching safepoint: 2583 ns, Cleanup: 126584 ns, At safepoint: 13528416 ns, Total: 13657583 ns
[2025-07-16T11:53:35.855+0000][66][info ][safepoint   ] Safepoint "ICBufferFull", Time since last: 208763209 ns, Reaching safepoint: 3125 ns, Cleanup: 416291 ns, At safepoint: 8750 ns, Total: 428166 ns
[2025-07-16T11:53:36.075+0000][66][info ][safepoint   ] Safepoint "ICBufferFull", Time since last: 219276250 ns, Reaching safepoint: 2917 ns, Cleanup: 201750 ns, At safepoint: 2417 ns, Total: 207084 ns
[2025-07-16T11:53:36.309+0000][66][info ][safepoint   ] Safepoint "ICBufferFull", Time since last: 234332500 ns, Reaching safepoint: 2583 ns, Cleanup: 225417 ns, At safepoint: 8042 ns, Total: 236042 ns
[2025-07-16T11:53:36.400+0000][66][info ][gc,start    ] GC(4) Pause Young (Normal) (G1 Evacuation Pause)
[2025-07-16T11:53:36.401+0000][66][info ][gc,task     ] GC(4) Using 8 workers of 8 for evacuation
[2025-07-16T11:53:36.401+0000][66][debug][gc,age      ] GC(4) Desired survivor size 25165824 bytes, new threshold 15 (max threshold 15)
[2025-07-16T11:53:36.413+0000][66][info ][gc,phases   ] GC(4)   Pre Evacuate Collection Set: 0.2ms
[2025-07-16T11:53:36.413+0000][66][info ][gc,phases   ] GC(4)   Merge Heap Roots: 0.1ms
[2025-07-16T11:53:36.413+0000][66][info ][gc,phases   ] GC(4)   Evacuate Collection Set: 11.1ms
[2025-07-16T11:53:36.413+0000][66][info ][gc,phases   ] GC(4)   Post Evacuate Collection Set: 1.1ms
[2025-07-16T11:53:36.413+0000][66][info ][gc,phases   ] GC(4)   Other: 0.2ms
[2025-07-16T11:53:36.413+0000][66][trace][gc,age      ] GC(4) Age table with threshold 15 (max threshold 15)
[2025-07-16T11:53:36.413+0000][66][trace][gc,age      ] GC(4) - age   1:    5925704 bytes,    5925704 total
[2025-07-16T11:53:36.413+0000][66][trace][gc,age      ] GC(4) - age   2:    4993240 bytes,   10918944 total
[2025-07-16T11:53:36.414+0000][66][trace][gc,age      ] GC(4) - age   3:    1168616 bytes,   12087560 total
[2025-07-16T11:53:36.414+0000][66][trace][gc,age      ] GC(4) - age   4:    9780248 bytes,   21867808 total
[2025-07-16T11:53:36.414+0000][66][info ][gc,heap     ] GC(4) Eden regions: 87->0(582)
[2025-07-16T11:53:36.414+0000][66][info ][gc,heap     ] GC(4) Survivor regions: 5->6(12)
[2025-07-16T11:53:36.414+0000][66][info ][gc,heap     ] GC(4) Old regions: 0->0
[2025-07-16T11:53:36.414+0000][66][info ][gc,heap     ] GC(4) Archive regions: 2->2
[2025-07-16T11:53:36.414+0000][66][info ][gc,heap     ] GC(4) Humongous regions: 0->0
[2025-07-16T11:53:36.414+0000][66][info ][gc,metaspace] GC(4) Metaspace: 31305K(32000K)->31305K(32000K) NonClass: 27695K(28096K)->27695K(28096K) Class: 3610K(3904K)->3610K(3904K)
[2025-07-16T11:53:36.414+0000][66][info ][gc          ] GC(4) Pause Young (Normal) (G1 Evacuation Pause) 369M->27M(3920M) 13.357ms
[2025-07-16T11:53:36.414+0000][66][info ][gc,cpu      ] GC(4) User=0.08s Sys=0.00s Real=0.01s
[2025-07-16T11:53:36.414+0000][66][info ][safepoint   ] Safepoint "G1CollectForAllocation", Time since last: 91109083 ns, Reaching safepoint: 2583 ns, Cleanup: 139334 ns, At safepoint: 13486083 ns, Total: 13628000 ns
[2025-07-16T11:53:36.647+0000][66][info ][safepoint   ] Safepoint "ICBufferFull", Time since last: 233135875 ns, Reaching safepoint: 2917 ns, Cleanup: 158375 ns, At safepoint: 11000 ns, Total: 172292 ns
[2025-07-16T11:53:37.346+0000][66][info ][safepoint   ] Safepoint "ICBufferFull", Time since last: 698735167 ns, Reaching safepoint: 2625 ns, Cleanup: 346125 ns, At safepoint: 6458 ns, Total: 355208 ns
[2025-07-16T11:53:37.438+0000][66][info ][gc,start    ] GC(5) Pause Young (Concurrent Start) (Metadata GC Threshold)
[2025-07-16T11:53:37.438+0000][66][info ][gc,task     ] GC(5) Using 8 workers of 8 for evacuation
[2025-07-16T11:53:37.438+0000][66][debug][gc,age      ] GC(5) Desired survivor size 155189248 bytes, new threshold 15 (max threshold 15)
[2025-07-16T11:53:37.456+0000][66][info ][gc,phases   ] GC(5)   Pre Evacuate Collection Set: 0.6ms
[2025-07-16T11:53:37.456+0000][66][info ][gc,phases   ] GC(5)   Merge Heap Roots: 0.1ms
[2025-07-16T11:53:37.456+0000][66][info ][gc,phases   ] GC(5)   Evacuate Collection Set: 16.1ms
[2025-07-16T11:53:37.457+0000][66][info ][gc,phases   ] GC(5)   Post Evacuate Collection Set: 1.6ms
[2025-07-16T11:53:37.457+0000][66][info ][gc,phases   ] GC(5)   Other: 0.3ms
[2025-07-16T11:53:37.457+0000][66][trace][gc,age      ] GC(5) Age table with threshold 15 (max threshold 15)
[2025-07-16T11:53:37.457+0000][66][trace][gc,age      ] GC(5) - age   1:    8914424 bytes,    8914424 total
[2025-07-16T11:53:37.457+0000][66][trace][gc,age      ] GC(5) - age   2:    5888960 bytes,   14803384 total
[2025-07-16T11:53:37.457+0000][66][trace][gc,age      ] GC(5) - age   3:    4978424 bytes,   19781808 total
[2025-07-16T11:53:37.457+0000][66][trace][gc,age      ] GC(5) - age   4:    1164352 bytes,   20946160 total
[2025-07-16T11:53:37.457+0000][66][trace][gc,age      ] GC(5) - age   5:    9617816 bytes,   30563976 total
[2025-07-16T11:53:37.457+0000][66][info ][gc,heap     ] GC(5) Eden regions: 151->0(165)
[2025-07-16T11:53:37.457+0000][66][info ][gc,heap     ] GC(5) Survivor regions: 6->8(74)
[2025-07-16T11:53:37.457+0000][66][info ][gc,heap     ] GC(5) Old regions: 0->0
[2025-07-16T11:53:37.457+0000][66][info ][gc,heap     ] GC(5) Archive regions: 2->2
[2025-07-16T11:53:37.457+0000][66][info ][gc,heap     ] GC(5) Humongous regions: 0->0
[2025-07-16T11:53:37.457+0000][66][info ][gc,metaspace] GC(5) Metaspace: 35317K(36160K)->35317K(36160K) NonClass: 31181K(31680K)->31181K(31680K) Class: 4136K(4480K)->4136K(4480K)
[2025-07-16T11:53:37.457+0000][66][info ][gc          ] GC(5) Pause Young (Concurrent Start) (Metadata GC Threshold) 629M->36M(3920M) 19.923ms
[2025-07-16T11:53:37.458+0000][66][info ][gc,cpu      ] GC(5) User=0.11s Sys=0.00s Real=0.02s
[2025-07-16T11:53:37.458+0000][66][info ][gc          ] GC(6) Concurrent Mark Cycle
[2025-07-16T11:53:37.458+0000][66][info ][gc,marking  ] GC(6) Concurrent Scan Root Regions
[2025-07-16T11:53:37.458+0000][66][info ][safepoint   ] Safepoint "CollectForMetadataAllocation", Time since last: 91143208 ns, Reaching safepoint: 2625 ns, Cleanup: 152875 ns, At safepoint: 20412417 ns, Total: 20567917 ns
[2025-07-16T11:53:37.462+0000][66][info ][gc,marking  ] GC(6) Concurrent Scan Root Regions 4.010ms
[2025-07-16T11:53:37.463+0000][66][info ][gc,marking  ] GC(6) Concurrent Mark
[2025-07-16T11:53:37.463+0000][66][info ][gc,marking  ] GC(6) Concurrent Mark From Roots
[2025-07-16T11:53:37.463+0000][66][info ][gc,task     ] GC(6) Using 2 workers of 2 for marking
[2025-07-16T11:53:37.464+0000][66][info ][gc,marking  ] GC(6) Concurrent Mark From Roots 1.549ms
[2025-07-16T11:53:37.464+0000][66][info ][gc,marking  ] GC(6) Concurrent Preclean
[2025-07-16T11:53:37.466+0000][66][info ][gc,marking  ] GC(6) Concurrent Preclean 1.239ms
[2025-07-16T11:53:37.470+0000][66][info ][gc,start    ] GC(6) Pause Remark
[2025-07-16T11:53:37.477+0000][66][info ][gc          ] GC(6) Pause Remark 40M->40M(3920M) 7.253ms
[2025-07-16T11:53:37.477+0000][66][info ][gc,cpu      ] GC(6) User=0.02s Sys=0.00s Real=0.01s
[2025-07-16T11:53:37.477+0000][66][info ][safepoint   ] Safepoint "G1PauseRemark", Time since last: 7856042 ns, Reaching safepoint: 3704625 ns, Cleanup: 45583 ns, At safepoint: 7423667 ns, Total: 11173875 ns
[2025-07-16T11:53:37.478+0000][66][info ][gc,marking  ] GC(6) Concurrent Mark 15.447ms
[2025-07-16T11:53:37.478+0000][66][info ][gc,marking  ] GC(6) Concurrent Rebuild Remembered Sets and Scrub Regions
[2025-07-16T11:53:37.479+0000][66][info ][gc,marking  ] GC(6) Concurrent Rebuild Remembered Sets and Scrub Regions 0.246ms
[2025-07-16T11:53:37.480+0000][66][info ][gc,start    ] GC(6) Pause Cleanup
[2025-07-16T11:53:37.480+0000][66][info ][gc          ] GC(6) Pause Cleanup 42M->42M(3920M) 0.059ms
[2025-07-16T11:53:37.480+0000][66][info ][gc,cpu      ] GC(6) User=0.00s Sys=0.00s Real=0.00s
[2025-07-16T11:53:37.480+0000][66][info ][safepoint   ] Safepoint "G1PauseCleanup", Time since last: 1648041 ns, Reaching safepoint: 892417 ns, Cleanup: 50292 ns, At safepoint: 151416 ns, Total: 1094125 ns
[2025-07-16T11:53:37.480+0000][66][info ][gc,marking  ] GC(6) Concurrent Clear Claimed Marks
[2025-07-16T11:53:37.481+0000][66][info ][gc,marking  ] GC(6) Concurrent Clear Claimed Marks 0.177ms
[2025-07-16T11:53:37.481+0000][66][info ][gc,marking  ] GC(6) Concurrent Cleanup for Next Mark
[2025-07-16T11:53:37.482+0000][66][info ][gc,marking  ] GC(6) Concurrent Cleanup for Next Mark 1.421ms
[2025-07-16T11:53:37.482+0000][66][info ][gc          ] GC(6) Concurrent Mark Cycle 24.610ms
[2025-07-16T11:53:37.730+0000][66][info ][safepoint   ] Safepoint "ICBufferFull", Time since last: 249702542 ns, Reaching safepoint: 2417 ns, Cleanup: 320708 ns, At safepoint: 3875 ns, Total: 327000 ns
[2025-07-16T11:53:37.941+0000][66][info ][safepoint   ] Safepoint "ICBufferFull", Time since last: 211372167 ns, Reaching safepoint: 3917 ns, Cleanup: 178500 ns, At safepoint: 8541 ns, Total: 190958 ns
[2025-07-16T11:53:38.148+0000][66][info ][safepoint   ] Safepoint "ICBufferFull", Time since last: 206792292 ns, Reaching safepoint: 3167 ns, Cleanup: 201666 ns, At safepoint: 8167 ns, Total: 213000 ns
[2025-07-16T11:53:38.399+0000][66][info ][safepoint   ] Safepoint "ICBufferFull", Time since last: 250653500 ns, Reaching safepoint: 2875 ns, Cleanup: 144709 ns, At safepoint: 10666 ns, Total: 158250 ns
[2025-07-16T11:53:38.761+0000][66][info ][safepoint   ] Safepoint "ICBufferFull", Time since last: 360959334 ns, Reaching safepoint: 438583 ns, Cleanup: 142708 ns, At safepoint: 19209 ns, Total: 600500 ns
[2025-07-16T11:53:38.937+0000][66][info ][safepoint   ] Safepoint "ICBufferFull", Time since last: 175674625 ns, Reaching safepoint: 2458 ns, Cleanup: 216250 ns, At safepoint: 7542 ns, Total: 226250 ns
[2025-07-16T11:53:39.044+0000][66][info ][safepoint   ] Safepoint "ICBufferFull", Time since last: 107218458 ns, Reaching safepoint: 4000 ns, Cleanup: 169834 ns, At safepoint: 10458 ns, Total: 184292 ns
[2025-07-16T11:53:39.198+0000][66][info ][safepoint   ] Safepoint "ICBufferFull", Time since last: 153981375 ns, Reaching safepoint: 3750 ns, Cleanup: 223833 ns, At safepoint: 13959 ns, Total: 241542 ns
[2025-07-16T11:53:39.449+0000][66][info ][safepoint   ] Safepoint "ICBufferFull", Time since last: 250423541 ns, Reaching safepoint: 2792 ns, Cleanup: 197125 ns, At safepoint: 11417 ns, Total: 211334 ns
[2025-07-16T11:53:39.590+0000][66][info ][gc,start    ] GC(7) Pause Young (Concurrent Start) (Metadata GC Threshold)
[2025-07-16T11:53:39.591+0000][66][info ][gc,task     ] GC(7) Using 8 workers of 8 for evacuation
[2025-07-16T11:53:39.591+0000][66][debug][gc,age      ] GC(7) Desired survivor size 46137344 bytes, new threshold 15 (max threshold 15)
[2025-07-16T11:53:39.614+0000][66][info ][gc,phases   ] GC(7)   Pre Evacuate Collection Set: 0.4ms
[2025-07-16T11:53:39.614+0000][66][info ][gc,phases   ] GC(7)   Merge Heap Roots: 0.1ms
[2025-07-16T11:53:39.614+0000][66][info ][gc,phases   ] GC(7)   Evacuate Collection Set: 20.2ms
[2025-07-16T11:53:39.614+0000][66][info ][gc,phases   ] GC(7)   Post Evacuate Collection Set: 2.3ms
[2025-07-16T11:53:39.614+0000][66][info ][gc,phases   ] GC(7)   Other: 0.2ms
[2025-07-16T11:53:39.614+0000][66][trace][gc,age      ] GC(7) Age table with threshold 15 (max threshold 15)
[2025-07-16T11:53:39.614+0000][66][trace][gc,age      ] GC(7) - age   1:   25194760 bytes,   25194760 total
[2025-07-16T11:53:39.614+0000][66][trace][gc,age      ] GC(7) - age   2:    8808840 bytes,   34003600 total
[2025-07-16T11:53:39.614+0000][66][trace][gc,age      ] GC(7) - age   3:    5875856 bytes,   39879456 total
[2025-07-16T11:53:39.614+0000][66][trace][gc,age      ] GC(7) - age   4:    4955952 bytes,   44835408 total
[2025-07-16T11:53:39.614+0000][66][trace][gc,age      ] GC(7) - age   5:    1159272 bytes,   45994680 total
[2025-07-16T11:53:39.614+0000][66][trace][gc,age      ] GC(7) - age   6:    9551216 bytes,   55545896 total
[2025-07-16T11:53:39.614+0000][66][info ][gc,heap     ] GC(7) Eden regions: 116->0(170)
[2025-07-16T11:53:39.614+0000][66][info ][gc,heap     ] GC(7) Survivor regions: 8->14(22)
[2025-07-16T11:53:39.614+0000][66][info ][gc,heap     ] GC(7) Old regions: 0->0
[2025-07-16T11:53:39.615+0000][66][info ][gc,heap     ] GC(7) Archive regions: 2->2
[2025-07-16T11:53:39.615+0000][66][info ][gc,heap     ] GC(7) Humongous regions: 0->0
[2025-07-16T11:53:39.615+0000][66][info ][gc,metaspace] GC(7) Metaspace: 59134K(60480K)->59134K(60480K) NonClass: 51704K(52480K)->51704K(52480K) Class: 7429K(8000K)->7429K(8000K)
[2025-07-16T11:53:39.615+0000][66][info ][gc          ] GC(7) Pause Young (Concurrent Start) (Metadata GC Threshold) 498M->60M(3920M) 24.193ms
[2025-07-16T11:53:39.615+0000][66][info ][gc,cpu      ] GC(7) User=0.14s Sys=0.00s Real=0.03s
[2025-07-16T11:53:39.615+0000][66][info ][gc          ] GC(8) Concurrent Mark Cycle
[2025-07-16T11:53:39.615+0000][66][info ][gc,marking  ] GC(8) Concurrent Scan Root Regions
[2025-07-16T11:53:39.615+0000][66][info ][safepoint   ] Safepoint "CollectForMetadataAllocation", Time since last: 141427333 ns, Reaching safepoint: 3042 ns, Cleanup: 112041 ns, At safepoint: 24414500 ns, Total: 24529583 ns
[2025-07-16T11:53:39.625+0000][66][info ][gc,marking  ] GC(8) Concurrent Scan Root Regions 10.378ms
[2025-07-16T11:53:39.625+0000][66][info ][gc,marking  ] GC(8) Concurrent Mark
[2025-07-16T11:53:39.626+0000][66][info ][gc,marking  ] GC(8) Concurrent Mark From Roots
[2025-07-16T11:53:39.626+0000][66][info ][gc,task     ] GC(8) Using 2 workers of 2 for marking
[2025-07-16T11:53:39.627+0000][66][info ][gc,marking  ] GC(8) Concurrent Mark From Roots 1.429ms
[2025-07-16T11:53:39.627+0000][66][info ][gc,marking  ] GC(8) Concurrent Preclean
[2025-07-16T11:53:39.627+0000][66][info ][gc,marking  ] GC(8) Concurrent Preclean 0.042ms
[2025-07-16T11:53:39.628+0000][66][info ][gc,start    ] GC(8) Pause Remark
[2025-07-16T11:53:39.631+0000][66][info ][gc          ] GC(8) Pause Remark 64M->64M(3920M) 3.695ms
[2025-07-16T11:53:39.631+0000][66][info ][gc,cpu      ] GC(8) User=0.02s Sys=0.00s Real=0.00s
[2025-07-16T11:53:39.632+0000][66][info ][safepoint   ] Safepoint "G1PauseRemark", Time since last: 12290417 ns, Reaching safepoint: 420708 ns, Cleanup: 112709 ns, At safepoint: 3910041 ns, Total: 4443458 ns
[2025-07-16T11:53:39.633+0000][66][info ][gc,marking  ] GC(8) Concurrent Mark 7.152ms
[2025-07-16T11:53:39.633+0000][66][info ][gc,marking  ] GC(8) Concurrent Rebuild Remembered Sets and Scrub Regions
[2025-07-16T11:53:39.633+0000][66][info ][gc,marking  ] GC(8) Concurrent Rebuild Remembered Sets and Scrub Regions 0.390ms
[2025-07-16T11:53:39.634+0000][66][info ][gc,start    ] GC(8) Pause Cleanup
[2025-07-16T11:53:39.634+0000][66][info ][gc          ] GC(8) Pause Cleanup 64M->64M(3920M) 0.073ms
[2025-07-16T11:53:39.634+0000][66][info ][gc,cpu      ] GC(8) User=0.00s Sys=0.00s Real=0.00s
[2025-07-16T11:53:39.634+0000][66][info ][safepoint   ] Safepoint "G1PauseCleanup", Time since last: 1533250 ns, Reaching safepoint: 481084 ns, Cleanup: 52250 ns, At safepoint: 168500 ns, Total: 701834 ns
[2025-07-16T11:53:39.634+0000][66][info ][gc,marking  ] GC(8) Concurrent Clear Claimed Marks
[2025-07-16T11:53:39.635+0000][66][info ][gc,marking  ] GC(8) Concurrent Clear Claimed Marks 1.125ms
[2025-07-16T11:53:39.635+0000][66][info ][gc,marking  ] GC(8) Concurrent Cleanup for Next Mark
[2025-07-16T11:53:39.644+0000][66][info ][gc,marking  ] GC(8) Concurrent Cleanup for Next Mark 8.191ms
[2025-07-16T11:53:39.644+0000][66][info ][gc          ] GC(8) Concurrent Mark Cycle 29.177ms
[2025-07-16T11:53:40.359+0000][66][info ][safepoint   ] Safepoint "ICBufferFull", Time since last: 724537375 ns, Reaching safepoint: 4625 ns, Cleanup: 193500 ns, At safepoint: 7625 ns, Total: 205750 ns
[2025-07-16T11:53:40.828+0000][66][info ][safepoint   ] Safepoint "ICBufferFull", Time since last: 468851709 ns, Reaching safepoint: 2875 ns, Cleanup: 267333 ns, At safepoint: 2458 ns, Total: 272666 ns
[2025-07-16T11:53:41.554+0000][66][info ][safepoint   ] Safepoint "ICBufferFull", Time since last: 725838542 ns, Reaching safepoint: 3000 ns, Cleanup: 436709 ns, At safepoint: 13166 ns, Total: 452875 ns
[2025-07-16T11:53:41.847+0000][66][info ][safepoint   ] Safepoint "ICBufferFull", Time since last: 292335751 ns, Reaching safepoint: 3583 ns, Cleanup: 208208 ns, At safepoint: 5500 ns, Total: 217291 ns
[2025-07-16T11:53:42.323+0000][66][info ][safepoint   ] Safepoint "ICBufferFull", Time since last: 475968334 ns, Reaching safepoint: 3375 ns, Cleanup: 223416 ns, At safepoint: 12292 ns, Total: 239083 ns
[2025-07-16T11:53:42.326+0000][66][info ][gc,start    ] GC(9) Pause Young (Concurrent Start) (Metadata GC Threshold)
[2025-07-16T11:53:42.326+0000][66][info ][gc,task     ] GC(9) Using 8 workers of 8 for evacuation
[2025-07-16T11:53:42.326+0000][66][debug][gc,age      ] GC(9) Desired survivor size 48234496 bytes, new threshold 6 (max threshold 15)
[2025-07-16T11:53:42.393+0000][66][info ][gc,phases   ] GC(9)   Pre Evacuate Collection Set: 0.4ms
[2025-07-16T11:53:42.393+0000][66][info ][gc,phases   ] GC(9)   Merge Heap Roots: 0.2ms
[2025-07-16T11:53:42.393+0000][66][info ][gc,phases   ] GC(9)   Evacuate Collection Set: 60.8ms
[2025-07-16T11:53:42.393+0000][66][info ][gc,phases   ] GC(9)   Post Evacuate Collection Set: 5.2ms
[2025-07-16T11:53:42.393+0000][66][info ][gc,phases   ] GC(9)   Other: 0.3ms
[2025-07-16T11:53:42.393+0000][66][trace][gc,age      ] GC(9) Age table with threshold 6 (max threshold 15)
[2025-07-16T11:53:42.393+0000][66][trace][gc,age      ] GC(9) - age   1:   16414760 bytes,   16414760 total
[2025-07-16T11:53:42.393+0000][66][trace][gc,age      ] GC(9) - age   2:   24697816 bytes,   41112576 total
[2025-07-16T11:53:42.393+0000][66][trace][gc,age      ] GC(9) - age   3:    8743856 bytes,   49856432 total
[2025-07-16T11:53:42.393+0000][66][trace][gc,age      ] GC(9) - age   4:    5850912 bytes,   55707344 total
[2025-07-16T11:53:42.393+0000][66][trace][gc,age      ] GC(9) - age   5:    4939104 bytes,   60646448 total
[2025-07-16T11:53:42.393+0000][66][trace][gc,age      ] GC(9) - age   6:    1152928 bytes,   61799376 total
[2025-07-16T11:53:42.393+0000][66][info ][gc,heap     ] GC(9) Eden regions: 117->0(122)
[2025-07-16T11:53:42.393+0000][66][info ][gc,heap     ] GC(9) Survivor regions: 14->17(23)
[2025-07-16T11:53:42.393+0000][66][info ][gc,heap     ] GC(9) Old regions: 0->3
[2025-07-16T11:53:42.393+0000][66][info ][gc,heap     ] GC(9) Archive regions: 2->2
[2025-07-16T11:53:42.393+0000][66][info ][gc,heap     ] GC(9) Humongous regions: 0->0
[2025-07-16T11:53:42.393+0000][66][info ][gc,metaspace] GC(9) Metaspace: 98564K(101056K)->98564K(101056K) NonClass: 85420K(86784K)->85420K(86784K) Class: 13144K(14272K)->13144K(14272K)
[2025-07-16T11:53:42.394+0000][66][info ][gc          ] GC(9) Pause Young (Concurrent Start) (Metadata GC Threshold) 528M->78M(3920M) 67.928ms
[2025-07-16T11:53:42.394+0000][66][info ][gc,cpu      ] GC(9) User=0.45s Sys=0.00s Real=0.06s
[2025-07-16T11:53:42.394+0000][66][info ][gc          ] GC(10) Concurrent Mark Cycle
[2025-07-16T11:53:42.394+0000][66][info ][gc,marking  ] GC(10) Concurrent Scan Root Regions
[2025-07-16T11:53:42.394+0000][66][info ][safepoint   ] Safepoint "CollectForMetadataAllocation", Time since last: 2722000 ns, Reaching safepoint: 2667 ns, Cleanup: 131875 ns, At safepoint: 68275416 ns, Total: 68409958 ns
[2025-07-16T11:53:42.415+0000][66][info ][gc,marking  ] GC(10) Concurrent Scan Root Regions 20.843ms
[2025-07-16T11:53:42.418+0000][66][info ][gc,marking  ] GC(10) Concurrent Mark
[2025-07-16T11:53:42.418+0000][66][info ][gc,marking  ] GC(10) Concurrent Mark From Roots
[2025-07-16T11:53:42.423+0000][66][info ][gc,task     ] GC(10) Using 2 workers of 2 for marking
[2025-07-16T11:53:42.431+0000][66][info ][safepoint   ] Safepoint "CollectForMetadataAllocation", Time since last: 36174375 ns, Reaching safepoint: 192917 ns, Cleanup: 110167 ns, At safepoint: 183000 ns, Total: 486084 ns
[2025-07-16T11:53:42.431+0000][66][info ][gc,marking  ] GC(10) Concurrent Mark From Roots 12.794ms
[2025-07-16T11:53:42.431+0000][66][info ][gc,marking  ] GC(10) Concurrent Preclean
[2025-07-16T11:53:42.432+0000][66][info ][gc,marking  ] GC(10) Concurrent Preclean 0.072ms
[2025-07-16T11:53:42.433+0000][66][info ][gc,start    ] GC(10) Pause Remark
[2025-07-16T11:53:42.437+0000][66][info ][gc          ] GC(10) Pause Remark 85M->85M(3920M) 4.737ms
[2025-07-16T11:53:42.437+0000][66][info ][gc,cpu      ] GC(10) User=0.02s Sys=0.00s Real=0.01s
[2025-07-16T11:53:42.437+0000][66][info ][safepoint   ] Safepoint "G1PauseRemark", Time since last: 1099791 ns, Reaching safepoint: 899459 ns, Cleanup: 61833 ns, At safepoint: 4906667 ns, Total: 5867959 ns
[2025-07-16T11:53:42.438+0000][66][info ][gc,marking  ] GC(10) Concurrent Mark 19.228ms
[2025-07-16T11:53:42.438+0000][66][info ][gc,marking  ] GC(10) Concurrent Rebuild Remembered Sets and Scrub Regions
[2025-07-16T11:53:42.440+0000][66][info ][gc,marking  ] GC(10) Concurrent Rebuild Remembered Sets and Scrub Regions 2.396ms
[2025-07-16T11:53:42.441+0000][66][info ][gc,start    ] GC(10) Pause Cleanup
[2025-07-16T11:53:42.441+0000][66][info ][gc          ] GC(10) Pause Cleanup 85M->85M(3920M) 0.255ms
[2025-07-16T11:53:42.441+0000][66][info ][gc,cpu      ] GC(10) User=0.00s Sys=0.00s Real=0.00s
[2025-07-16T11:53:42.441+0000][66][info ][safepoint   ] Safepoint "G1PauseCleanup", Time since last: 2693042 ns, Reaching safepoint: 390500 ns, Cleanup: 80208 ns, At safepoint: 404292 ns, Total: 875000 ns
[2025-07-16T11:53:42.441+0000][66][info ][gc,marking  ] GC(10) Concurrent Clear Claimed Marks
[2025-07-16T11:53:42.442+0000][66][info ][gc,marking  ] GC(10) Concurrent Clear Claimed Marks 0.361ms
[2025-07-16T11:53:42.442+0000][66][info ][gc,marking  ] GC(10) Concurrent Cleanup for Next Mark
[2025-07-16T11:53:42.443+0000][66][info ][gc,marking  ] GC(10) Concurrent Cleanup for Next Mark 1.056ms
[2025-07-16T11:53:42.443+0000][66][info ][gc          ] GC(10) Concurrent Mark Cycle 49.092ms
[2025-07-16T11:53:42.994+0000][66][info ][safepoint   ] Safepoint "ICBufferFull", Time since last: 552295250 ns, Reaching safepoint: 27291 ns, Cleanup: 442459 ns, At safepoint: 3750 ns, Total: 473500 ns
[2025-07-16T11:53:43.253+0000][66][info ][safepoint   ] Safepoint "ICBufferFull", Time since last: 258947125 ns, Reaching safepoint: 5917 ns, Cleanup: 284833 ns, At safepoint: 24083 ns, Total: 314833 ns
[2025-07-16T11:53:43.374+0000][66][info ][safepoint   ] Safepoint "ICBufferFull", Time since last: 120208459 ns, Reaching safepoint: 251750 ns, Cleanup: 215041 ns, At safepoint: 14834 ns, Total: 481625 ns
[2025-07-16T11:53:43.413+0000][66][info ][safepoint   ] Safepoint "ICBufferFull", Time since last: 39232291 ns, Reaching safepoint: 3584 ns, Cleanup: 407750 ns, At safepoint: 9833 ns, Total: 421167 ns
[2025-07-16T11:53:43.791+0000][66][info ][safepoint   ] Safepoint "ICBufferFull", Time since last: 377418333 ns, Reaching safepoint: 8917 ns, Cleanup: 189417 ns, At safepoint: 2041 ns, Total: 200375 ns
[2025-07-16T11:53:44.159+0000][66][info ][safepoint   ] Safepoint "ICBufferFull", Time since last: 366535501 ns, Reaching safepoint: 979583 ns, Cleanup: 214500 ns, At safepoint: 14042 ns, Total: 1208125 ns
[2025-07-16T11:53:44.289+0000][66][info ][safepoint   ] Safepoint "ICBufferFull", Time since last: 127712083 ns, Reaching safepoint: 981792 ns, Cleanup: 1168958 ns, At safepoint: 11292 ns, Total: 2162042 ns
[2025-07-16T11:53:44.591+0000][66][info ][safepoint   ] Safepoint "ICBufferFull", Time since last: 301339583 ns, Reaching safepoint: 556125 ns, Cleanup: 329709 ns, At safepoint: 31791 ns, Total: 917625 ns
[2025-07-16T11:53:44.929+0000][66][info ][safepoint   ] Safepoint "ICBufferFull", Time since last: 338324167 ns, Reaching safepoint: 7125 ns, Cleanup: 168958 ns, At safepoint: 13875 ns, Total: 189958 ns
[2025-07-16T11:53:45.199+0000][66][info ][safepoint   ] Safepoint "ICBufferFull", Time since last: 269168417 ns, Reaching safepoint: 6458 ns, Cleanup: 508084 ns, At safepoint: 22458 ns, Total: 537000 ns
[2025-07-16T11:53:45.386+0000][66][info ][safepoint   ] Safepoint "ICBufferFull", Time since last: 185914500 ns, Reaching safepoint: 530250 ns, Cleanup: 183417 ns, At safepoint: 11208 ns, Total: 724875 ns
[2025-07-16T11:53:45.654+0000][66][info ][safepoint   ] Safepoint "ICBufferFull", Time since last: 267650500 ns, Reaching safepoint: 8917 ns, Cleanup: 219625 ns, At safepoint: 11875 ns, Total: 240417 ns
[2025-07-16T11:53:45.791+0000][66][info ][safepoint   ] Safepoint "ICBufferFull", Time since last: 135777708 ns, Reaching safepoint: 1195334 ns, Cleanup: 232458 ns, At safepoint: 30375 ns, Total: 1458167 ns
[2025-07-16T11:53:46.904+0000][66][info ][safepoint   ] Safepoint "Cleanup", Time since last: 1110778667 ns, Reaching safepoint: 837084 ns, Cleanup: 986708 ns, At safepoint: 4417 ns, Total: 1828209 ns
[2025-07-16T11:53:47.906+0000][66][info ][safepoint   ] Safepoint "Cleanup", Time since last: 1002013333 ns, Reaching safepoint: 90875 ns, Cleanup: 102792 ns, At safepoint: 4917 ns, Total: 198584 ns
[2025-07-16T11:53:48.764+0000][66][info ][safepoint   ] Safepoint "ICBufferFull", Time since last: 861207833 ns, Reaching safepoint: 9167 ns, Cleanup: 170333 ns, At safepoint: 6417 ns, Total: 185917 ns
[2025-07-16T11:53:48.947+0000][66][info ][safepoint   ] Safepoint "ICBufferFull", Time since last: 182079333 ns, Reaching safepoint: 12042 ns, Cleanup: 337333 ns, At safepoint: 7584 ns, Total: 356959 ns
[2025-07-16T11:53:49.101+0000][66][info ][safepoint   ] Safepoint "ICBufferFull", Time since last: 151307125 ns, Reaching safepoint: 2007041 ns, Cleanup: 616875 ns, At safepoint: 16417 ns, Total: 2640333 ns
[2025-07-16T11:53:49.254+0000][66][info ][safepoint   ] Safepoint "ICBufferFull", Time since last: 152988500 ns, Reaching safepoint: 8708 ns, Cleanup: 144917 ns, At safepoint: 1583 ns, Total: 155208 ns
[2025-07-16T11:53:49.607+0000][66][info ][safepoint   ] Safepoint "ICBufferFull", Time since last: 352502917 ns, Reaching safepoint: 8709 ns, Cleanup: 736250 ns, At safepoint: 26125 ns, Total: 771084 ns
[2025-07-16T11:53:49.931+0000][66][info ][safepoint   ] Safepoint "ICBufferFull", Time since last: 322900958 ns, Reaching safepoint: 750000 ns, Cleanup: 133125 ns, At safepoint: 19042 ns, Total: 902167 ns
[2025-07-16T11:53:50.353+0000][66][info ][safepoint   ] Safepoint "ICBufferFull", Time since last: 422171083 ns, Reaching safepoint: 67250 ns, Cleanup: 214417 ns, At safepoint: 14250 ns, Total: 295917 ns
[2025-07-16T11:53:52.188+0000][66][info ][safepoint   ] Safepoint "Cleanup", Time since last: 1833558751 ns, Reaching safepoint: 505875 ns, Cleanup: 628000 ns, At safepoint: 9833 ns, Total: 1143708 ns
[2025-07-16T11:53:53.190+0000][66][info ][safepoint   ] Safepoint "Cleanup", Time since last: 1001623042 ns, Reaching safepoint: 289000 ns, Cleanup: 54250 ns, At safepoint: 11584 ns, Total: 354834 ns
[2025-07-16T11:53:54.302+0000][66][info ][safepoint   ] Safepoint "Cleanup", Time since last: 1109193209 ns, Reaching safepoint: 46333 ns, Cleanup: 2845250 ns, At safepoint: 89292 ns, Total: 2980875 ns
[2025-07-16T11:53:55.096+0000][66][info ][safepoint   ] Safepoint "ICBufferFull", Time since last: 791795625 ns, Reaching safepoint: 729500 ns, Cleanup: 173167 ns, At safepoint: 816708 ns, Total: 1719375 ns
[2025-07-16T11:53:55.100+0000][66][info ][safepoint   ] Safepoint "ICBufferFull", Time since last: 3806375 ns, Reaching safepoint: 147458 ns, Cleanup: 48125 ns, At safepoint: 336375 ns, Total: 531958 ns
[2025-07-16T11:53:55.114+0000][66][info ][safepoint   ] Safepoint "ICBufferFull", Time since last: 11747959 ns, Reaching safepoint: 950416 ns, Cleanup: 95000 ns, At safepoint: 840125 ns, Total: 1885541 ns
[2025-07-16T11:53:55.150+0000][66][info ][safepoint   ] Safepoint "ICBufferFull", Time since last: 35046375 ns, Reaching safepoint: 1113084 ns, Cleanup: 212041 ns, At safepoint: 25750 ns, Total: 1350875 ns
[2025-07-16T11:53:55.279+0000][66][info ][safepoint   ] Safepoint "ICBufferFull", Time since last: 127645084 ns, Reaching safepoint: 11416 ns, Cleanup: 939042 ns, At safepoint: 9167 ns, Total: 959625 ns
[2025-07-16T11:53:55.443+0000][66][info ][safepoint   ] Safepoint "ICBufferFull", Time since last: 158538708 ns, Reaching safepoint: 1776958 ns, Cleanup: 4017375 ns, At safepoint: 266042 ns, Total: 6060375 ns
[2025-07-16T11:53:56.422+0000][66][info ][safepoint   ] Safepoint "ICBufferFull", Time since last: 978228334 ns, Reaching safepoint: 66292 ns, Cleanup: 419208 ns, At safepoint: 12750 ns, Total: 498250 ns
[2025-07-16T11:53:58.095+0000][66][info ][safepoint   ] Safepoint "ICBufferFull", Time since last: 1672333167 ns, Reaching safepoint: 8167 ns, Cleanup: 248917 ns, At safepoint: 9125 ns, Total: 266209 ns
[2025-07-16T11:53:58.269+0000][66][info ][safepoint   ] Safepoint "ICBufferFull", Time since last: 173662500 ns, Reaching safepoint: 7583 ns, Cleanup: 199208 ns, At safepoint: 24542 ns, Total: 231333 ns
[2025-07-16T11:53:58.400+0000][66][info ][safepoint   ] Safepoint "ICBufferFull", Time since last: 130946042 ns, Reaching safepoint: 184166 ns, Cleanup: 214500 ns, At safepoint: 9250 ns, Total: 407916 ns
[2025-07-16T11:53:58.404+0000][66][info ][safepoint   ] Safepoint "ICBufferFull", Time since last: 2745625 ns, Reaching safepoint: 1279792 ns, Cleanup: 58750 ns, At safepoint: 18583 ns, Total: 1357125 ns
[2025-07-16T11:53:58.407+0000][66][info ][safepoint   ] Safepoint "ICBufferFull", Time since last: 1699292 ns, Reaching safepoint: 1210042 ns, Cleanup: 91833 ns, At safepoint: 52500 ns, Total: 1354375 ns
[2025-07-16T11:53:58.413+0000][66][info ][safepoint   ] Safepoint "ICBufferFull", Time since last: 5380625 ns, Reaching safepoint: 348125 ns, Cleanup: 101917 ns, At safepoint: 73875 ns, Total: 523917 ns
[2025-07-16T11:53:58.416+0000][66][info ][safepoint   ] Safepoint "ICBufferFull", Time since last: 2117291 ns, Reaching safepoint: 761584 ns, Cleanup: 88875 ns, At safepoint: 59000 ns, Total: 909459 ns
[2025-07-16T11:53:58.423+0000][66][info ][safepoint   ] Safepoint "ICBufferFull", Time since last: 1752625 ns, Reaching safepoint: 5028291 ns, Cleanup: 129084 ns, At safepoint: 61458 ns, Total: 5218833 ns
[2025-07-16T11:53:58.515+0000][66][info ][safepoint   ] Safepoint "ICBufferFull", Time since last: 91463709 ns, Reaching safepoint: 12166 ns, Cleanup: 161667 ns, At safepoint: 1958 ns, Total: 175791 ns
[2025-07-16T11:53:58.520+0000][66][info ][safepoint   ] Safepoint "ICBufferFull", Time since last: 4565667 ns, Reaching safepoint: 649667 ns, Cleanup: 83791 ns, At safepoint: 29084 ns, Total: 762542 ns
[2025-07-16T11:53:58.530+0000][66][info ][safepoint   ] Safepoint "ICBufferFull", Time since last: 8950916 ns, Reaching safepoint: 26834 ns, Cleanup: 575875 ns, At safepoint: 24916 ns, Total: 627625 ns
[2025-07-16T11:53:58.533+0000][66][info ][safepoint   ] Safepoint "ICBufferFull", Time since last: 2899042 ns, Reaching safepoint: 931375 ns, Cleanup: 30167 ns, At safepoint: 10083 ns, Total: 971625 ns
[2025-07-16T11:53:59.285+0000][66][info ][safepoint   ] Safepoint "ICBufferFull", Time since last: 751499209 ns, Reaching safepoint: 9125 ns, Cleanup: 171000 ns, At safepoint: 8083 ns, Total: 188208 ns
[2025-07-16T11:53:59.340+0000][66][info ][safepoint   ] Safepoint "ICBufferFull", Time since last: 54992625 ns, Reaching safepoint: 10375 ns, Cleanup: 215958 ns, At safepoint: 14000 ns, Total: 240333 ns
[2025-07-16T11:54:01.068+0000][66][info ][safepoint   ] Safepoint "Cleanup", Time since last: 1726973876 ns, Reaching safepoint: 4542 ns, Cleanup: 304708 ns, At safepoint: 11542 ns, Total: 320792 ns
[2025-07-16T11:54:01.182+0000][66][info ][safepoint   ] Safepoint "ICBufferFull", Time since last: 113687791 ns, Reaching safepoint: 509500 ns, Cleanup: 343500 ns, At safepoint: 80584 ns, Total: 933584 ns
[2025-07-16T11:54:01.185+0000][66][info ][safepoint   ] Safepoint "ICBufferFull", Time since last: 2299416 ns, Reaching safepoint: 219875 ns, Cleanup: 47834 ns, At safepoint: 10666 ns, Total: 278375 ns
[2025-07-16T11:54:01.189+0000][66][info ][safepoint   ] Safepoint "ICBufferFull", Time since last: 2943500 ns, Reaching safepoint: 1032500 ns, Cleanup: 215959 ns, At safepoint: 70375 ns, Total: 1318834 ns
[2025-07-16T11:54:01.314+0000][66][info ][safepoint   ] Safepoint "ICBufferFull", Time since last: 124663792 ns, Reaching safepoint: 11666 ns, Cleanup: 162750 ns, At safepoint: 9250 ns, Total: 183666 ns
[2025-07-16T11:54:01.363+0000][66][info ][safepoint   ] Safepoint "ICBufferFull", Time since last: 48238667 ns, Reaching safepoint: 9417 ns, Cleanup: 296333 ns, At safepoint: 18750 ns, Total: 324500 ns
[2025-07-16T11:54:01.515+0000][66][info ][safepoint   ] Safepoint "ICBufferFull", Time since last: 152185292 ns, Reaching safepoint: 8916 ns, Cleanup: 292584 ns, At safepoint: 10750 ns, Total: 312250 ns
[2025-07-16T11:54:01.590+0000][66][info ][safepoint   ] Safepoint "ICBufferFull", Time since last: 74434208 ns, Reaching safepoint: 4750 ns, Cleanup: 174083 ns, At safepoint: 3542 ns, Total: 182375 ns
[2025-07-16T11:54:01.604+0000][66][info ][gc,start    ] GC(11) Pause Young (Normal) (G1 Evacuation Pause)
[2025-07-16T11:54:01.605+0000][66][info ][gc,task     ] GC(11) Using 8 workers of 8 for evacuation
[2025-07-16T11:54:01.605+0000][66][debug][gc,age      ] GC(11) Desired survivor size 37748736 bytes, new threshold 2 (max threshold 15)
[2025-07-16T11:54:01.734+0000][66][info ][gc,phases   ] GC(11)   Pre Evacuate Collection Set: 2.0ms
[2025-07-16T11:54:01.734+0000][66][info ][gc,phases   ] GC(11)   Merge Heap Roots: 0.2ms
[2025-07-16T11:54:01.734+0000][66][info ][gc,phases   ] GC(11)   Evacuate Collection Set: 122.3ms
[2025-07-16T11:54:01.735+0000][66][info ][gc,phases   ] GC(11)   Post Evacuate Collection Set: 4.8ms
[2025-07-16T11:54:01.735+0000][66][info ][gc,phases   ] GC(11)   Other: 0.3ms
[2025-07-16T11:54:01.735+0000][66][trace][gc,age      ] GC(11) Age table with threshold 2 (max threshold 15)
[2025-07-16T11:54:01.735+0000][66][trace][gc,age      ] GC(11) - age   1:   42341416 bytes,   42341416 total
[2025-07-16T11:54:01.735+0000][66][trace][gc,age      ] GC(11) - age   2:   15447856 bytes,   57789272 total
[2025-07-16T11:54:01.735+0000][66][info ][gc,heap     ] GC(11) Eden regions: 122->0(68)
[2025-07-16T11:54:01.735+0000][66][info ][gc,heap     ] GC(11) Survivor regions: 17->16(18)
[2025-07-16T11:54:01.735+0000][66][info ][gc,heap     ] GC(11) Old regions: 3->14
[2025-07-16T11:54:01.735+0000][66][info ][gc,heap     ] GC(11) Archive regions: 2->2
[2025-07-16T11:54:01.735+0000][66][info ][gc,heap     ] GC(11) Humongous regions: 0->0
[2025-07-16T11:54:01.736+0000][66][info ][gc,metaspace] GC(11) Metaspace: 130481K(134144K)->130481K(134144K) NonClass: 112593K(114560K)->112593K(114560K) Class: 17887K(19584K)->17887K(19584K)
[2025-07-16T11:54:01.736+0000][66][info ][gc          ] GC(11) Pause Young (Normal) (G1 Evacuation Pause) 566M->124M(3920M) 131.195ms
[2025-07-16T11:54:01.736+0000][66][info ][gc,cpu      ] GC(11) User=0.91s Sys=0.00s Real=0.13s
[2025-07-16T11:54:01.737+0000][66][info ][safepoint   ] Safepoint "G1CollectForAllocation", Time since last: 14606708 ns, Reaching safepoint: 8917 ns, Cleanup: 114292 ns, At safepoint: 132094416 ns, Total: 132217625 ns
[2025-07-16T11:54:02.747+0000][66][info ][safepoint   ] Safepoint "Cleanup", Time since last: 1009853751 ns, Reaching safepoint: 3583 ns, Cleanup: 176375 ns, At safepoint: 6834 ns, Total: 186792 ns
[2025-07-16T11:54:04.048+0000][66][info ][safepoint   ] Safepoint "ICBufferFull", Time since last: 1300891292 ns, Reaching safepoint: 55166 ns, Cleanup: 220875 ns, At safepoint: 10959 ns, Total: 287000 ns
[2025-07-16T11:54:04.670+0000][66][info ][safepoint   ] Safepoint "ICBufferFull", Time since last: 622363125 ns, Reaching safepoint: 33958 ns, Cleanup: 340500 ns, At safepoint: 9042 ns, Total: 383500 ns
[2025-07-16T11:54:05.803+0000][66][info ][safepoint   ] Safepoint "Cleanup", Time since last: 1132172709 ns, Reaching safepoint: 71458 ns, Cleanup: 224417 ns, At safepoint: 22750 ns, Total: 318625 ns
[2025-07-16T11:54:06.817+0000][66][info ][safepoint   ] Safepoint "Cleanup", Time since last: 1013904542 ns, Reaching safepoint: 19583 ns, Cleanup: 185750 ns, At safepoint: 15542 ns, Total: 220875 ns
[2025-07-16T11:54:07.054+0000][66][info ][safepoint   ] Safepoint "ICBufferFull", Time since last: 236764375 ns, Reaching safepoint: 9792 ns, Cleanup: 300333 ns, At safepoint: 14000 ns, Total: 324125 ns
[2025-07-16T11:54:08.895+0000][66][info ][safepoint   ] Safepoint "Cleanup", Time since last: 1840686709 ns, Reaching safepoint: 44459 ns, Cleanup: 160708 ns, At safepoint: 25083 ns, Total: 230250 ns
[2025-07-16T11:54:09.898+0000][66][info ][safepoint   ] Safepoint "Cleanup", Time since last: 1002315126 ns, Reaching safepoint: 152458 ns, Cleanup: 355500 ns, At safepoint: 21500 ns, Total: 529458 ns
[2025-07-16T11:54:10.322+0000][66][info ][safepoint   ] Safepoint "ICBufferFull", Time since last: 424044792 ns, Reaching safepoint: 5375 ns, Cleanup: 155500 ns, At safepoint: 3583 ns, Total: 164458 ns
[2025-07-16T11:54:11.751+0000][66][info ][safepoint   ] Safepoint "Cleanup", Time since last: 1428666668 ns, Reaching safepoint: 18792 ns, Cleanup: 228791 ns, At safepoint: 4959 ns, Total: 252542 ns
[2025-07-16T11:54:12.752+0000][66][info ][safepoint   ] Safepoint "Cleanup", Time since last: 1000834750 ns, Reaching safepoint: 18375 ns, Cleanup: 108792 ns, At safepoint: 4208 ns, Total: 131375 ns
[2025-07-16T11:54:13.754+0000][66][info ][safepoint   ] Safepoint "Cleanup", Time since last: 1001359667 ns, Reaching safepoint: 128042 ns, Cleanup: 87458 ns, At safepoint: 19458 ns, Total: 234958 ns
[2025-07-16T11:54:14.755+0000][66][info ][safepoint   ] Safepoint "Cleanup", Time since last: 1001305668 ns, Reaching safepoint: 35041 ns, Cleanup: 213792 ns, At safepoint: 3875 ns, Total: 252708 ns
[2025-07-16T11:54:15.756+0000][66][info ][safepoint   ] Safepoint "Cleanup", Time since last: 1000774709 ns, Reaching safepoint: 71625 ns, Cleanup: 191791 ns, At safepoint: 4959 ns, Total: 268375 ns
[2025-07-16T11:54:16.772+0000][66][info ][safepoint   ] Safepoint "Cleanup", Time since last: 1015409792 ns, Reaching safepoint: 4417 ns, Cleanup: 464625 ns, At safepoint: 23750 ns, Total: 492792 ns
[2025-07-16T11:54:17.967+0000][66][info ][safepoint   ] Safepoint "Cleanup", Time since last: 1195019292 ns, Reaching safepoint: 5000 ns, Cleanup: 154125 ns, At safepoint: 5666 ns, Total: 164791 ns
[2025-07-16T11:54:18.885+0000][66][info ][gc,heap,exit] Heap
[2025-07-16T11:54:18.885+0000][66][info ][gc,heap,exit]  garbage-first heap   total 4014080K, used 253137K [0x000000070b000000, 0x0000000800000000)
[2025-07-16T11:54:18.885+0000][66][info ][gc,heap,exit]   region size 4096K, 47 young (192512K), 16 survivors (65536K)
[2025-07-16T11:54:18.885+0000][66][info ][gc,heap,exit]  Metaspace       used 131733K, committed 135488K, reserved 1179648K
[2025-07-16T11:54:18.885+0000][66][info ][gc,heap,exit]   class space    used 18014K, committed 19712K, reserved 1048576K
