[2025-07-16T11:53:30.110+0000][49][info][gc,init] CardTable entry size: 512
[2025-07-16T11:53:30.110+0000][49][info][gc     ] Using G1
[2025-07-16T11:53:30.121+0000][49][info][gc,init] Version: 20.0.1+9-29 (release)
[2025-07-16T11:53:30.121+0000][49][info][gc,init] CPUs: 8 total, 8 available
[2025-07-16T11:53:30.121+0000][49][info][gc,init] Memory: 7837M
[2025-07-16T11:53:30.121+0000][49][info][gc,init] Large Page Support: Disabled
[2025-07-16T11:53:30.121+0000][49][info][gc,init] NUMA Support: Disabled
[2025-07-16T11:53:30.121+0000][49][info][gc,init] Compressed Oops: Enabled (Zero based)
[2025-07-16T11:53:30.121+0000][49][info][gc,init] Heap Region Size: 2M
[2025-07-16T11:53:30.122+0000][49][info][gc,init] Heap Min Capacity: 3918M
[2025-07-16T11:53:30.122+0000][49][info][gc,init] Heap Initial Capacity: 3918M
[2025-07-16T11:53:30.122+0000][49][info][gc,init] Heap Max Capacity: 3918M
[2025-07-16T11:53:30.122+0000][49][info][gc,init] Pre-touch: Disabled
[2025-07-16T11:53:30.122+0000][49][info][gc,init] Parallel Workers: 8
[2025-07-16T11:53:30.122+0000][49][info][gc,init] Concurrent Workers: 2
[2025-07-16T11:53:30.122+0000][49][info][gc,init] Concurrent Refinement Workers: 8
[2025-07-16T11:53:30.122+0000][49][info][gc,init] Periodic GC: Disabled
[2025-07-16T11:53:30.123+0000][49][info][gc,metaspace] CDS archive(s) mapped at: [0x0000000800000000-0x0000000800c80000-0x0000000800c80000), size 13107200, SharedBaseAddress: 0x0000000800000000, ArchiveRelocationMode: 0.
[2025-07-16T11:53:30.123+0000][49][info][gc,metaspace] Compressed class space mapped at: 0x0000000801000000-0x0000000841000000, reserved size: 1073741824
[2025-07-16T11:53:30.123+0000][49][info][gc,metaspace] Narrow klass base: 0x0000000800000000, Narrow klass shift: 0, Narrow klass range: 0x100000000
[2025-07-16T11:53:30.159+0000][49][info][gc,heap,exit] Heap
[2025-07-16T11:53:30.159+0000][49][info][gc,heap,exit]  garbage-first heap   total 4012032K, used 4162K [0x000000070b200000, 0x0000000800000000)
[2025-07-16T11:53:30.160+0000][49][info][gc,heap,exit]   region size 2048K, 2 young (4096K), 0 survivors (0K)
[2025-07-16T11:53:30.160+0000][49][info][gc,heap,exit]  Metaspace       used 46K, committed 128K, reserved 1114112K
[2025-07-16T11:53:30.160+0000][49][info][gc,heap,exit]   class space    used 1K, committed 64K, reserved 1048576K
