[2025-07-16T16:08:28.292+0000][67][info][gc,init] CardTable entry size: 512
[2025-07-16T16:08:28.293+0000][67][info][gc     ] Using G1
[2025-07-16T16:08:33.112+0000][67][info][gc,init] Version: 20.0.1+9-29 (release)
[2025-07-16T16:08:33.114+0000][67][info][gc,init] CPUs: 8 total, 8 available
[2025-07-16T16:08:33.114+0000][67][info][gc,init] Memory: 7837M
[2025-07-16T16:08:33.114+0000][67][info][gc,init] Large Page Support: Disabled
[2025-07-16T16:08:33.114+0000][67][info][gc,init] NUMA Support: Disabled
[2025-07-16T16:08:33.114+0000][67][info][gc,init] Compressed Oops: Enabled (Zero based)
[2025-07-16T16:08:33.114+0000][67][info][gc,init] Heap Region Size: 4M
[2025-07-16T16:08:33.114+0000][67][info][gc,init] Heap Min Capacity: 3920M
[2025-07-16T16:08:33.115+0000][67][info][gc,init] Heap Initial Capacity: 3920M
[2025-07-16T16:08:33.115+0000][67][info][gc,init] Heap Max Capacity: 3920M
[2025-07-16T16:08:33.115+0000][67][info][gc,init] Pre-touch: Enabled
[2025-07-16T16:08:33.115+0000][67][info][gc,init] Parallel Workers: 8
[2025-07-16T16:08:33.115+0000][67][info][gc,init] Concurrent Workers: 2
[2025-07-16T16:08:33.115+0000][67][info][gc,init] Concurrent Refinement Workers: 8
[2025-07-16T16:08:33.115+0000][67][info][gc,init] Periodic GC: Disabled
[2025-07-16T16:08:33.121+0000][67][info][gc,metaspace] CDS archive(s) mapped at: [0x0000000800000000-0x0000000800c80000-0x0000000800c80000), size 13107200, SharedBaseAddress: 0x0000000800000000, ArchiveRelocationMode: 0.
[2025-07-16T16:08:33.121+0000][67][info][gc,metaspace] Compressed class space mapped at: 0x0000000801000000-0x0000000841000000, reserved size: 1073741824
[2025-07-16T16:08:33.121+0000][67][info][gc,metaspace] Narrow klass base: 0x0000000800000000, Narrow klass shift: 0, Narrow klass range: 0x100000000
[2025-07-16T16:08:33.605+0000][67][info][safepoint   ] Safepoint "ICBufferFull", Time since last: 382288292 ns, Reaching safepoint: 29500 ns, Cleanup: 1567958 ns, At safepoint: 7250 ns, Total: 1604708 ns
[2025-07-16T16:08:34.018+0000][67][info][safepoint   ] Safepoint "ICBufferFull", Time since last: 412296417 ns, Reaching safepoint: 3583 ns, Cleanup: 564042 ns, At safepoint: 3917 ns, Total: 571542 ns
[2025-07-16T16:08:34.447+0000][67][info][safepoint   ] Safepoint "ICBufferFull", Time since last: 428977333 ns, Reaching safepoint: 3125 ns, Cleanup: 301084 ns, At safepoint: 4083 ns, Total: 308292 ns
[2025-07-16T16:08:34.829+0000][67][info][safepoint   ] Safepoint "ICBufferFull", Time since last: 381134417 ns, Reaching safepoint: 2958 ns, Cleanup: 873708 ns, At safepoint: 3667 ns, Total: 880333 ns
[2025-07-16T16:08:35.009+0000][67][info][safepoint   ] Safepoint "ICBufferFull", Time since last: 179489125 ns, Reaching safepoint: 3000 ns, Cleanup: 473750 ns, At safepoint: 7792 ns, Total: 484542 ns
[2025-07-16T16:08:35.385+0000][67][info][safepoint   ] Safepoint "ICBufferFull", Time since last: 375218000 ns, Reaching safepoint: 3083 ns, Cleanup: 548750 ns, At safepoint: 48750 ns, Total: 600583 ns
[2025-07-16T16:08:35.604+0000][67][info][safepoint   ] Safepoint "ICBufferFull", Time since last: 217961959 ns, Reaching safepoint: 3916 ns, Cleanup: 725084 ns, At safepoint: 11000 ns, Total: 740000 ns
[2025-07-16T16:08:35.772+0000][67][info][safepoint   ] Safepoint "ICBufferFull", Time since last: 167749667 ns, Reaching safepoint: 3000 ns, Cleanup: 380583 ns, At safepoint: 11250 ns, Total: 394833 ns
[2025-07-16T16:08:36.037+0000][67][info][safepoint   ] Safepoint "ICBufferFull", Time since last: 263889125 ns, Reaching safepoint: 609875 ns, Cleanup: 255417 ns, At safepoint: 21125 ns, Total: 886417 ns
[2025-07-16T16:08:36.400+0000][67][info][safepoint   ] Safepoint "ICBufferFull", Time since last: 362826791 ns, Reaching safepoint: 3334 ns, Cleanup: 348333 ns, At safepoint: 10375 ns, Total: 362042 ns
[2025-07-16T16:08:37.042+0000][67][info][safepoint   ] Safepoint "ICBufferFull", Time since last: 631341375 ns, Reaching safepoint: 6250 ns, Cleanup: 8559250 ns, At safepoint: 701625 ns, Total: 9267125 ns
[2025-07-16T16:08:37.445+0000][67][info][gc,start    ] GC(0) Pause Young (Normal) (G1 Evacuation Pause)
[2025-07-16T16:08:37.448+0000][67][info][gc,task     ] GC(0) Using 8 workers of 8 for evacuation
[2025-07-16T16:08:37.448+0000][67][debug][gc,age      ] GC(0) Desired survivor size 14680064 bytes, new threshold 15 (max threshold 15)
[2025-07-16T16:08:37.466+0000][67][info ][gc,phases   ] GC(0)   Pre Evacuate Collection Set: 2.3ms
[2025-07-16T16:08:37.467+0000][67][info ][gc,phases   ] GC(0)   Merge Heap Roots: 0.3ms
[2025-07-16T16:08:37.467+0000][67][info ][gc,phases   ] GC(0)   Evacuate Collection Set: 9.1ms
[2025-07-16T16:08:37.467+0000][67][info ][gc,phases   ] GC(0)   Post Evacuate Collection Set: 4.3ms
[2025-07-16T16:08:37.468+0000][67][info ][gc,phases   ] GC(0)   Other: 1.0ms
[2025-07-16T16:08:37.468+0000][67][trace][gc,age      ] GC(0) Age table with threshold 15 (max threshold 15)
[2025-07-16T16:08:37.468+0000][67][trace][gc,age      ] GC(0) - age   1:   12328688 bytes,   12328688 total
[2025-07-16T16:08:37.469+0000][67][info ][gc,heap     ] GC(0) Eden regions: 49->0(45)
[2025-07-16T16:08:37.469+0000][67][info ][gc,heap     ] GC(0) Survivor regions: 0->4(7)
[2025-07-16T16:08:37.470+0000][67][info ][gc,heap     ] GC(0) Old regions: 0->0
[2025-07-16T16:08:37.470+0000][67][info ][gc,heap     ] GC(0) Archive regions: 2->2
[2025-07-16T16:08:37.470+0000][67][info ][gc,heap     ] GC(0) Humongous regions: 0->0
[2025-07-16T16:08:37.470+0000][67][info ][gc,metaspace] GC(0) Metaspace: 17746K(18240K)->17746K(18240K) NonClass: 15724K(16000K)->15724K(16000K) Class: 2021K(2240K)->2021K(2240K)
[2025-07-16T16:08:37.470+0000][67][info ][gc          ] GC(0) Pause Young (Normal) (G1 Evacuation Pause) 200M->16M(3920M) 25.527ms
[2025-07-16T16:08:37.471+0000][67][info ][gc,cpu      ] GC(0) User=0.05s Sys=0.01s Real=0.03s
[2025-07-16T16:08:37.471+0000][67][info ][safepoint   ] Safepoint "G1CollectForAllocation", Time since last: 402055334 ns, Reaching safepoint: 3917 ns, Cleanup: 1028375 ns, At safepoint: 27474083 ns, Total: 28506375 ns
[2025-07-16T16:08:37.996+0000][67][info ][gc,start    ] GC(1) Pause Young (Concurrent Start) (Metadata GC Threshold)
[2025-07-16T16:08:37.997+0000][67][info ][gc,task     ] GC(1) Using 8 workers of 8 for evacuation
[2025-07-16T16:08:37.997+0000][67][debug][gc,age      ] GC(1) Desired survivor size 14680064 bytes, new threshold 15 (max threshold 15)
[2025-07-16T16:08:38.009+0000][67][info ][gc,phases   ] GC(1)   Pre Evacuate Collection Set: 3.7ms
[2025-07-16T16:08:38.009+0000][67][info ][gc,phases   ] GC(1)   Merge Heap Roots: 0.1ms
[2025-07-16T16:08:38.009+0000][67][info ][gc,phases   ] GC(1)   Evacuate Collection Set: 5.6ms
[2025-07-16T16:08:38.009+0000][67][info ][gc,phases   ] GC(1)   Post Evacuate Collection Set: 1.4ms
[2025-07-16T16:08:38.009+0000][67][info ][gc,phases   ] GC(1)   Other: 0.7ms
[2025-07-16T16:08:38.009+0000][67][trace][gc,age      ] GC(1) Age table with threshold 15 (max threshold 15)
[2025-07-16T16:08:38.009+0000][67][trace][gc,age      ] GC(1) - age   1:    1271320 bytes,    1271320 total
[2025-07-16T16:08:38.009+0000][67][trace][gc,age      ] GC(1) - age   2:    9791496 bytes,   11062816 total
[2025-07-16T16:08:38.009+0000][67][info ][gc,heap     ] GC(1) Eden regions: 21->0(47)
[2025-07-16T16:08:38.009+0000][67][info ][gc,heap     ] GC(1) Survivor regions: 4->3(7)
[2025-07-16T16:08:38.009+0000][67][info ][gc,heap     ] GC(1) Old regions: 0->0
[2025-07-16T16:08:38.009+0000][67][info ][gc,heap     ] GC(1) Archive regions: 2->2
[2025-07-16T16:08:38.009+0000][67][info ][gc,heap     ] GC(1) Humongous regions: 0->0
[2025-07-16T16:08:38.009+0000][67][info ][gc,metaspace] GC(1) Metaspace: 21032K(21504K)->21032K(21504K) NonClass: 18685K(18944K)->18685K(18944K) Class: 2346K(2560K)->2346K(2560K)
[2025-07-16T16:08:38.009+0000][67][info ][gc          ] GC(1) Pause Young (Concurrent Start) (Metadata GC Threshold) 98M->15M(3920M) 13.588ms
[2025-07-16T16:08:38.009+0000][67][info ][gc,cpu      ] GC(1) User=0.02s Sys=0.00s Real=0.01s
[2025-07-16T16:08:38.010+0000][67][info ][safepoint   ] Safepoint "CollectForMetadataAllocation", Time since last: 523631042 ns, Reaching safepoint: 3625 ns, Cleanup: 338958 ns, At safepoint: 14349167 ns, Total: 14691750 ns
[2025-07-16T16:08:38.010+0000][67][info ][gc          ] GC(2) Concurrent Mark Cycle
[2025-07-16T16:08:38.010+0000][67][info ][gc,marking  ] GC(2) Concurrent Scan Root Regions
[2025-07-16T16:08:38.013+0000][67][info ][gc,marking  ] GC(2) Concurrent Scan Root Regions 2.862ms
[2025-07-16T16:08:38.013+0000][67][info ][gc,marking  ] GC(2) Concurrent Mark
[2025-07-16T16:08:38.013+0000][67][info ][gc,marking  ] GC(2) Concurrent Mark From Roots
[2025-07-16T16:08:38.013+0000][67][info ][gc,task     ] GC(2) Using 2 workers of 2 for marking
[2025-07-16T16:08:38.014+0000][67][info ][gc,marking  ] GC(2) Concurrent Mark From Roots 1.741ms
[2025-07-16T16:08:38.015+0000][67][info ][gc,marking  ] GC(2) Concurrent Preclean
[2025-07-16T16:08:38.015+0000][67][info ][gc,marking  ] GC(2) Concurrent Preclean 0.052ms
[2025-07-16T16:08:38.015+0000][67][info ][gc,start    ] GC(2) Pause Remark
[2025-07-16T16:08:38.019+0000][67][info ][gc          ] GC(2) Pause Remark 18M->18M(3920M) 3.647ms
[2025-07-16T16:08:38.019+0000][67][info ][gc,cpu      ] GC(2) User=0.01s Sys=0.00s Real=0.00s
[2025-07-16T16:08:38.019+0000][67][info ][safepoint   ] Safepoint "G1PauseRemark", Time since last: 5403833 ns, Reaching safepoint: 2834 ns, Cleanup: 83458 ns, At safepoint: 3798542 ns, Total: 3884834 ns
[2025-07-16T16:08:38.020+0000][67][info ][gc,marking  ] GC(2) Concurrent Mark 6.877ms
[2025-07-16T16:08:38.020+0000][67][info ][gc,marking  ] GC(2) Concurrent Rebuild Remembered Sets and Scrub Regions
[2025-07-16T16:08:38.020+0000][67][info ][gc,marking  ] GC(2) Concurrent Rebuild Remembered Sets and Scrub Regions 0.218ms
[2025-07-16T16:08:38.021+0000][67][info ][gc,start    ] GC(2) Pause Cleanup
[2025-07-16T16:08:38.021+0000][67][info ][gc          ] GC(2) Pause Cleanup 18M->18M(3920M) 0.052ms
[2025-07-16T16:08:38.021+0000][67][info ][gc,cpu      ] GC(2) User=0.00s Sys=0.00s Real=0.00s
[2025-07-16T16:08:38.021+0000][67][info ][safepoint   ] Safepoint "G1PauseCleanup", Time since last: 1177583 ns, Reaching safepoint: 521417 ns, Cleanup: 86291 ns, At safepoint: 181750 ns, Total: 789458 ns
[2025-07-16T16:08:38.021+0000][67][info ][gc,marking  ] GC(2) Concurrent Clear Claimed Marks
[2025-07-16T16:08:38.021+0000][67][info ][gc,marking  ] GC(2) Concurrent Clear Claimed Marks 0.097ms
[2025-07-16T16:08:38.021+0000][67][info ][gc,marking  ] GC(2) Concurrent Cleanup for Next Mark
[2025-07-16T16:08:38.031+0000][67][info ][gc,marking  ] GC(2) Concurrent Cleanup for Next Mark 9.655ms
[2025-07-16T16:08:38.031+0000][67][info ][gc          ] GC(2) Concurrent Mark Cycle 21.422ms
[2025-07-16T16:08:38.290+0000][67][info ][safepoint   ] Safepoint "ICBufferFull", Time since last: 268855750 ns, Reaching safepoint: 3209 ns, Cleanup: 303500 ns, At safepoint: 4208 ns, Total: 310917 ns
[2025-07-16T16:08:38.401+0000][67][info ][safepoint   ] Safepoint "ICBufferFull", Time since last: 110618042 ns, Reaching safepoint: 2833 ns, Cleanup: 203167 ns, At safepoint: 11791 ns, Total: 217791 ns
[2025-07-16T16:08:38.560+0000][67][info ][gc,start    ] GC(3) Pause Young (Normal) (G1 Evacuation Pause)
[2025-07-16T16:08:38.561+0000][67][info ][gc,task     ] GC(3) Using 8 workers of 8 for evacuation
[2025-07-16T16:08:38.561+0000][67][debug][gc,age      ] GC(3) Desired survivor size 14680064 bytes, new threshold 15 (max threshold 15)
[2025-07-16T16:08:38.575+0000][67][info ][gc,phases   ] GC(3)   Pre Evacuate Collection Set: 0.8ms
[2025-07-16T16:08:38.575+0000][67][info ][gc,phases   ] GC(3)   Merge Heap Roots: 1.0ms
[2025-07-16T16:08:38.575+0000][67][info ][gc,phases   ] GC(3)   Evacuate Collection Set: 9.8ms
[2025-07-16T16:08:38.575+0000][67][info ][gc,phases   ] GC(3)   Post Evacuate Collection Set: 1.6ms
[2025-07-16T16:08:38.575+0000][67][info ][gc,phases   ] GC(3)   Other: 0.8ms
[2025-07-16T16:08:38.575+0000][67][trace][gc,age      ] GC(3) Age table with threshold 15 (max threshold 15)
[2025-07-16T16:08:38.575+0000][67][trace][gc,age      ] GC(3) - age   1:    7112136 bytes,    7112136 total
[2025-07-16T16:08:38.575+0000][67][trace][gc,age      ] GC(3) - age   2:    1168840 bytes,    8280976 total
[2025-07-16T16:08:38.575+0000][67][trace][gc,age      ] GC(3) - age   3:    9783944 bytes,   18064920 total
[2025-07-16T16:08:38.575+0000][67][info ][gc,heap     ] GC(3) Eden regions: 47->0(70)
[2025-07-16T16:08:38.576+0000][67][info ][gc,heap     ] GC(3) Survivor regions: 3->5(7)
[2025-07-16T16:08:38.576+0000][67][info ][gc,heap     ] GC(3) Old regions: 0->0
[2025-07-16T16:08:38.576+0000][67][info ][gc,heap     ] GC(3) Archive regions: 2->2
[2025-07-16T16:08:38.576+0000][67][info ][gc,heap     ] GC(3) Humongous regions: 0->0
[2025-07-16T16:08:38.576+0000][67][info ][gc,metaspace] GC(3) Metaspace: 25379K(26048K)->25379K(26048K) NonClass: 22417K(22784K)->22417K(22784K) Class: 2962K(3264K)->2962K(3264K)
[2025-07-16T16:08:38.576+0000][67][info ][gc          ] GC(3) Pause Young (Normal) (G1 Evacuation Pause) 203M->22M(3920M) 16.048ms
[2025-07-16T16:08:38.576+0000][67][info ][gc,cpu      ] GC(3) User=0.04s Sys=0.02s Real=0.02s
[2025-07-16T16:08:38.576+0000][67][info ][safepoint   ] Safepoint "G1CollectForAllocation", Time since last: 158031251 ns, Reaching safepoint: 3791 ns, Cleanup: 159667 ns, At safepoint: 17073208 ns, Total: 17236666 ns
[2025-07-16T16:08:38.736+0000][67][info ][safepoint   ] Safepoint "ICBufferFull", Time since last: 160040334 ns, Reaching safepoint: 3291 ns, Cleanup: 146292 ns, At safepoint: 1917 ns, Total: 151500 ns
[2025-07-16T16:08:39.190+0000][67][info ][gc,start    ] GC(4) Pause Young (Normal) (G1 Evacuation Pause)
[2025-07-16T16:08:39.200+0000][67][info ][gc,task     ] GC(4) Using 8 workers of 8 for evacuation
[2025-07-16T16:08:39.201+0000][67][debug][gc,age      ] GC(4) Desired survivor size 20971520 bytes, new threshold 15 (max threshold 15)
[2025-07-16T16:08:39.256+0000][67][info ][gc,phases   ] GC(4)   Pre Evacuate Collection Set: 7.7ms
[2025-07-16T16:08:39.260+0000][67][info ][gc,phases   ] GC(4)   Merge Heap Roots: 4.5ms
[2025-07-16T16:08:39.260+0000][67][info ][gc,phases   ] GC(4)   Evacuate Collection Set: 12.8ms
[2025-07-16T16:08:39.268+0000][67][info ][gc,phases   ] GC(4)   Post Evacuate Collection Set: 13.3ms
[2025-07-16T16:08:39.268+0000][67][info ][gc,phases   ] GC(4)   Other: 17.3ms
[2025-07-16T16:08:39.272+0000][67][trace][gc,age      ] GC(4) Age table with threshold 15 (max threshold 15)
[2025-07-16T16:08:39.272+0000][67][trace][gc,age      ] GC(4) - age   1:    2911856 bytes,    2911856 total
[2025-07-16T16:08:39.274+0000][67][trace][gc,age      ] GC(4) - age   2:    5092808 bytes,    8004664 total
[2025-07-16T16:08:39.275+0000][67][trace][gc,age      ] GC(4) - age   3:    1168648 bytes,    9173312 total
[2025-07-16T16:08:39.275+0000][67][trace][gc,age      ] GC(4) - age   4:    9782696 bytes,   18956008 total
[2025-07-16T16:08:39.275+0000][67][info ][gc,heap     ] GC(4) Eden regions: 70->0(118)
[2025-07-16T16:08:39.276+0000][67][info ][gc,heap     ] GC(4) Survivor regions: 5->5(10)
[2025-07-16T16:08:39.278+0000][67][info ][gc,heap     ] GC(4) Old regions: 0->0
[2025-07-16T16:08:39.278+0000][67][info ][gc,heap     ] GC(4) Archive regions: 2->2
[2025-07-16T16:08:39.278+0000][67][info ][gc,heap     ] GC(4) Humongous regions: 0->0
[2025-07-16T16:08:39.278+0000][67][info ][gc,metaspace] GC(4) Metaspace: 26392K(27072K)->26392K(27072K) NonClass: 23306K(23680K)->23306K(23680K) Class: 3085K(3392K)->3085K(3392K)
[2025-07-16T16:08:39.278+0000][67][info ][gc          ] GC(4) Pause Young (Normal) (G1 Evacuation Pause) 302M->24M(3920M) 88.621ms
[2025-07-16T16:08:39.279+0000][67][info ][gc,cpu      ] GC(4) User=0.05s Sys=0.01s Real=0.10s
[2025-07-16T16:08:39.279+0000][67][info ][safepoint   ] Safepoint "G1CollectForAllocation", Time since last: 441129625 ns, Reaching safepoint: 4958 ns, Cleanup: 2209708 ns, At safepoint: 99436209 ns, Total: 101650875 ns
[2025-07-16T16:08:39.604+0000][67][info ][safepoint   ] Safepoint "ICBufferFull", Time since last: 322003792 ns, Reaching safepoint: 1557916 ns, Cleanup: 770542 ns, At safepoint: 14542 ns, Total: 2343000 ns
[2025-07-16T16:08:40.531+0000][67][info ][safepoint   ] Safepoint "ICBufferFull", Time since last: 926530583 ns, Reaching safepoint: 5667 ns, Cleanup: 954583 ns, At safepoint: 101834 ns, Total: 1062084 ns
[2025-07-16T16:08:41.309+0000][67][info ][gc,start    ] GC(5) Pause Young (Normal) (G1 Evacuation Pause)
[2025-07-16T16:08:41.310+0000][67][info ][gc,task     ] GC(5) Using 8 workers of 8 for evacuation
[2025-07-16T16:08:41.310+0000][67][debug][gc,age      ] GC(5) Desired survivor size 33554432 bytes, new threshold 15 (max threshold 15)
[2025-07-16T16:08:41.333+0000][67][info ][gc,phases   ] GC(5)   Pre Evacuate Collection Set: 0.3ms
[2025-07-16T16:08:41.334+0000][67][info ][gc,phases   ] GC(5)   Merge Heap Roots: 0.1ms
[2025-07-16T16:08:41.334+0000][67][info ][gc,phases   ] GC(5)   Evacuate Collection Set: 20.5ms
[2025-07-16T16:08:41.334+0000][67][info ][gc,phases   ] GC(5)   Post Evacuate Collection Set: 2.4ms
[2025-07-16T16:08:41.334+0000][67][info ][gc,phases   ] GC(5)   Other: 0.3ms
[2025-07-16T16:08:41.334+0000][67][trace][gc,age      ] GC(5) Age table with threshold 15 (max threshold 15)
[2025-07-16T16:08:41.334+0000][67][trace][gc,age      ] GC(5) - age   1:   10696096 bytes,   10696096 total
[2025-07-16T16:08:41.334+0000][67][trace][gc,age      ] GC(5) - age   2:    2690688 bytes,   13386784 total
[2025-07-16T16:08:41.334+0000][67][trace][gc,age      ] GC(5) - age   3:    5086320 bytes,   18473104 total
[2025-07-16T16:08:41.334+0000][67][trace][gc,age      ] GC(5) - age   4:    1168648 bytes,   19641752 total
[2025-07-16T16:08:41.334+0000][67][trace][gc,age      ] GC(5) - age   5:    9772064 bytes,   29413816 total
[2025-07-16T16:08:41.335+0000][67][info ][gc,heap     ] GC(5) Eden regions: 118->0(580)
[2025-07-16T16:08:41.335+0000][67][info ][gc,heap     ] GC(5) Survivor regions: 5->8(16)
[2025-07-16T16:08:41.335+0000][67][info ][gc,heap     ] GC(5) Old regions: 0->0
[2025-07-16T16:08:41.335+0000][67][info ][gc,heap     ] GC(5) Archive regions: 2->2
[2025-07-16T16:08:41.335+0000][67][info ][gc,heap     ] GC(5) Humongous regions: 0->0
[2025-07-16T16:08:41.335+0000][67][info ][gc,metaspace] GC(5) Metaspace: 33727K(34560K)->33727K(34560K) NonClass: 29793K(30272K)->29793K(30272K) Class: 3933K(4288K)->3933K(4288K)
[2025-07-16T16:08:41.335+0000][67][info ][gc          ] GC(5) Pause Young (Normal) (G1 Evacuation Pause) 496M->34M(3920M) 26.019ms
[2025-07-16T16:08:41.335+0000][67][info ][gc,cpu      ] GC(5) User=0.10s Sys=0.03s Real=0.03s
[2025-07-16T16:08:41.335+0000][67][info ][safepoint   ] Safepoint "G1CollectForAllocation", Time since last: 777406042 ns, Reaching safepoint: 18583 ns, Cleanup: 369792 ns, At safepoint: 26511208 ns, Total: 26899583 ns
[2025-07-16T16:08:42.373+0000][67][info ][safepoint   ] Safepoint "Cleanup", Time since last: 1008537042 ns, Reaching safepoint: 6067959 ns, Cleanup: 21267083 ns, At safepoint: 15542 ns, Total: 27350584 ns
[2025-07-16T16:08:42.579+0000][67][info ][gc,start    ] GC(6) Pause Young (Concurrent Start) (Metadata GC Threshold)
[2025-07-16T16:08:42.584+0000][67][info ][gc,task     ] GC(6) Using 8 workers of 8 for evacuation
[2025-07-16T16:08:42.584+0000][67][debug][gc,age      ] GC(6) Desired survivor size 155189248 bytes, new threshold 15 (max threshold 15)
[2025-07-16T16:08:42.624+0000][67][info ][gc,phases   ] GC(6)   Pre Evacuate Collection Set: 1.1ms
[2025-07-16T16:08:42.629+0000][67][info ][gc,phases   ] GC(6)   Merge Heap Roots: 0.1ms
[2025-07-16T16:08:42.629+0000][67][info ][gc,phases   ] GC(6)   Evacuate Collection Set: 21.9ms
[2025-07-16T16:08:42.629+0000][67][info ][gc,phases   ] GC(6)   Post Evacuate Collection Set: 6.8ms
[2025-07-16T16:08:42.629+0000][67][info ][gc,phases   ] GC(6)   Other: 2.3ms
[2025-07-16T16:08:42.630+0000][67][trace][gc,age      ] GC(6) Age table with threshold 15 (max threshold 15)
[2025-07-16T16:08:42.630+0000][67][trace][gc,age      ] GC(6) - age   1:    3318432 bytes,    3318432 total
[2025-07-16T16:08:42.630+0000][67][trace][gc,age      ] GC(6) - age   2:    8679536 bytes,   11997968 total
[2025-07-16T16:08:42.631+0000][67][trace][gc,age      ] GC(6) - age   3:    2677496 bytes,   14675464 total
[2025-07-16T16:08:42.631+0000][67][trace][gc,age      ] GC(6) - age   4:    5075768 bytes,   19751232 total
[2025-07-16T16:08:42.631+0000][67][trace][gc,age      ] GC(6) - age   5:    1164384 bytes,   20915616 total
[2025-07-16T16:08:42.631+0000][67][trace][gc,age      ] GC(6) - age   6:    9625200 bytes,   30540816 total
[2025-07-16T16:08:42.633+0000][67][info ][gc,heap     ] GC(6) Eden regions: 49->0(580)
[2025-07-16T16:08:42.633+0000][67][info ][gc,heap     ] GC(6) Survivor regions: 8->8(74)
[2025-07-16T16:08:42.633+0000][67][info ][gc,heap     ] GC(6) Old regions: 0->0
[2025-07-16T16:08:42.633+0000][67][info ][gc,heap     ] GC(6) Archive regions: 2->2
[2025-07-16T16:08:42.633+0000][67][info ][gc,heap     ] GC(6) Humongous regions: 0->0
[2025-07-16T16:08:42.638+0000][67][info ][gc,metaspace] GC(6) Metaspace: 35273K(36096K)->35273K(36096K) NonClass: 31148K(31616K)->31148K(31616K) Class: 4124K(4480K)->4124K(4480K)
[2025-07-16T16:08:42.638+0000][67][info ][gc          ] GC(6) Pause Young (Concurrent Start) (Metadata GC Threshold) 230M->35M(3920M) 59.147ms
[2025-07-16T16:08:42.639+0000][67][info ][gc,cpu      ] GC(6) User=0.08s Sys=0.05s Real=0.06s
[2025-07-16T16:08:42.639+0000][67][info ][gc          ] GC(7) Concurrent Mark Cycle
[2025-07-16T16:08:42.639+0000][67][info ][gc,marking  ] GC(7) Concurrent Scan Root Regions
[2025-07-16T16:08:42.640+0000][67][info ][safepoint   ] Safepoint "CollectForMetadataAllocation", Time since last: 206410458 ns, Reaching safepoint: 6375 ns, Cleanup: 1070250 ns, At safepoint: 61677583 ns, Total: 62754208 ns
[2025-07-16T16:08:42.644+0000][67][info ][gc,marking  ] GC(7) Concurrent Scan Root Regions 4.881ms
[2025-07-16T16:08:42.644+0000][67][info ][gc,marking  ] GC(7) Concurrent Mark
[2025-07-16T16:08:42.644+0000][67][info ][gc,marking  ] GC(7) Concurrent Mark From Roots
[2025-07-16T16:08:42.644+0000][67][info ][gc,task     ] GC(7) Using 2 workers of 2 for marking
[2025-07-16T16:08:42.646+0000][67][info ][gc,marking  ] GC(7) Concurrent Mark From Roots 2.021ms
[2025-07-16T16:08:42.646+0000][67][info ][gc,marking  ] GC(7) Concurrent Preclean
[2025-07-16T16:08:42.646+0000][67][info ][gc,marking  ] GC(7) Concurrent Preclean 0.061ms
[2025-07-16T16:08:42.648+0000][67][info ][gc,start    ] GC(7) Pause Remark
[2025-07-16T16:08:42.665+0000][67][info ][gc          ] GC(7) Pause Remark 39M->39M(3920M) 17.069ms
[2025-07-16T16:08:42.665+0000][67][info ][gc,cpu      ] GC(7) User=0.01s Sys=0.01s Real=0.02s
[2025-07-16T16:08:42.665+0000][67][info ][safepoint   ] Safepoint "G1PauseRemark", Time since last: 6348250 ns, Reaching safepoint: 864042 ns, Cleanup: 117417 ns, At safepoint: 17478416 ns, Total: 18459875 ns
[2025-07-16T16:08:42.666+0000][67][info ][gc,marking  ] GC(7) Concurrent Mark 21.491ms
[2025-07-16T16:08:42.666+0000][67][info ][gc,marking  ] GC(7) Concurrent Rebuild Remembered Sets and Scrub Regions
[2025-07-16T16:08:42.666+0000][67][info ][gc,marking  ] GC(7) Concurrent Rebuild Remembered Sets and Scrub Regions 0.455ms
[2025-07-16T16:08:42.668+0000][67][info ][gc,start    ] GC(7) Pause Cleanup
[2025-07-16T16:08:42.668+0000][67][info ][gc          ] GC(7) Pause Cleanup 39M->39M(3920M) 0.134ms
[2025-07-16T16:08:42.668+0000][67][info ][gc,cpu      ] GC(7) User=0.00s Sys=0.00s Real=0.00s
[2025-07-16T16:08:42.668+0000][67][info ][safepoint   ] Safepoint "G1PauseCleanup", Time since last: 1186375 ns, Reaching safepoint: 1215709 ns, Cleanup: 247041 ns, At safepoint: 348834 ns, Total: 1811584 ns
[2025-07-16T16:08:42.669+0000][67][info ][gc,marking  ] GC(7) Concurrent Clear Claimed Marks
[2025-07-16T16:08:42.669+0000][67][info ][gc,marking  ] GC(7) Concurrent Clear Claimed Marks 0.262ms
[2025-07-16T16:08:42.669+0000][67][info ][gc,marking  ] GC(7) Concurrent Cleanup for Next Mark
[2025-07-16T16:08:42.674+0000][67][info ][gc,marking  ] GC(7) Concurrent Cleanup for Next Mark 5.015ms
[2025-07-16T16:08:42.675+0000][67][info ][gc          ] GC(7) Concurrent Mark Cycle 35.734ms
[2025-07-16T16:08:43.679+0000][67][info ][safepoint   ] Safepoint "Cleanup", Time since last: 1005841875 ns, Reaching safepoint: 1755709 ns, Cleanup: 2221666 ns, At safepoint: 133125 ns, Total: 4110500 ns
[2025-07-16T16:08:44.711+0000][67][info ][safepoint   ] Safepoint "Cleanup", Time since last: 1008670126 ns, Reaching safepoint: 16830041 ns, Cleanup: 4396709 ns, At safepoint: 19833 ns, Total: 21246583 ns
[2025-07-16T16:08:45.754+0000][67][info ][safepoint   ] Safepoint "Cleanup", Time since last: 1014623459 ns, Reaching safepoint: 21399375 ns, Cleanup: 8491542 ns, At safepoint: 138291 ns, Total: 30029208 ns
[2025-07-16T16:08:46.765+0000][67][info ][safepoint   ] Safepoint "Cleanup", Time since last: 1004686001 ns, Reaching safepoint: 3043333 ns, Cleanup: 1733167 ns, At safepoint: 15083 ns, Total: 4791583 ns
[2025-07-16T16:08:47.797+0000][67][info ][safepoint   ] Safepoint "Cleanup", Time since last: 1025747626 ns, Reaching safepoint: 1608958 ns, Cleanup: 6167625 ns, At safepoint: 13833 ns, Total: 7790416 ns
[2025-07-16T16:08:48.682+0000][67][info ][safepoint   ] Safepoint "ICBufferFull", Time since last: 885469834 ns, Reaching safepoint: 3542 ns, Cleanup: 490250 ns, At safepoint: 15375 ns, Total: 509167 ns
[2025-07-16T16:08:49.759+0000][67][info ][safepoint   ] Safepoint "Cleanup", Time since last: 1071481084 ns, Reaching safepoint: 1372250 ns, Cleanup: 3975500 ns, At safepoint: 13833 ns, Total: 5361583 ns
[2025-07-16T16:08:50.791+0000][67][info ][safepoint   ] Safepoint "Cleanup", Time since last: 1015315459 ns, Reaching safepoint: 9343458 ns, Cleanup: 3046792 ns, At safepoint: 16833 ns, Total: 12407083 ns
[2025-07-16T16:08:51.866+0000][67][info ][safepoint   ] Safepoint "Cleanup", Time since last: 1019759959 ns, Reaching safepoint: 25253750 ns, Cleanup: 30393667 ns, At safepoint: 34958 ns, Total: 55682375 ns
[2025-07-16T16:08:52.874+0000][67][info ][safepoint   ] Safepoint "Cleanup", Time since last: 1029837500 ns, Reaching safepoint: 1954208 ns, Cleanup: 1630417 ns, At safepoint: 119042 ns, Total: 3703667 ns
[2025-07-16T16:08:53.889+0000][67][info ][safepoint   ] Safepoint "Cleanup", Time since last: 1013472125 ns, Reaching safepoint: 826958 ns, Cleanup: 1161667 ns, At safepoint: 7125 ns, Total: 1995750 ns
[2025-07-16T16:08:54.990+0000][67][info ][safepoint   ] Safepoint "ICBufferFull", Time since last: 1101030417 ns, Reaching safepoint: 23125 ns, Cleanup: 186042 ns, At safepoint: 2375 ns, Total: 211542 ns
[2025-07-16T16:08:56.336+0000][67][info ][safepoint   ] Safepoint "ICBufferFull", Time since last: 1345405876 ns, Reaching safepoint: 13666 ns, Cleanup: 247584 ns, At safepoint: 4333 ns, Total: 265583 ns
[2025-07-16T16:08:57.341+0000][67][info ][safepoint   ] Safepoint "Cleanup", Time since last: 1004231959 ns, Reaching safepoint: 38583 ns, Cleanup: 497250 ns, At safepoint: 24667 ns, Total: 560500 ns
[2025-07-16T16:08:58.303+0000][67][info ][safepoint   ] Safepoint "ICBufferFull", Time since last: 959509542 ns, Reaching safepoint: 2236417 ns, Cleanup: 309125 ns, At safepoint: 20416 ns, Total: 2565958 ns
