[2025-07-16T14:37:13.877+0000][67][info][gc,init] CardTable entry size: 512
[2025-07-16T14:37:13.877+0000][67][info][gc     ] Using G1
[2025-07-16T14:37:19.062+0000][67][info][gc,init] Version: 20.0.1+9-29 (release)
[2025-07-16T14:37:19.066+0000][67][info][gc,init] CPUs: 8 total, 8 available
[2025-07-16T14:37:19.066+0000][67][info][gc,init] Memory: 7837M
[2025-07-16T14:37:19.066+0000][67][info][gc,init] Large Page Support: Disabled
[2025-07-16T14:37:19.066+0000][67][info][gc,init] NUMA Support: Disabled
[2025-07-16T14:37:19.066+0000][67][info][gc,init] Compressed Oops: Enabled (Zero based)
[2025-07-16T14:37:19.066+0000][67][info][gc,init] Heap Region Size: 4M
[2025-07-16T14:37:19.067+0000][67][info][gc,init] Heap Min Capacity: 3920M
[2025-07-16T14:37:19.067+0000][67][info][gc,init] Heap Initial Capacity: 3920M
[2025-07-16T14:37:19.067+0000][67][info][gc,init] Heap Max Capacity: 3920M
[2025-07-16T14:37:19.067+0000][67][info][gc,init] Pre-touch: Enabled
[2025-07-16T14:37:19.067+0000][67][info][gc,init] Parallel Workers: 8
[2025-07-16T14:37:19.068+0000][67][info][gc,init] Concurrent Workers: 2
[2025-07-16T14:37:19.069+0000][67][info][gc,init] Concurrent Refinement Workers: 8
[2025-07-16T14:37:19.069+0000][67][info][gc,init] Periodic GC: Disabled
[2025-07-16T14:37:19.074+0000][67][info][gc,metaspace] CDS archive(s) mapped at: [0x0000000800000000-0x0000000800c80000-0x0000000800c80000), size 13107200, SharedBaseAddress: 0x0000000800000000, ArchiveRelocationMode: 0.
[2025-07-16T14:37:19.074+0000][67][info][gc,metaspace] Compressed class space mapped at: 0x0000000801000000-0x0000000841000000, reserved size: 1073741824
[2025-07-16T14:37:19.074+0000][67][info][gc,metaspace] Narrow klass base: 0x0000000800000000, Narrow klass shift: 0, Narrow klass range: 0x100000000
[2025-07-16T14:37:19.465+0000][67][info][safepoint   ] Safepoint "ICBufferFull", Time since last: 317541000 ns, Reaching safepoint: 3083 ns, Cleanup: 905875 ns, At safepoint: 12458 ns, Total: 921416 ns
[2025-07-16T14:37:19.847+0000][67][info][safepoint   ] Safepoint "ICBufferFull", Time since last: 382373626 ns, Reaching safepoint: 2583 ns, Cleanup: 385583 ns, At safepoint: 2875 ns, Total: 391041 ns
[2025-07-16T14:37:20.287+0000][67][info][safepoint   ] Safepoint "ICBufferFull", Time since last: 443574917 ns, Reaching safepoint: 1005667 ns, Cleanup: 257833 ns, At safepoint: 7375 ns, Total: 1270875 ns
[2025-07-16T14:37:20.642+0000][67][info][safepoint   ] Safepoint "ICBufferFull", Time since last: 352737792 ns, Reaching safepoint: 3208 ns, Cleanup: 2172083 ns, At safepoint: 11417 ns, Total: 2186708 ns
[2025-07-16T14:37:20.842+0000][67][info][safepoint   ] Safepoint "ICBufferFull", Time since last: 197126083 ns, Reaching safepoint: 2542 ns, Cleanup: 2388792 ns, At safepoint: 10208 ns, Total: 2401542 ns
[2025-07-16T14:37:21.117+0000][67][info][safepoint   ] Safepoint "ICBufferFull", Time since last: 274432625 ns, Reaching safepoint: 913167 ns, Cleanup: 378333 ns, At safepoint: 12917 ns, Total: 1304417 ns
[2025-07-16T14:37:21.199+0000][67][info][safepoint   ] Safepoint "ICBufferFull", Time since last: 81030375 ns, Reaching safepoint: 3042 ns, Cleanup: 378750 ns, At safepoint: 9791 ns, Total: 391583 ns
[2025-07-16T14:37:21.503+0000][67][info][safepoint   ] Safepoint "ICBufferFull", Time since last: 303521334 ns, Reaching safepoint: 616583 ns, Cleanup: 485542 ns, At safepoint: 24791 ns, Total: 1126916 ns
[2025-07-16T14:37:21.876+0000][67][info][safepoint   ] Safepoint "ICBufferFull", Time since last: 372664792 ns, Reaching safepoint: 13709 ns, Cleanup: 424250 ns, At safepoint: 11333 ns, Total: 449292 ns
[2025-07-16T14:37:21.977+0000][67][info][safepoint   ] Safepoint "ICBufferFull", Time since last: 99936333 ns, Reaching safepoint: 3334 ns, Cleanup: 151333 ns, At safepoint: 11333 ns, Total: 166000 ns
[2025-07-16T14:37:22.238+0000][67][info][safepoint   ] Safepoint "ICBufferFull", Time since last: 260496042 ns, Reaching safepoint: 728958 ns, Cleanup: 338667 ns, At safepoint: 9208 ns, Total: 1076833 ns
[2025-07-16T14:37:22.321+0000][67][info][gc,start    ] GC(0) Pause Young (Normal) (G1 Evacuation Pause)
[2025-07-16T14:37:22.322+0000][67][info][gc,task     ] GC(0) Using 8 workers of 8 for evacuation
[2025-07-16T14:37:22.322+0000][67][debug][gc,age      ] GC(0) Desired survivor size 14680064 bytes, new threshold 15 (max threshold 15)
[2025-07-16T14:37:22.335+0000][67][info ][gc,phases   ] GC(0)   Pre Evacuate Collection Set: 2.7ms
[2025-07-16T14:37:22.335+0000][67][info ][gc,phases   ] GC(0)   Merge Heap Roots: 0.3ms
[2025-07-16T14:37:22.335+0000][67][info ][gc,phases   ] GC(0)   Evacuate Collection Set: 6.6ms
[2025-07-16T14:37:22.335+0000][67][info ][gc,phases   ] GC(0)   Post Evacuate Collection Set: 2.6ms
[2025-07-16T14:37:22.335+0000][67][info ][gc,phases   ] GC(0)   Other: 0.6ms
[2025-07-16T14:37:22.335+0000][67][trace][gc,age      ] GC(0) Age table with threshold 15 (max threshold 15)
[2025-07-16T14:37:22.335+0000][67][trace][gc,age      ] GC(0) - age   1:   12322616 bytes,   12322616 total
[2025-07-16T14:37:22.335+0000][67][info ][gc,heap     ] GC(0) Eden regions: 49->0(46)
[2025-07-16T14:37:22.336+0000][67][info ][gc,heap     ] GC(0) Survivor regions: 0->3(7)
[2025-07-16T14:37:22.336+0000][67][info ][gc,heap     ] GC(0) Old regions: 0->0
[2025-07-16T14:37:22.336+0000][67][info ][gc,heap     ] GC(0) Archive regions: 2->2
[2025-07-16T14:37:22.336+0000][67][info ][gc,heap     ] GC(0) Humongous regions: 0->0
[2025-07-16T14:37:22.336+0000][67][info ][gc,metaspace] GC(0) Metaspace: 17702K(18176K)->17702K(18176K) NonClass: 15680K(15936K)->15680K(15936K) Class: 2021K(2240K)->2021K(2240K)
[2025-07-16T14:37:22.336+0000][67][info ][gc          ] GC(0) Pause Young (Normal) (G1 Evacuation Pause) 200M->16M(3920M) 15.421ms
[2025-07-16T14:37:22.336+0000][67][info ][gc,cpu      ] GC(0) User=0.03s Sys=0.00s Real=0.01s
[2025-07-16T14:37:22.336+0000][67][info ][safepoint   ] Safepoint "G1CollectForAllocation", Time since last: 80810126 ns, Reaching safepoint: 3000 ns, Cleanup: 189416 ns, At safepoint: 16855292 ns, Total: 17047708 ns
[2025-07-16T14:37:22.630+0000][67][info ][safepoint   ] Safepoint "ICBufferFull", Time since last: 293829917 ns, Reaching safepoint: 2458 ns, Cleanup: 226083 ns, At safepoint: 4375 ns, Total: 232916 ns
[2025-07-16T14:37:22.643+0000][67][info ][gc,start    ] GC(1) Pause Young (Concurrent Start) (Metadata GC Threshold)
[2025-07-16T14:37:22.643+0000][67][info ][gc,task     ] GC(1) Using 8 workers of 8 for evacuation
[2025-07-16T14:37:22.643+0000][67][debug][gc,age      ] GC(1) Desired survivor size 14680064 bytes, new threshold 15 (max threshold 15)
[2025-07-16T14:37:22.652+0000][67][info ][gc,phases   ] GC(1)   Pre Evacuate Collection Set: 2.4ms
[2025-07-16T14:37:22.652+0000][67][info ][gc,phases   ] GC(1)   Merge Heap Roots: 0.0ms
[2025-07-16T14:37:22.652+0000][67][info ][gc,phases   ] GC(1)   Evacuate Collection Set: 5.7ms
[2025-07-16T14:37:22.652+0000][67][info ][gc,phases   ] GC(1)   Post Evacuate Collection Set: 0.7ms
[2025-07-16T14:37:22.652+0000][67][info ][gc,phases   ] GC(1)   Other: 0.2ms
[2025-07-16T14:37:22.653+0000][67][trace][gc,age      ] GC(1) Age table with threshold 15 (max threshold 15)
[2025-07-16T14:37:22.653+0000][67][trace][gc,age      ] GC(1) - age   1:    1198408 bytes,    1198408 total
[2025-07-16T14:37:22.653+0000][67][trace][gc,age      ] GC(1) - age   2:    9792240 bytes,   10990648 total
[2025-07-16T14:37:22.653+0000][67][info ][gc,heap     ] GC(1) Eden regions: 21->0(53)
[2025-07-16T14:37:22.653+0000][67][info ][gc,heap     ] GC(1) Survivor regions: 3->4(7)
[2025-07-16T14:37:22.653+0000][67][info ][gc,heap     ] GC(1) Old regions: 0->0
[2025-07-16T14:37:22.653+0000][67][info ][gc,heap     ] GC(1) Archive regions: 2->2
[2025-07-16T14:37:22.653+0000][67][info ][gc,heap     ] GC(1) Humongous regions: 0->0
[2025-07-16T14:37:22.653+0000][67][info ][gc,metaspace] GC(1) Metaspace: 21041K(21504K)->21041K(21504K) NonClass: 18689K(18944K)->18689K(18944K) Class: 2352K(2560K)->2352K(2560K)
[2025-07-16T14:37:22.653+0000][67][info ][gc          ] GC(1) Pause Young (Concurrent Start) (Metadata GC Threshold) 98M->16M(3920M) 10.276ms
[2025-07-16T14:37:22.653+0000][67][info ][gc,cpu      ] GC(1) User=0.02s Sys=0.00s Real=0.01s
[2025-07-16T14:37:22.653+0000][67][info ][gc          ] GC(2) Concurrent Mark Cycle
[2025-07-16T14:37:22.653+0000][67][info ][gc,marking  ] GC(2) Concurrent Scan Root Regions
[2025-07-16T14:37:22.654+0000][67][info ][safepoint   ] Safepoint "CollectForMetadataAllocation", Time since last: 12683167 ns, Reaching safepoint: 2292 ns, Cleanup: 119125 ns, At safepoint: 10653083 ns, Total: 10774500 ns
[2025-07-16T14:37:22.657+0000][67][info ][gc,marking  ] GC(2) Concurrent Scan Root Regions 3.750ms
[2025-07-16T14:37:22.657+0000][67][info ][gc,marking  ] GC(2) Concurrent Mark
[2025-07-16T14:37:22.657+0000][67][info ][gc,marking  ] GC(2) Concurrent Mark From Roots
[2025-07-16T14:37:22.657+0000][67][info ][gc,task     ] GC(2) Using 2 workers of 2 for marking
[2025-07-16T14:37:22.658+0000][67][info ][gc,marking  ] GC(2) Concurrent Mark From Roots 1.117ms
[2025-07-16T14:37:22.659+0000][67][info ][gc,marking  ] GC(2) Concurrent Preclean
[2025-07-16T14:37:22.659+0000][67][info ][gc,marking  ] GC(2) Concurrent Preclean 0.081ms
[2025-07-16T14:37:22.661+0000][67][info ][gc,start    ] GC(2) Pause Remark
[2025-07-16T14:37:22.664+0000][67][info ][gc          ] GC(2) Pause Remark 19M->19M(3920M) 3.023ms
[2025-07-16T14:37:22.664+0000][67][info ][gc,cpu      ] GC(2) User=0.01s Sys=0.00s Real=0.00s
[2025-07-16T14:37:22.664+0000][67][info ][safepoint   ] Safepoint "G1PauseRemark", Time since last: 6390000 ns, Reaching safepoint: 914250 ns, Cleanup: 96083 ns, At safepoint: 3139750 ns, Total: 4150083 ns
[2025-07-16T14:37:22.664+0000][67][info ][gc,marking  ] GC(2) Concurrent Mark 7.107ms
[2025-07-16T14:37:22.664+0000][67][info ][gc,marking  ] GC(2) Concurrent Rebuild Remembered Sets and Scrub Regions
[2025-07-16T14:37:22.665+0000][67][info ][gc,marking  ] GC(2) Concurrent Rebuild Remembered Sets and Scrub Regions 0.195ms
[2025-07-16T14:37:22.666+0000][67][info ][gc,start    ] GC(2) Pause Cleanup
[2025-07-16T14:37:22.666+0000][67][info ][gc          ] GC(2) Pause Cleanup 19M->19M(3920M) 0.115ms
[2025-07-16T14:37:22.666+0000][67][info ][gc,cpu      ] GC(2) User=0.00s Sys=0.00s Real=0.00s
[2025-07-16T14:37:22.666+0000][67][info ][safepoint   ] Safepoint "G1PauseCleanup", Time since last: 735042 ns, Reaching safepoint: 1016708 ns, Cleanup: 65250 ns, At safepoint: 247709 ns, Total: 1329667 ns
[2025-07-16T14:37:22.667+0000][67][info ][gc,marking  ] GC(2) Concurrent Clear Claimed Marks
[2025-07-16T14:37:22.667+0000][67][info ][gc,marking  ] GC(2) Concurrent Clear Claimed Marks 0.267ms
[2025-07-16T14:37:22.667+0000][67][info ][gc,marking  ] GC(2) Concurrent Cleanup for Next Mark
[2025-07-16T14:37:22.669+0000][67][info ][gc,marking  ] GC(2) Concurrent Cleanup for Next Mark 1.913ms
[2025-07-16T14:37:22.669+0000][67][info ][gc          ] GC(2) Concurrent Mark Cycle 16.254ms
[2025-07-16T14:37:22.897+0000][67][info ][safepoint   ] Safepoint "ICBufferFull", Time since last: 230194041 ns, Reaching safepoint: 6417 ns, Cleanup: 289750 ns, At safepoint: 3000 ns, Total: 299167 ns
[2025-07-16T14:37:23.147+0000][67][info ][safepoint   ] Safepoint "ICBufferFull", Time since last: 249909417 ns, Reaching safepoint: 3125 ns, Cleanup: 329125 ns, At safepoint: 11417 ns, Total: 343667 ns
[2025-07-16T14:37:23.372+0000][67][info ][gc,start    ] GC(3) Pause Young (Normal) (G1 Evacuation Pause)
[2025-07-16T14:37:23.372+0000][67][info ][gc,task     ] GC(3) Using 8 workers of 8 for evacuation
[2025-07-16T14:37:23.372+0000][67][debug][gc,age      ] GC(3) Desired survivor size 16777216 bytes, new threshold 15 (max threshold 15)
[2025-07-16T14:37:23.381+0000][67][info ][gc,phases   ] GC(3)   Pre Evacuate Collection Set: 0.3ms
[2025-07-16T14:37:23.382+0000][67][info ][gc,phases   ] GC(3)   Merge Heap Roots: 0.1ms
[2025-07-16T14:37:23.382+0000][67][info ][gc,phases   ] GC(3)   Evacuate Collection Set: 7.3ms
[2025-07-16T14:37:23.382+0000][67][info ][gc,phases   ] GC(3)   Post Evacuate Collection Set: 1.1ms
[2025-07-16T14:37:23.382+0000][67][info ][gc,phases   ] GC(3)   Other: 0.2ms
[2025-07-16T14:37:23.382+0000][67][trace][gc,age      ] GC(3) Age table with threshold 15 (max threshold 15)
[2025-07-16T14:37:23.382+0000][67][trace][gc,age      ] GC(3) - age   1:    7368560 bytes,    7368560 total
[2025-07-16T14:37:23.382+0000][67][trace][gc,age      ] GC(3) - age   2:    1172880 bytes,    8541440 total
[2025-07-16T14:37:23.382+0000][67][trace][gc,age      ] GC(3) - age   3:    9784688 bytes,   18326128 total
[2025-07-16T14:37:23.382+0000][67][info ][gc,heap     ] GC(3) Eden regions: 53->0(72)
[2025-07-16T14:37:23.382+0000][67][info ][gc,heap     ] GC(3) Survivor regions: 4->5(8)
[2025-07-16T14:37:23.382+0000][67][info ][gc,heap     ] GC(3) Old regions: 0->0
[2025-07-16T14:37:23.382+0000][67][info ][gc,heap     ] GC(3) Archive regions: 2->2
[2025-07-16T14:37:23.382+0000][67][info ][gc,heap     ] GC(3) Humongous regions: 0->0
[2025-07-16T14:37:23.382+0000][67][info ][gc,metaspace] GC(3) Metaspace: 25573K(26240K)->25573K(26240K) NonClass: 22588K(22976K)->22588K(22976K) Class: 2985K(3264K)->2985K(3264K)
[2025-07-16T14:37:23.382+0000][67][info ][gc          ] GC(3) Pause Young (Normal) (G1 Evacuation Pause) 228M->23M(3920M) 10.094ms
[2025-07-16T14:37:23.382+0000][67][info ][gc,cpu      ] GC(3) User=0.04s Sys=0.00s Real=0.01s
[2025-07-16T14:37:23.382+0000][67][info ][safepoint   ] Safepoint "G1CollectForAllocation", Time since last: 225067291 ns, Reaching safepoint: 3667 ns, Cleanup: 170375 ns, At safepoint: 10242875 ns, Total: 10416917 ns
[2025-07-16T14:37:23.510+0000][67][info ][safepoint   ] Safepoint "ICBufferFull", Time since last: 127095917 ns, Reaching safepoint: 3291 ns, Cleanup: 170875 ns, At safepoint: 5209 ns, Total: 179375 ns
[2025-07-16T14:37:23.760+0000][67][info ][safepoint   ] Safepoint "ICBufferFull", Time since last: 250097125 ns, Reaching safepoint: 2625 ns, Cleanup: 198125 ns, At safepoint: 8125 ns, Total: 208875 ns
[2025-07-16T14:37:23.821+0000][67][info ][gc,start    ] GC(4) Pause Young (Normal) (G1 Evacuation Pause)
[2025-07-16T14:37:23.822+0000][67][info ][gc,task     ] GC(4) Using 8 workers of 8 for evacuation
[2025-07-16T14:37:23.826+0000][67][debug][gc,age      ] GC(4) Desired survivor size 20971520 bytes, new threshold 15 (max threshold 15)
[2025-07-16T14:37:23.842+0000][67][info ][gc,phases   ] GC(4)   Pre Evacuate Collection Set: 2.8ms
[2025-07-16T14:37:23.842+0000][67][info ][gc,phases   ] GC(4)   Merge Heap Roots: 0.3ms
[2025-07-16T14:37:23.842+0000][67][info ][gc,phases   ] GC(4)   Evacuate Collection Set: 8.3ms
[2025-07-16T14:37:23.842+0000][67][info ][gc,phases   ] GC(4)   Post Evacuate Collection Set: 1.1ms
[2025-07-16T14:37:23.842+0000][67][info ][gc,phases   ] GC(4)   Other: 7.2ms
[2025-07-16T14:37:23.842+0000][67][trace][gc,age      ] GC(4) Age table with threshold 15 (max threshold 15)
[2025-07-16T14:37:23.842+0000][67][trace][gc,age      ] GC(4) - age   1:    3928608 bytes,    3928608 total
[2025-07-16T14:37:23.842+0000][67][trace][gc,age      ] GC(4) - age   2:    5597000 bytes,    9525608 total
[2025-07-16T14:37:23.842+0000][67][trace][gc,age      ] GC(4) - age   3:    1172688 bytes,   10698296 total
[2025-07-16T14:37:23.842+0000][67][trace][gc,age      ] GC(4) - age   4:    9782800 bytes,   20481096 total
[2025-07-16T14:37:23.842+0000][67][info ][gc,heap     ] GC(4) Eden regions: 72->0(207)
[2025-07-16T14:37:23.842+0000][67][info ][gc,heap     ] GC(4) Survivor regions: 5->6(10)
[2025-07-16T14:37:23.842+0000][67][info ][gc,heap     ] GC(4) Old regions: 0->0
[2025-07-16T14:37:23.842+0000][67][info ][gc,heap     ] GC(4) Archive regions: 2->2
[2025-07-16T14:37:23.842+0000][67][info ][gc,heap     ] GC(4) Humongous regions: 0->0
[2025-07-16T14:37:23.842+0000][67][info ][gc,metaspace] GC(4) Metaspace: 27407K(28096K)->27407K(28096K) NonClass: 24226K(24576K)->24226K(24576K) Class: 3180K(3520K)->3180K(3520K)
[2025-07-16T14:37:23.843+0000][67][info ][gc          ] GC(4) Pause Young (Normal) (G1 Evacuation Pause) 311M->25M(3920M) 21.724ms
[2025-07-16T14:37:23.843+0000][67][info ][gc,cpu      ] GC(4) User=0.05s Sys=0.00s Real=0.02s
[2025-07-16T14:37:23.843+0000][67][info ][safepoint   ] Safepoint "G1CollectForAllocation", Time since last: 59897375 ns, Reaching safepoint: 3500 ns, Cleanup: 974250 ns, At safepoint: 21851417 ns, Total: 22829167 ns
[2025-07-16T14:37:24.286+0000][67][info ][safepoint   ] Safepoint "ICBufferFull", Time since last: 443315041 ns, Reaching safepoint: 2834 ns, Cleanup: 150291 ns, At safepoint: 7084 ns, Total: 160209 ns
[2025-07-16T14:37:24.791+0000][67][info ][safepoint   ] Safepoint "ICBufferFull", Time since last: 504296042 ns, Reaching safepoint: 3666 ns, Cleanup: 183834 ns, At safepoint: 7791 ns, Total: 195291 ns
[2025-07-16T14:37:24.967+0000][67][info ][gc,start    ] GC(5) Pause Young (Concurrent Start) (Metadata GC Threshold)
[2025-07-16T14:37:24.967+0000][67][info ][gc,task     ] GC(5) Using 8 workers of 8 for evacuation
[2025-07-16T14:37:24.967+0000][67][debug][gc,age      ] GC(5) Desired survivor size 56623104 bytes, new threshold 15 (max threshold 15)
[2025-07-16T14:37:24.983+0000][67][info ][gc,phases   ] GC(5)   Pre Evacuate Collection Set: 0.3ms
[2025-07-16T14:37:24.983+0000][67][info ][gc,phases   ] GC(5)   Merge Heap Roots: 0.1ms
[2025-07-16T14:37:24.983+0000][67][info ][gc,phases   ] GC(5)   Evacuate Collection Set: 13.8ms
[2025-07-16T14:37:24.984+0000][67][info ][gc,phases   ] GC(5)   Post Evacuate Collection Set: 1.4ms
[2025-07-16T14:37:24.984+0000][67][info ][gc,phases   ] GC(5)   Other: 0.5ms
[2025-07-16T14:37:24.984+0000][67][trace][gc,age      ] GC(5) Age table with threshold 15 (max threshold 15)
[2025-07-16T14:37:24.984+0000][67][trace][gc,age      ] GC(5) - age   1:   10336520 bytes,   10336520 total
[2025-07-16T14:37:24.984+0000][67][trace][gc,age      ] GC(5) - age   2:    3904392 bytes,   14240912 total
[2025-07-16T14:37:24.984+0000][67][trace][gc,age      ] GC(5) - age   3:    5581200 bytes,   19822112 total
[2025-07-16T14:37:24.984+0000][67][trace][gc,age      ] GC(5) - age   4:    1168328 bytes,   20990440 total
[2025-07-16T14:37:24.984+0000][67][trace][gc,age      ] GC(5) - age   5:    9625944 bytes,   30616384 total
[2025-07-16T14:37:24.984+0000][67][info ][gc,heap     ] GC(5) Eden regions: 159->0(171)
[2025-07-16T14:37:24.984+0000][67][info ][gc,heap     ] GC(5) Survivor regions: 6->8(27)
[2025-07-16T14:37:24.984+0000][67][info ][gc,heap     ] GC(5) Old regions: 0->0
[2025-07-16T14:37:24.984+0000][67][info ][gc,heap     ] GC(5) Archive regions: 2->2
[2025-07-16T14:37:24.984+0000][67][info ][gc,heap     ] GC(5) Humongous regions: 0->0
[2025-07-16T14:37:24.984+0000][67][info ][gc,metaspace] GC(5) Metaspace: 35285K(36160K)->35285K(36160K) NonClass: 31154K(31680K)->31154K(31680K) Class: 4131K(4480K)->4131K(4480K)
[2025-07-16T14:37:24.984+0000][67][info ][gc          ] GC(5) Pause Young (Concurrent Start) (Metadata GC Threshold) 661M->35M(3920M) 17.105ms
[2025-07-16T14:37:24.984+0000][67][info ][gc,cpu      ] GC(5) User=0.10s Sys=0.00s Real=0.01s
[2025-07-16T14:37:24.984+0000][67][info ][gc          ] GC(6) Concurrent Mark Cycle
[2025-07-16T14:37:24.984+0000][67][info ][gc,marking  ] GC(6) Concurrent Scan Root Regions
[2025-07-16T14:37:24.985+0000][67][info ][safepoint   ] Safepoint "CollectForMetadataAllocation", Time since last: 176329000 ns, Reaching safepoint: 3125 ns, Cleanup: 136834 ns, At safepoint: 17522250 ns, Total: 17662209 ns
[2025-07-16T14:37:24.988+0000][67][info ][gc,marking  ] GC(6) Concurrent Scan Root Regions 3.581ms
[2025-07-16T14:37:24.989+0000][67][info ][gc,marking  ] GC(6) Concurrent Mark
[2025-07-16T14:37:24.989+0000][67][info ][gc,marking  ] GC(6) Concurrent Mark From Roots
[2025-07-16T14:37:24.989+0000][67][info ][gc,task     ] GC(6) Using 2 workers of 2 for marking
[2025-07-16T14:37:24.991+0000][67][info ][gc,marking  ] GC(6) Concurrent Mark From Roots 2.156ms
[2025-07-16T14:37:24.991+0000][67][info ][gc,marking  ] GC(6) Concurrent Preclean
[2025-07-16T14:37:24.991+0000][67][info ][gc,marking  ] GC(6) Concurrent Preclean 0.057ms
[2025-07-16T14:37:24.991+0000][67][info ][gc,start    ] GC(6) Pause Remark
[2025-07-16T14:37:24.996+0000][67][info ][gc          ] GC(6) Pause Remark 39M->39M(3920M) 4.742ms
[2025-07-16T14:37:24.996+0000][67][info ][gc,cpu      ] GC(6) User=0.02s Sys=0.00s Real=0.00s
[2025-07-16T14:37:24.997+0000][67][info ][safepoint   ] Safepoint "G1PauseRemark", Time since last: 6740208 ns, Reaching safepoint: 2042 ns, Cleanup: 103208 ns, At safepoint: 5273625 ns, Total: 5378875 ns
[2025-07-16T14:37:24.997+0000][67][info ][gc,marking  ] GC(6) Concurrent Mark 8.142ms
[2025-07-16T14:37:24.997+0000][67][info ][gc,marking  ] GC(6) Concurrent Rebuild Remembered Sets and Scrub Regions
[2025-07-16T14:37:24.997+0000][67][info ][gc,marking  ] GC(6) Concurrent Rebuild Remembered Sets and Scrub Regions 0.167ms
[2025-07-16T14:37:24.998+0000][67][info ][gc,start    ] GC(6) Pause Cleanup
[2025-07-16T14:37:24.998+0000][67][info ][gc          ] GC(6) Pause Cleanup 39M->39M(3920M) 0.099ms
[2025-07-16T14:37:24.998+0000][67][info ][gc,cpu      ] GC(6) User=0.00s Sys=0.00s Real=0.00s
[2025-07-16T14:37:24.998+0000][67][info ][safepoint   ] Safepoint "G1PauseCleanup", Time since last: 1404583 ns, Reaching safepoint: 2792 ns, Cleanup: 79708 ns, At safepoint: 225834 ns, Total: 308334 ns
[2025-07-16T14:37:24.999+0000][67][info ][gc,marking  ] GC(6) Concurrent Clear Claimed Marks
[2025-07-16T14:37:24.999+0000][67][info ][gc,marking  ] GC(6) Concurrent Clear Claimed Marks 0.113ms
[2025-07-16T14:37:24.999+0000][67][info ][gc,marking  ] GC(6) Concurrent Cleanup for Next Mark
[2025-07-16T14:37:25.000+0000][67][info ][gc,marking  ] GC(6) Concurrent Cleanup for Next Mark 1.134ms
[2025-07-16T14:37:25.000+0000][67][info ][gc          ] GC(6) Concurrent Mark Cycle 15.773ms
[2025-07-16T14:37:25.239+0000][67][info ][safepoint   ] Safepoint "ICBufferFull", Time since last: 239908125 ns, Reaching safepoint: 2625 ns, Cleanup: 170083 ns, At safepoint: 9709 ns, Total: 182417 ns
[2025-07-16T14:37:25.679+0000][67][info ][safepoint   ] Safepoint "ICBufferFull", Time since last: 440206416 ns, Reaching safepoint: 3417 ns, Cleanup: 164667 ns, At safepoint: 13791 ns, Total: 181875 ns
[2025-07-16T14:37:25.999+0000][67][info ][safepoint   ] Safepoint "ICBufferFull", Time since last: 319496417 ns, Reaching safepoint: 3084 ns, Cleanup: 153125 ns, At safepoint: 8250 ns, Total: 164459 ns
[2025-07-16T14:37:26.236+0000][67][info ][safepoint   ] Safepoint "ICBufferFull", Time since last: 237626666 ns, Reaching safepoint: 3167 ns, Cleanup: 173208 ns, At safepoint: 15875 ns, Total: 192250 ns
[2025-07-16T14:37:26.760+0000][67][info ][safepoint   ] Safepoint "ICBufferFull", Time since last: 522612459 ns, Reaching safepoint: 917500 ns, Cleanup: 166792 ns, At safepoint: 10291 ns, Total: 1094583 ns
[2025-07-16T14:37:27.382+0000][67][info ][safepoint   ] Safepoint "ICBufferFull", Time since last: 620793001 ns, Reaching safepoint: 52583 ns, Cleanup: 616500 ns, At safepoint: 9875 ns, Total: 678958 ns
[2025-07-16T14:37:27.626+0000][67][info ][safepoint   ] Safepoint "ICBufferFull", Time since last: 244312542 ns, Reaching safepoint: 3750 ns, Cleanup: 202916 ns, At safepoint: 3084 ns, Total: 209750 ns
[2025-07-16T14:37:27.750+0000][67][info ][safepoint   ] Safepoint "ICBufferFull", Time since last: 123612500 ns, Reaching safepoint: 4666 ns, Cleanup: 251625 ns, At safepoint: 3667 ns, Total: 259958 ns
[2025-07-16T14:37:28.160+0000][67][info ][gc,start    ] GC(7) Pause Young (Concurrent Start) (Metadata GC Threshold)
[2025-07-16T14:37:28.162+0000][67][info ][gc,task     ] GC(7) Using 8 workers of 8 for evacuation
[2025-07-16T14:37:28.162+0000][67][debug][gc,age      ] GC(7) Desired survivor size 48234496 bytes, new threshold 15 (max threshold 15)
[2025-07-16T14:37:28.194+0000][67][info ][gc,phases   ] GC(7)   Pre Evacuate Collection Set: 1.0ms
[2025-07-16T14:37:28.195+0000][67][info ][gc,phases   ] GC(7)   Merge Heap Roots: 0.2ms
[2025-07-16T14:37:28.195+0000][67][info ][gc,phases   ] GC(7)   Evacuate Collection Set: 23.0ms
[2025-07-16T14:37:28.195+0000][67][info ][gc,phases   ] GC(7)   Post Evacuate Collection Set: 6.5ms
[2025-07-16T14:37:28.195+0000][67][info ][gc,phases   ] GC(7)   Other: 1.1ms
[2025-07-16T14:37:28.195+0000][67][trace][gc,age      ] GC(7) Age table with threshold 15 (max threshold 15)
[2025-07-16T14:37:28.195+0000][67][trace][gc,age      ] GC(7) - age   1:   25294504 bytes,   25294504 total
[2025-07-16T14:37:28.195+0000][67][trace][gc,age      ] GC(7) - age   2:   10235344 bytes,   35529848 total
[2025-07-16T14:37:28.195+0000][67][trace][gc,age      ] GC(7) - age   3:    3895176 bytes,   39425024 total
[2025-07-16T14:37:28.195+0000][67][trace][gc,age      ] GC(7) - age   4:    5555872 bytes,   44980896 total
[2025-07-16T14:37:28.195+0000][67][trace][gc,age      ] GC(7) - age   5:    1163376 bytes,   46144272 total
[2025-07-16T14:37:28.196+0000][67][trace][gc,age      ] GC(7) - age   6:    9551264 bytes,   55695536 total
[2025-07-16T14:37:28.196+0000][67][info ][gc,heap     ] GC(7) Eden regions: 115->0(174)
[2025-07-16T14:37:28.196+0000][67][info ][gc,heap     ] GC(7) Survivor regions: 8->15(23)
[2025-07-16T14:37:28.196+0000][67][info ][gc,heap     ] GC(7) Old regions: 0->0
[2025-07-16T14:37:28.196+0000][67][info ][gc,heap     ] GC(7) Archive regions: 2->2
[2025-07-16T14:37:28.196+0000][67][info ][gc,heap     ] GC(7) Humongous regions: 0->0
[2025-07-16T14:37:28.196+0000][67][info ][gc,metaspace] GC(7) Metaspace: 59248K(60608K)->59248K(60608K) NonClass: 51806K(52608K)->51806K(52608K) Class: 7441K(8000K)->7441K(8000K)
[2025-07-16T14:37:28.196+0000][67][info ][gc          ] GC(7) Pause Young (Concurrent Start) (Metadata GC Threshold) 495M->61M(3920M) 36.664ms
[2025-07-16T14:37:28.196+0000][67][info ][gc,cpu      ] GC(7) User=0.12s Sys=0.00s Real=0.03s
[2025-07-16T14:37:28.196+0000][67][info ][gc          ] GC(8) Concurrent Mark Cycle
[2025-07-16T14:37:28.197+0000][67][info ][gc,marking  ] GC(8) Concurrent Scan Root Regions
[2025-07-16T14:37:28.197+0000][67][info ][safepoint   ] Safepoint "CollectForMetadataAllocation", Time since last: 407527334 ns, Reaching safepoint: 3041 ns, Cleanup: 681042 ns, At safepoint: 38451625 ns, Total: 39135708 ns
[2025-07-16T14:37:28.216+0000][67][info ][gc,marking  ] GC(8) Concurrent Scan Root Regions 19.320ms
[2025-07-16T14:37:28.217+0000][67][info ][gc,marking  ] GC(8) Concurrent Mark
[2025-07-16T14:37:28.217+0000][67][info ][gc,marking  ] GC(8) Concurrent Mark From Roots
[2025-07-16T14:37:28.217+0000][67][info ][gc,task     ] GC(8) Using 2 workers of 2 for marking
[2025-07-16T14:37:28.218+0000][67][info ][gc,marking  ] GC(8) Concurrent Mark From Roots 1.198ms
[2025-07-16T14:37:28.218+0000][67][info ][gc,marking  ] GC(8) Concurrent Preclean
[2025-07-16T14:37:28.219+0000][67][info ][gc,marking  ] GC(8) Concurrent Preclean 0.674ms
[2025-07-16T14:37:28.220+0000][67][info ][gc,start    ] GC(8) Pause Remark
[2025-07-16T14:37:28.225+0000][67][info ][gc          ] GC(8) Pause Remark 63M->63M(3920M) 5.349ms
[2025-07-16T14:37:28.225+0000][67][info ][gc,cpu      ] GC(8) User=0.02s Sys=0.00s Real=0.00s
[2025-07-16T14:37:28.226+0000][67][info ][safepoint   ] Safepoint "G1PauseRemark", Time since last: 22649167 ns, Reaching safepoint: 607125 ns, Cleanup: 59208 ns, At safepoint: 5548833 ns, Total: 6215166 ns
[2025-07-16T14:37:28.227+0000][67][info ][gc,marking  ] GC(8) Concurrent Mark 9.924ms
[2025-07-16T14:37:28.227+0000][67][info ][gc,marking  ] GC(8) Concurrent Rebuild Remembered Sets and Scrub Regions
[2025-07-16T14:37:28.227+0000][67][info ][gc,marking  ] GC(8) Concurrent Rebuild Remembered Sets and Scrub Regions 0.405ms
[2025-07-16T14:37:28.228+0000][67][info ][gc,start    ] GC(8) Pause Cleanup
[2025-07-16T14:37:28.228+0000][67][info ][gc          ] GC(8) Pause Cleanup 63M->63M(3920M) 0.133ms
[2025-07-16T14:37:28.228+0000][67][info ][gc,cpu      ] GC(8) User=0.00s Sys=0.00s Real=0.00s
[2025-07-16T14:37:28.228+0000][67][info ][safepoint   ] Safepoint "G1PauseCleanup", Time since last: 2040167 ns, Reaching safepoint: 375958 ns, Cleanup: 69209 ns, At safepoint: 399833 ns, Total: 845000 ns
[2025-07-16T14:37:28.230+0000][67][info ][gc,marking  ] GC(8) Concurrent Clear Claimed Marks
[2025-07-16T14:37:28.231+0000][67][info ][gc,marking  ] GC(8) Concurrent Clear Claimed Marks 1.252ms
[2025-07-16T14:37:28.231+0000][67][info ][gc,marking  ] GC(8) Concurrent Cleanup for Next Mark
[2025-07-16T14:37:28.237+0000][67][info ][gc,marking  ] GC(8) Concurrent Cleanup for Next Mark 5.471ms
[2025-07-16T14:37:28.237+0000][67][info ][gc          ] GC(8) Concurrent Mark Cycle 40.985ms
[2025-07-16T14:37:29.235+0000][67][info ][safepoint   ] Safepoint "Cleanup", Time since last: 1001996834 ns, Reaching safepoint: 1448875 ns, Cleanup: 2329375 ns, At safepoint: 21208 ns, Total: 3799458 ns
[2025-07-16T14:37:30.243+0000][67][info ][safepoint   ] Safepoint "Cleanup", Time since last: 1005262126 ns, Reaching safepoint: 1647708 ns, Cleanup: 1102542 ns, At safepoint: 9916 ns, Total: 2760166 ns
[2025-07-16T14:37:31.964+0000][67][info ][safepoint   ] Safepoint "Cleanup", Time since last: 1683299459 ns, Reaching safepoint: 23367334 ns, Cleanup: 6923416 ns, At safepoint: 1889875 ns, Total: 32180625 ns
[2025-07-16T14:37:33.937+0000][67][info ][safepoint   ] Safepoint "Cleanup", Time since last: 1969032001 ns, Reaching safepoint: 6608167 ns, Cleanup: 2201792 ns, At safepoint: 10416 ns, Total: 8820375 ns
[2025-07-16T14:37:34.970+0000][67][info ][safepoint   ] Safepoint "Cleanup", Time since last: 1016322376 ns, Reaching safepoint: 8481583 ns, Cleanup: 5167625 ns, At safepoint: 8625 ns, Total: 13657833 ns
[2025-07-16T14:37:35.992+0000][67][info ][safepoint   ] Safepoint "Cleanup", Time since last: 1015758917 ns, Reaching safepoint: 7513000 ns, Cleanup: 1419334 ns, At safepoint: 16666 ns, Total: 8949000 ns
[2025-07-16T14:37:41.138+0000][67][info ][safepoint   ] Safepoint "Cleanup", Time since last: 5029674253 ns, Reaching safepoint: 70903250 ns, Cleanup: 15000041 ns, At safepoint: 886125 ns, Total: 86789416 ns
[2025-07-16T14:37:44.276+0000][67][info ][safepoint   ] Safepoint "Cleanup", Time since last: 3143716294 ns, Reaching safepoint: 17682625 ns, Cleanup: 4422750 ns, At safepoint: 968916 ns, Total: 23074291 ns
[2025-07-16T14:37:45.279+0000][67][info ][safepoint   ] Safepoint "Cleanup", Time since last: 1004405126 ns, Reaching safepoint: 4791 ns, Cleanup: 1448209 ns, At safepoint: 4833 ns, Total: 1457833 ns
[2025-07-16T14:37:46.380+0000][67][info ][safepoint   ] Safepoint "Cleanup", Time since last: 1018122584 ns, Reaching safepoint: 78423083 ns, Cleanup: 1704500 ns, At safepoint: 17292 ns, Total: 80144875 ns
[2025-07-16T14:37:47.413+0000][67][info ][safepoint   ] Safepoint "Cleanup", Time since last: 1018484459 ns, Reaching safepoint: 2777833 ns, Cleanup: 10965833 ns, At safepoint: 17750 ns, Total: 13761416 ns
[2025-07-16T14:37:48.455+0000][67][info ][safepoint   ] Safepoint "Cleanup", Time since last: 1037495334 ns, Reaching safepoint: 4469292 ns, Cleanup: 2273208 ns, At safepoint: 24792 ns, Total: 6767292 ns
[2025-07-16T14:37:49.549+0000][67][info ][safepoint   ] Safepoint "Cleanup", Time since last: 1020944750 ns, Reaching safepoint: 68877584 ns, Cleanup: 2257416 ns, At safepoint: 336875 ns, Total: 71471875 ns
[2025-07-16T14:37:50.557+0000][67][info ][safepoint   ] Safepoint "Cleanup", Time since last: 1006256167 ns, Reaching safepoint: 1026084 ns, Cleanup: 491000 ns, At safepoint: 9458 ns, Total: 1526542 ns
[2025-07-16T14:37:51.689+0000][67][info ][safepoint   ] Safepoint "Cleanup", Time since last: 1125513959 ns, Reaching safepoint: 1219417 ns, Cleanup: 1477291 ns, At safepoint: 8375 ns, Total: 2705083 ns
[2025-07-16T14:37:52.752+0000][67][info ][safepoint   ] Safepoint "Cleanup", Time since last: 1012693334 ns, Reaching safepoint: 3303458 ns, Cleanup: 7913834 ns, At safepoint: 10906166 ns, Total: 22123458 ns
[2025-07-16T14:37:53.761+0000][67][info ][safepoint   ] Safepoint "Cleanup", Time since last: 1037452126 ns, Reaching safepoint: 1983125 ns, Cleanup: 930667 ns, At safepoint: 28208 ns, Total: 2942000 ns
[2025-07-16T14:37:54.864+0000][67][info ][safepoint   ] Safepoint "Cleanup", Time since last: 1015724875 ns, Reaching safepoint: 75696167 ns, Cleanup: 6009292 ns, At safepoint: 460375 ns, Total: 82165834 ns
[2025-07-16T14:37:58.226+0000][67][info ][safepoint   ] Safepoint "Cleanup", Time since last: 3174458335 ns, Reaching safepoint: 119306916 ns, Cleanup: 66100334 ns, At safepoint: 1892291 ns, Total: 187299541 ns
[2025-07-16T14:38:03.482+0000][67][info ][safepoint   ] Safepoint "Cleanup", Time since last: 5228897669 ns, Reaching safepoint: 28495167 ns, Cleanup: 3471375 ns, At safepoint: 14750 ns, Total: 31981292 ns
[2025-07-16T14:38:05.572+0000][67][info ][safepoint   ] Safepoint "Cleanup", Time since last: 2063514918 ns, Reaching safepoint: 19725625 ns, Cleanup: 5173250 ns, At safepoint: 455041 ns, Total: 25353916 ns
[2025-07-16T14:38:07.619+0000][67][info ][safepoint   ] Safepoint "Cleanup", Time since last: 2044189793 ns, Reaching safepoint: 4167 ns, Cleanup: 3388125 ns, At safepoint: 7958 ns, Total: 3400250 ns
[2025-07-16T14:38:08.868+0000][67][info ][safepoint   ] Safepoint "Cleanup", Time since last: 1244264542 ns, Reaching safepoint: 1790375 ns, Cleanup: 3036250 ns, At safepoint: 9375 ns, Total: 4836000 ns
[2025-07-16T14:38:09.958+0000][67][info ][safepoint   ] Safepoint "Cleanup", Time since last: 1005263168 ns, Reaching safepoint: 14952541 ns, Cleanup: 45122917 ns, At safepoint: 23124958 ns, Total: 83200416 ns
[2025-07-16T14:38:12.034+0000][67][info ][safepoint   ] Safepoint "Cleanup", Time since last: 2030789168 ns, Reaching safepoint: 6145500 ns, Cleanup: 17770917 ns, At safepoint: 5299208 ns, Total: 29215625 ns
[2025-07-16T14:38:15.084+0000][67][info ][safepoint   ] Safepoint "Cleanup", Time since last: 3063642043 ns, Reaching safepoint: 2219542 ns, Cleanup: 1278583 ns, At safepoint: 5125 ns, Total: 3503250 ns
