[2025-07-16T16:53:39.778+0000][66][info][gc,init] CardTable entry size: 512
[2025-07-16T16:53:39.782+0000][66][info][gc     ] Using G1
[2025-07-16T16:53:44.410+0000][66][info][gc,init] Version: 20.0.1+9-29 (release)
[2025-07-16T16:53:44.415+0000][66][info][gc,init] CPUs: 8 total, 8 available
[2025-07-16T16:53:44.415+0000][66][info][gc,init] Memory: 7837M
[2025-07-16T16:53:44.415+0000][66][info][gc,init] Large Page Support: Disabled
[2025-07-16T16:53:44.415+0000][66][info][gc,init] NUMA Support: Disabled
[2025-07-16T16:53:44.415+0000][66][info][gc,init] Compressed Oops: Enabled (Zero based)
[2025-07-16T16:53:44.415+0000][66][info][gc,init] Heap Region Size: 4M
[2025-07-16T16:53:44.415+0000][66][info][gc,init] Heap Min Capacity: 3920M
[2025-07-16T16:53:44.415+0000][66][info][gc,init] Heap Initial Capacity: 3920M
[2025-07-16T16:53:44.415+0000][66][info][gc,init] Heap Max Capacity: 3920M
[2025-07-16T16:53:44.415+0000][66][info][gc,init] Pre-touch: Enabled
[2025-07-16T16:53:44.416+0000][66][info][gc,init] Parallel Workers: 8
[2025-07-16T16:53:44.416+0000][66][info][gc,init] Concurrent Workers: 2
[2025-07-16T16:53:44.416+0000][66][info][gc,init] Concurrent Refinement Workers: 8
[2025-07-16T16:53:44.416+0000][66][info][gc,init] Periodic GC: Disabled
[2025-07-16T16:53:44.432+0000][66][info][gc,metaspace] CDS archive(s) mapped at: [0x0000000800000000-0x0000000800c80000-0x0000000800c80000), size 13107200, SharedBaseAddress: 0x0000000800000000, ArchiveRelocationMode: 0.
[2025-07-16T16:53:44.433+0000][66][info][gc,metaspace] Compressed class space mapped at: 0x0000000801000000-0x0000000841000000, reserved size: 1073741824
[2025-07-16T16:53:44.434+0000][66][info][gc,metaspace] Narrow klass base: 0x0000000800000000, Narrow klass shift: 0, Narrow klass range: 0x100000000
[2025-07-16T16:53:44.848+0000][66][info][safepoint   ] Safepoint "ICBufferFull", Time since last: 281455292 ns, Reaching safepoint: 7500 ns, Cleanup: 500208 ns, At safepoint: 6833 ns, Total: 514541 ns
[2025-07-16T16:53:45.201+0000][66][info][safepoint   ] Safepoint "ICBufferFull", Time since last: 353034251 ns, Reaching safepoint: 3750 ns, Cleanup: 321416 ns, At safepoint: 10959 ns, Total: 336125 ns
[2025-07-16T16:53:45.590+0000][66][info][safepoint   ] Safepoint "ICBufferFull", Time since last: 387559291 ns, Reaching safepoint: 2292 ns, Cleanup: 648792 ns, At safepoint: 33750 ns, Total: 684834 ns
[2025-07-16T16:53:46.080+0000][66][info][safepoint   ] Safepoint "ICBufferFull", Time since last: 489668583 ns, Reaching safepoint: 13292 ns, Cleanup: 162250 ns, At safepoint: 2208 ns, Total: 177750 ns
[2025-07-16T16:53:46.347+0000][66][info][safepoint   ] Safepoint "ICBufferFull", Time since last: 265890875 ns, Reaching safepoint: 3417 ns, Cleanup: 1026792 ns, At safepoint: 10500 ns, Total: 1040709 ns
[2025-07-16T16:53:47.070+0000][66][info][safepoint   ] Safepoint "ICBufferFull", Time since last: 721084542 ns, Reaching safepoint: 3791 ns, Cleanup: 2721792 ns, At safepoint: 4667 ns, Total: 2730250 ns
[2025-07-16T16:53:47.380+0000][66][info][safepoint   ] Safepoint "ICBufferFull", Time since last: 308725875 ns, Reaching safepoint: 3792 ns, Cleanup: 505333 ns, At safepoint: 2708 ns, Total: 511833 ns
[2025-07-16T16:53:47.746+0000][66][info][safepoint   ] Safepoint "ICBufferFull", Time since last: 363089584 ns, Reaching safepoint: 4916 ns, Cleanup: 2885292 ns, At safepoint: 5917 ns, Total: 2896125 ns
[2025-07-16T16:53:48.421+0000][66][info][safepoint   ] Safepoint "ICBufferFull", Time since last: 675321208 ns, Reaching safepoint: 10500 ns, Cleanup: 256042 ns, At safepoint: 7792 ns, Total: 274334 ns
[2025-07-16T16:53:48.679+0000][66][info][safepoint   ] Safepoint "ICBufferFull", Time since last: 257099750 ns, Reaching safepoint: 4083 ns, Cleanup: 413917 ns, At safepoint: 5917 ns, Total: 423917 ns
[2025-07-16T16:53:49.191+0000][66][info][safepoint   ] Safepoint "ICBufferFull", Time since last: 511961791 ns, Reaching safepoint: 5292 ns, Cleanup: 415833 ns, At safepoint: 3167 ns, Total: 424292 ns
[2025-07-16T16:53:49.592+0000][66][info][gc,start    ] GC(0) Pause Young (Normal) (G1 Evacuation Pause)
[2025-07-16T16:53:49.599+0000][66][info][gc,task     ] GC(0) Using 8 workers of 8 for evacuation
[2025-07-16T16:53:49.600+0000][66][debug][gc,age      ] GC(0) Desired survivor size 14680064 bytes, new threshold 15 (max threshold 15)
[2025-07-16T16:53:49.651+0000][66][info ][gc,phases   ] GC(0)   Pre Evacuate Collection Set: 4.0ms
[2025-07-16T16:53:49.652+0000][66][info ][gc,phases   ] GC(0)   Merge Heap Roots: 0.7ms
[2025-07-16T16:53:49.652+0000][66][info ][gc,phases   ] GC(0)   Evacuate Collection Set: 17.7ms
[2025-07-16T16:53:49.653+0000][66][info ][gc,phases   ] GC(0)   Post Evacuate Collection Set: 20.2ms
[2025-07-16T16:53:49.653+0000][66][info ][gc,phases   ] GC(0)   Other: 5.7ms
[2025-07-16T16:53:49.653+0000][66][trace][gc,age      ] GC(0) Age table with threshold 15 (max threshold 15)
[2025-07-16T16:53:49.653+0000][66][trace][gc,age      ] GC(0) - age   1:   12309472 bytes,   12309472 total
[2025-07-16T16:53:49.653+0000][66][info ][gc,heap     ] GC(0) Eden regions: 49->0(45)
[2025-07-16T16:53:49.653+0000][66][info ][gc,heap     ] GC(0) Survivor regions: 0->4(7)
[2025-07-16T16:53:49.653+0000][66][info ][gc,heap     ] GC(0) Old regions: 0->0
[2025-07-16T16:53:49.654+0000][66][info ][gc,heap     ] GC(0) Archive regions: 2->2
[2025-07-16T16:53:49.654+0000][66][info ][gc,heap     ] GC(0) Humongous regions: 0->0
[2025-07-16T16:53:49.654+0000][66][info ][gc,metaspace] GC(0) Metaspace: 17709K(18176K)->17709K(18176K) NonClass: 15688K(15936K)->15688K(15936K) Class: 2021K(2240K)->2021K(2240K)
[2025-07-16T16:53:49.655+0000][66][info ][gc          ] GC(0) Pause Young (Normal) (G1 Evacuation Pause) 200M->16M(3920M) 65.732ms
[2025-07-16T16:53:49.656+0000][66][info ][gc,cpu      ] GC(0) User=0.06s Sys=0.02s Real=0.07s
[2025-07-16T16:53:49.658+0000][66][info ][safepoint   ] Safepoint "G1CollectForAllocation", Time since last: 389092334 ns, Reaching safepoint: 29166 ns, Cleanup: 461292 ns, At safepoint: 77340333 ns, Total: 77830791 ns
[2025-07-16T16:53:50.200+0000][66][info ][gc,start    ] GC(1) Pause Young (Concurrent Start) (Metadata GC Threshold)
[2025-07-16T16:53:50.201+0000][66][info ][gc,task     ] GC(1) Using 8 workers of 8 for evacuation
[2025-07-16T16:53:50.201+0000][66][debug][gc,age      ] GC(1) Desired survivor size 14680064 bytes, new threshold 15 (max threshold 15)
[2025-07-16T16:53:50.218+0000][66][info ][gc,phases   ] GC(1)   Pre Evacuate Collection Set: 6.1ms
[2025-07-16T16:53:50.218+0000][66][info ][gc,phases   ] GC(1)   Merge Heap Roots: 0.2ms
[2025-07-16T16:53:50.218+0000][66][info ][gc,phases   ] GC(1)   Evacuate Collection Set: 6.5ms
[2025-07-16T16:53:50.218+0000][66][info ][gc,phases   ] GC(1)   Post Evacuate Collection Set: 3.1ms
[2025-07-16T16:53:50.218+0000][66][info ][gc,phases   ] GC(1)   Other: 1.0ms
[2025-07-16T16:53:50.218+0000][66][trace][gc,age      ] GC(1) Age table with threshold 15 (max threshold 15)
[2025-07-16T16:53:50.219+0000][66][trace][gc,age      ] GC(1) - age   1:    1271168 bytes,    1271168 total
[2025-07-16T16:53:50.219+0000][66][trace][gc,age      ] GC(1) - age   2:    9791768 bytes,   11062936 total
[2025-07-16T16:53:50.219+0000][66][info ][gc,heap     ] GC(1) Eden regions: 21->0(46)
[2025-07-16T16:53:50.219+0000][66][info ][gc,heap     ] GC(1) Survivor regions: 4->3(7)
[2025-07-16T16:53:50.219+0000][66][info ][gc,heap     ] GC(1) Old regions: 0->0
[2025-07-16T16:53:50.219+0000][66][info ][gc,heap     ] GC(1) Archive regions: 2->2
[2025-07-16T16:53:50.219+0000][66][info ][gc,heap     ] GC(1) Humongous regions: 0->0
[2025-07-16T16:53:50.220+0000][66][info ][gc,metaspace] GC(1) Metaspace: 20999K(21504K)->20999K(21504K) NonClass: 18653K(18944K)->18653K(18944K) Class: 2346K(2560K)->2346K(2560K)
[2025-07-16T16:53:50.220+0000][66][info ][gc          ] GC(1) Pause Young (Concurrent Start) (Metadata GC Threshold) 98M->16M(3920M) 19.347ms
[2025-07-16T16:53:50.220+0000][66][info ][gc,cpu      ] GC(1) User=0.03s Sys=0.00s Real=0.02s
[2025-07-16T16:53:50.220+0000][66][info ][gc          ] GC(2) Concurrent Mark Cycle
[2025-07-16T16:53:50.220+0000][66][info ][gc,marking  ] GC(2) Concurrent Scan Root Regions
[2025-07-16T16:53:50.220+0000][66][info ][safepoint   ] Safepoint "CollectForMetadataAllocation", Time since last: 541930042 ns, Reaching safepoint: 4084 ns, Cleanup: 380625 ns, At safepoint: 19800083 ns, Total: 20184792 ns
[2025-07-16T16:53:50.224+0000][66][info ][gc,marking  ] GC(2) Concurrent Scan Root Regions 3.990ms
[2025-07-16T16:53:50.224+0000][66][info ][gc,marking  ] GC(2) Concurrent Mark
[2025-07-16T16:53:50.224+0000][66][info ][gc,marking  ] GC(2) Concurrent Mark From Roots
[2025-07-16T16:53:50.225+0000][66][info ][gc,task     ] GC(2) Using 2 workers of 2 for marking
[2025-07-16T16:53:50.227+0000][66][info ][gc,marking  ] GC(2) Concurrent Mark From Roots 2.305ms
[2025-07-16T16:53:50.227+0000][66][info ][gc,marking  ] GC(2) Concurrent Preclean
[2025-07-16T16:53:50.227+0000][66][info ][gc,marking  ] GC(2) Concurrent Preclean 0.219ms
[2025-07-16T16:53:50.229+0000][66][info ][gc,start    ] GC(2) Pause Remark
[2025-07-16T16:53:50.236+0000][66][info ][gc          ] GC(2) Pause Remark 18M->18M(3920M) 6.927ms
[2025-07-16T16:53:50.236+0000][66][info ][gc,cpu      ] GC(2) User=0.01s Sys=0.00s Real=0.01s
[2025-07-16T16:53:50.236+0000][66][info ][safepoint   ] Safepoint "G1PauseRemark", Time since last: 7538667 ns, Reaching safepoint: 1121875 ns, Cleanup: 68875 ns, At safepoint: 7203625 ns, Total: 8394375 ns
[2025-07-16T16:53:50.238+0000][66][info ][gc,marking  ] GC(2) Concurrent Mark 13.288ms
[2025-07-16T16:53:50.240+0000][66][info ][gc,marking  ] GC(2) Concurrent Rebuild Remembered Sets and Scrub Regions
[2025-07-16T16:53:50.243+0000][66][info ][gc,marking  ] GC(2) Concurrent Rebuild Remembered Sets and Scrub Regions 2.443ms
[2025-07-16T16:53:50.246+0000][66][info ][gc,start    ] GC(2) Pause Cleanup
[2025-07-16T16:53:50.246+0000][66][info ][gc          ] GC(2) Pause Cleanup 18M->18M(3920M) 0.118ms
[2025-07-16T16:53:50.246+0000][66][info ][gc,cpu      ] GC(2) User=0.00s Sys=0.00s Real=0.00s
[2025-07-16T16:53:50.246+0000][66][info ][safepoint   ] Safepoint "G1PauseCleanup", Time since last: 8665416 ns, Reaching safepoint: 1052834 ns, Cleanup: 114625 ns, At safepoint: 319500 ns, Total: 1486959 ns
[2025-07-16T16:53:50.247+0000][66][info ][gc,marking  ] GC(2) Concurrent Clear Claimed Marks
[2025-07-16T16:53:50.248+0000][66][info ][gc,marking  ] GC(2) Concurrent Clear Claimed Marks 0.376ms
[2025-07-16T16:53:50.248+0000][66][info ][gc,marking  ] GC(2) Concurrent Cleanup for Next Mark
[2025-07-16T16:53:50.259+0000][66][info ][gc,marking  ] GC(2) Concurrent Cleanup for Next Mark 11.183ms
[2025-07-16T16:53:50.260+0000][66][info ][gc          ] GC(2) Concurrent Mark Cycle 40.158ms
[2025-07-16T16:53:50.850+0000][66][info ][safepoint   ] Safepoint "ICBufferFull", Time since last: 600886250 ns, Reaching safepoint: 156750 ns, Cleanup: 1968458 ns, At safepoint: 4084 ns, Total: 2129292 ns
[2025-07-16T16:53:51.387+0000][66][info ][safepoint   ] Safepoint "ICBufferFull", Time since last: 537280875 ns, Reaching safepoint: 2916 ns, Cleanup: 592209 ns, At safepoint: 7750 ns, Total: 602875 ns
[2025-07-16T16:53:51.601+0000][66][info ][safepoint   ] Safepoint "ICBufferFull", Time since last: 213424542 ns, Reaching safepoint: 4958 ns, Cleanup: 158792 ns, At safepoint: 11208 ns, Total: 174958 ns
[2025-07-16T16:53:51.608+0000][66][info ][gc,start    ] GC(3) Pause Young (Normal) (G1 Evacuation Pause)
[2025-07-16T16:53:51.609+0000][66][info ][gc,task     ] GC(3) Using 8 workers of 8 for evacuation
[2025-07-16T16:53:51.609+0000][66][debug][gc,age      ] GC(3) Desired survivor size 14680064 bytes, new threshold 15 (max threshold 15)
[2025-07-16T16:53:51.622+0000][66][info ][gc,phases   ] GC(3)   Pre Evacuate Collection Set: 0.5ms
[2025-07-16T16:53:51.622+0000][66][info ][gc,phases   ] GC(3)   Merge Heap Roots: 0.1ms
[2025-07-16T16:53:51.622+0000][66][info ][gc,phases   ] GC(3)   Evacuate Collection Set: 8.7ms
[2025-07-16T16:53:51.622+0000][66][info ][gc,phases   ] GC(3)   Post Evacuate Collection Set: 2.7ms
[2025-07-16T16:53:51.622+0000][66][info ][gc,phases   ] GC(3)   Other: 0.5ms
[2025-07-16T16:53:51.622+0000][66][trace][gc,age      ] GC(3) Age table with threshold 15 (max threshold 15)
[2025-07-16T16:53:51.622+0000][66][trace][gc,age      ] GC(3) - age   1:    6074896 bytes,    6074896 total
[2025-07-16T16:53:51.623+0000][66][trace][gc,age      ] GC(3) - age   2:    1168592 bytes,    7243488 total
[2025-07-16T16:53:51.623+0000][66][trace][gc,age      ] GC(3) - age   3:    9784280 bytes,   17027768 total
[2025-07-16T16:53:51.623+0000][66][info ][gc,heap     ] GC(3) Eden regions: 46->0(68)
[2025-07-16T16:53:51.623+0000][66][info ][gc,heap     ] GC(3) Survivor regions: 3->5(7)
[2025-07-16T16:53:51.624+0000][66][info ][gc,heap     ] GC(3) Old regions: 0->0
[2025-07-16T16:53:51.624+0000][66][info ][gc,heap     ] GC(3) Archive regions: 2->2
[2025-07-16T16:53:51.625+0000][66][info ][gc,heap     ] GC(3) Humongous regions: 0->0
[2025-07-16T16:53:51.625+0000][66][info ][gc,metaspace] GC(3) Metaspace: 25354K(26048K)->25354K(26048K) NonClass: 22392K(22784K)->22392K(22784K) Class: 2962K(3264K)->2962K(3264K)
[2025-07-16T16:53:51.626+0000][66][info ][gc          ] GC(3) Pause Young (Normal) (G1 Evacuation Pause) 200M->22M(3920M) 17.606ms
[2025-07-16T16:53:51.626+0000][66][info ][gc,cpu      ] GC(3) User=0.04s Sys=0.01s Real=0.02s
[2025-07-16T16:53:51.627+0000][66][info ][safepoint   ] Safepoint "G1CollectForAllocation", Time since last: 6894875 ns, Reaching safepoint: 2833 ns, Cleanup: 96209 ns, At safepoint: 19359000 ns, Total: 19458042 ns
[2025-07-16T16:53:51.937+0000][66][info ][safepoint   ] Safepoint "ICBufferFull", Time since last: 310120541 ns, Reaching safepoint: 3417 ns, Cleanup: 132208 ns, At safepoint: 13250 ns, Total: 148875 ns
[2025-07-16T16:53:52.228+0000][66][info ][gc,start    ] GC(4) Pause Young (Normal) (G1 Evacuation Pause)
[2025-07-16T16:53:52.230+0000][66][info ][gc,task     ] GC(4) Using 8 workers of 8 for evacuation
[2025-07-16T16:53:52.230+0000][66][debug][gc,age      ] GC(4) Desired survivor size 20971520 bytes, new threshold 15 (max threshold 15)
[2025-07-16T16:53:52.281+0000][66][info ][gc,phases   ] GC(4)   Pre Evacuate Collection Set: 1.2ms
[2025-07-16T16:53:52.281+0000][66][info ][gc,phases   ] GC(4)   Merge Heap Roots: 0.5ms
[2025-07-16T16:53:52.281+0000][66][info ][gc,phases   ] GC(4)   Evacuate Collection Set: 45.1ms
[2025-07-16T16:53:52.281+0000][66][info ][gc,phases   ] GC(4)   Post Evacuate Collection Set: 2.9ms
[2025-07-16T16:53:52.281+0000][66][info ][gc,phases   ] GC(4)   Other: 0.9ms
[2025-07-16T16:53:52.281+0000][66][trace][gc,age      ] GC(4) Age table with threshold 15 (max threshold 15)
[2025-07-16T16:53:52.281+0000][66][trace][gc,age      ] GC(4) - age   1:    2973040 bytes,    2973040 total
[2025-07-16T16:53:52.282+0000][66][trace][gc,age      ] GC(4) - age   2:    5095792 bytes,    8068832 total
[2025-07-16T16:53:52.282+0000][66][trace][gc,age      ] GC(4) - age   3:    1168560 bytes,    9237392 total
[2025-07-16T16:53:52.282+0000][66][trace][gc,age      ] GC(4) - age   4:    9783992 bytes,   19021384 total
[2025-07-16T16:53:52.282+0000][66][info ][gc,heap     ] GC(4) Eden regions: 68->0(583)
[2025-07-16T16:53:52.282+0000][66][info ][gc,heap     ] GC(4) Survivor regions: 5->5(10)
[2025-07-16T16:53:52.282+0000][66][info ][gc,heap     ] GC(4) Old regions: 0->0
[2025-07-16T16:53:52.282+0000][66][info ][gc,heap     ] GC(4) Archive regions: 2->2
[2025-07-16T16:53:52.282+0000][66][info ][gc,heap     ] GC(4) Humongous regions: 0->0
[2025-07-16T16:53:52.282+0000][66][info ][gc,metaspace] GC(4) Metaspace: 26278K(26880K)->26278K(26880K) NonClass: 23204K(23552K)->23204K(23552K) Class: 3073K(3328K)->3073K(3328K)
[2025-07-16T16:53:52.282+0000][66][info ][gc          ] GC(4) Pause Young (Normal) (G1 Evacuation Pause) 294M->23M(3920M) 55.225ms
[2025-07-16T16:53:52.282+0000][66][info ][gc,cpu      ] GC(4) User=0.09s Sys=0.21s Real=0.06s
[2025-07-16T16:53:52.282+0000][66][info ][safepoint   ] Safepoint "G1CollectForAllocation", Time since last: 286733584 ns, Reaching safepoint: 4500 ns, Cleanup: 295667 ns, At safepoint: 58065250 ns, Total: 58365417 ns
[2025-07-16T16:53:52.997+0000][66][info ][safepoint   ] Safepoint "ICBufferFull", Time since last: 744536542 ns, Reaching safepoint: 1790208 ns, Cleanup: 2190083 ns, At safepoint: 6417 ns, Total: 3986708 ns
[2025-07-16T16:53:54.418+0000][66][info ][safepoint   ] Safepoint "Cleanup", Time since last: 1416831876 ns, Reaching safepoint: 34625 ns, Cleanup: 5136166 ns, At safepoint: 12375 ns, Total: 5183166 ns
[2025-07-16T16:53:55.433+0000][66][info ][safepoint   ] Safepoint "Cleanup", Time since last: 1005638959 ns, Reaching safepoint: 15833 ns, Cleanup: 2705709 ns, At safepoint: 1295083 ns, Total: 4016625 ns
[2025-07-16T16:53:56.520+0000][66][info ][safepoint   ] Safepoint "Cleanup", Time since last: 1038100876 ns, Reaching safepoint: 7924916 ns, Cleanup: 41457042 ns, At safepoint: 28750 ns, Total: 49410708 ns
[2025-07-16T16:53:57.547+0000][66][info ][safepoint   ] Safepoint "Cleanup", Time since last: 1027323667 ns, Reaching safepoint: 1335875 ns, Cleanup: 2037958 ns, At safepoint: 1227750 ns, Total: 4601583 ns
[2025-07-16T16:53:58.552+0000][66][info ][safepoint   ] Safepoint "Cleanup", Time since last: 1003722543 ns, Reaching safepoint: 977708 ns, Cleanup: 319167 ns, At safepoint: 12708 ns, Total: 1309583 ns
