[2025-07-19T16:47:49.988+0000][64][info][gc,init] CardTable entry size: 512
[2025-07-19T16:47:49.988+0000][64][info][gc     ] Using G1
[2025-07-19T16:47:55.137+0000][64][info][gc,init] Version: 20.0.1+9-29 (release)
[2025-07-19T16:47:55.147+0000][64][info][gc,init] CPUs: 8 total, 8 available
[2025-07-19T16:47:55.147+0000][64][info][gc,init] Memory: 7837M
[2025-07-19T16:47:55.148+0000][64][info][gc,init] Large Page Support: Disabled
[2025-07-19T16:47:55.148+0000][64][info][gc,init] NUMA Support: Disabled
[2025-07-19T16:47:55.149+0000][64][info][gc,init] Compressed Oops: Enabled (Zero based)
[2025-07-19T16:47:55.149+0000][64][info][gc,init] Heap Region Size: 4M
[2025-07-19T16:47:55.149+0000][64][info][gc,init] Heap Min Capacity: 3920M
[2025-07-19T16:47:55.149+0000][64][info][gc,init] Heap Initial Capacity: 3920M
[2025-07-19T16:47:55.149+0000][64][info][gc,init] Heap Max Capacity: 3920M
[2025-07-19T16:47:55.149+0000][64][info][gc,init] Pre-touch: Enabled
[2025-07-19T16:47:55.151+0000][64][info][gc,init] Parallel Workers: 8
[2025-07-19T16:47:55.152+0000][64][info][gc,init] Concurrent Workers: 2
[2025-07-19T16:47:55.153+0000][64][info][gc,init] Concurrent Refinement Workers: 8
[2025-07-19T16:47:55.153+0000][64][info][gc,init] Periodic GC: Disabled
[2025-07-19T16:47:55.171+0000][64][info][gc,metaspace] CDS archive(s) mapped at: [0x0000000800000000-0x0000000800c80000-0x0000000800c80000), size 13107200, SharedBaseAddress: 0x0000000800000000, ArchiveRelocationMode: 0.
[2025-07-19T16:47:55.171+0000][64][info][gc,metaspace] Compressed class space mapped at: 0x0000000801000000-0x0000000841000000, reserved size: 1073741824
[2025-07-19T16:47:55.171+0000][64][info][gc,metaspace] Narrow klass base: 0x0000000800000000, Narrow klass shift: 0, Narrow klass range: 0x100000000
[2025-07-19T16:47:55.598+0000][64][info][safepoint   ] Safepoint "ICBufferFull", Time since last: 266738376 ns, Reaching safepoint: 6208 ns, Cleanup: 637833 ns, At safepoint: 4084 ns, Total: 648125 ns
[2025-07-19T16:47:55.963+0000][64][info][safepoint   ] Safepoint "ICBufferFull", Time since last: 364368916 ns, Reaching safepoint: 2584 ns, Cleanup: 1030416 ns, At safepoint: 11792 ns, Total: 1044792 ns
[2025-07-19T16:47:56.515+0000][64][info][safepoint   ] Safepoint "ICBufferFull", Time since last: 546864292 ns, Reaching safepoint: 3958 ns, Cleanup: 4685125 ns, At safepoint: 13959 ns, Total: 4703042 ns
[2025-07-19T16:47:57.282+0000][64][info][safepoint   ] Safepoint "ICBufferFull", Time since last: 766237375 ns, Reaching safepoint: 2958 ns, Cleanup: 576167 ns, At safepoint: 33292 ns, Total: 612417 ns
[2025-07-19T16:47:57.513+0000][64][info][safepoint   ] Safepoint "ICBufferFull", Time since last: 229083125 ns, Reaching safepoint: 683833 ns, Cleanup: 543834 ns, At safepoint: 957750 ns, Total: 2185417 ns
[2025-07-19T16:47:58.097+0000][64][info][safepoint   ] Safepoint "ICBufferFull", Time since last: 581069708 ns, Reaching safepoint: 796083 ns, Cleanup: 2015500 ns, At safepoint: 26792 ns, Total: 2838375 ns
[2025-07-19T16:47:58.337+0000][64][info][safepoint   ] Safepoint "ICBufferFull", Time since last: 237920709 ns, Reaching safepoint: 1054708 ns, Cleanup: 973167 ns, At safepoint: 28500 ns, Total: 2056375 ns
[2025-07-19T16:47:58.670+0000][64][info][safepoint   ] Safepoint "ICBufferFull", Time since last: 332581583 ns, Reaching safepoint: 19292 ns, Cleanup: 461708 ns, At safepoint: 30042 ns, Total: 511042 ns
[2025-07-19T16:47:59.120+0000][64][info][safepoint   ] Safepoint "ICBufferFull", Time since last: 449281958 ns, Reaching safepoint: 10875 ns, Cleanup: 176209 ns, At safepoint: 7500 ns, Total: 194584 ns
[2025-07-19T16:47:59.425+0000][64][info][safepoint   ] Safepoint "ICBufferFull", Time since last: 304548708 ns, Reaching safepoint: 4083 ns, Cleanup: 549542 ns, At safepoint: 12875 ns, Total: 566500 ns
[2025-07-19T16:47:59.821+0000][64][info][safepoint   ] Safepoint "ICBufferFull", Time since last: 395669500 ns, Reaching safepoint: 4000 ns, Cleanup: 261042 ns, At safepoint: 5458 ns, Total: 270500 ns
[2025-07-19T16:47:59.934+0000][64][info][gc,start    ] GC(0) Pause Young (Normal) (G1 Evacuation Pause)
[2025-07-19T16:47:59.936+0000][64][info][gc,task     ] GC(0) Using 8 workers of 8 for evacuation
[2025-07-19T16:47:59.937+0000][64][debug][gc,age      ] GC(0) Desired survivor size 14680064 bytes, new threshold 15 (max threshold 15)
[2025-07-19T16:47:59.957+0000][64][info ][gc,phases   ] GC(0)   Pre Evacuate Collection Set: 2.0ms
[2025-07-19T16:47:59.957+0000][64][info ][gc,phases   ] GC(0)   Merge Heap Roots: 1.1ms
[2025-07-19T16:47:59.957+0000][64][info ][gc,phases   ] GC(0)   Evacuate Collection Set: 10.3ms
[2025-07-19T16:47:59.958+0000][64][info ][gc,phases   ] GC(0)   Post Evacuate Collection Set: 5.7ms
[2025-07-19T16:47:59.958+0000][64][info ][gc,phases   ] GC(0)   Other: 1.0ms
[2025-07-19T16:47:59.958+0000][64][trace][gc,age      ] GC(0) Age table with threshold 15 (max threshold 15)
[2025-07-19T16:47:59.958+0000][64][trace][gc,age      ] GC(0) - age   1:   12362392 bytes,   12362392 total
[2025-07-19T16:47:59.958+0000][64][info ][gc,heap     ] GC(0) Eden regions: 49->0(45)
[2025-07-19T16:47:59.959+0000][64][info ][gc,heap     ] GC(0) Survivor regions: 0->4(7)
[2025-07-19T16:47:59.959+0000][64][info ][gc,heap     ] GC(0) Old regions: 0->0
[2025-07-19T16:47:59.959+0000][64][info ][gc,heap     ] GC(0) Archive regions: 2->2
[2025-07-19T16:47:59.959+0000][64][info ][gc,heap     ] GC(0) Humongous regions: 0->0
[2025-07-19T16:47:59.959+0000][64][info ][gc,metaspace] GC(0) Metaspace: 17681K(18176K)->17681K(18176K) NonClass: 15660K(15936K)->15660K(15936K) Class: 2021K(2240K)->2021K(2240K)
[2025-07-19T16:47:59.959+0000][64][info ][gc          ] GC(0) Pause Young (Normal) (G1 Evacuation Pause) 200M->16M(3920M) 25.412ms
[2025-07-19T16:47:59.959+0000][64][info ][gc,cpu      ] GC(0) User=0.04s Sys=0.01s Real=0.02s
[2025-07-19T16:47:59.960+0000][64][info ][safepoint   ] Safepoint "G1CollectForAllocation", Time since last: 109861250 ns, Reaching safepoint: 1245417 ns, Cleanup: 210833 ns, At safepoint: 27708375 ns, Total: 29164625 ns
[2025-07-19T16:48:00.527+0000][64][info ][gc,start    ] GC(1) Pause Young (Concurrent Start) (Metadata GC Threshold)
[2025-07-19T16:48:00.528+0000][64][info ][gc,task     ] GC(1) Using 8 workers of 8 for evacuation
[2025-07-19T16:48:00.528+0000][64][debug][gc,age      ] GC(1) Desired survivor size 14680064 bytes, new threshold 15 (max threshold 15)
[2025-07-19T16:48:00.547+0000][64][info ][gc,phases   ] GC(1)   Pre Evacuate Collection Set: 11.2ms
[2025-07-19T16:48:00.548+0000][64][info ][gc,phases   ] GC(1)   Merge Heap Roots: 0.1ms
[2025-07-19T16:48:00.548+0000][64][info ][gc,phases   ] GC(1)   Evacuate Collection Set: 5.3ms
[2025-07-19T16:48:00.548+0000][64][info ][gc,phases   ] GC(1)   Post Evacuate Collection Set: 2.6ms
[2025-07-19T16:48:00.548+0000][64][info ][gc,phases   ] GC(1)   Other: 0.7ms
[2025-07-19T16:48:00.548+0000][64][trace][gc,age      ] GC(1) Age table with threshold 15 (max threshold 15)
[2025-07-19T16:48:00.548+0000][64][trace][gc,age      ] GC(1) - age   1:    1202208 bytes,    1202208 total
[2025-07-19T16:48:00.548+0000][64][trace][gc,age      ] GC(1) - age   2:    9791656 bytes,   10993864 total
[2025-07-19T16:48:00.548+0000][64][info ][gc,heap     ] GC(1) Eden regions: 21->0(46)
[2025-07-19T16:48:00.548+0000][64][info ][gc,heap     ] GC(1) Survivor regions: 4->3(7)
[2025-07-19T16:48:00.549+0000][64][info ][gc,heap     ] GC(1) Old regions: 0->0
[2025-07-19T16:48:00.549+0000][64][info ][gc,heap     ] GC(1) Archive regions: 2->2
[2025-07-19T16:48:00.549+0000][64][info ][gc,heap     ] GC(1) Humongous regions: 0->0
[2025-07-19T16:48:00.549+0000][64][info ][gc,metaspace] GC(1) Metaspace: 21064K(21504K)->21064K(21504K) NonClass: 18703K(18944K)->18703K(18944K) Class: 2360K(2560K)->2360K(2560K)
[2025-07-19T16:48:00.549+0000][64][info ][gc          ] GC(1) Pause Young (Concurrent Start) (Metadata GC Threshold) 98M->15M(3920M) 21.572ms
[2025-07-19T16:48:00.549+0000][64][info ][gc,cpu      ] GC(1) User=0.03s Sys=0.01s Real=0.02s
[2025-07-19T16:48:00.549+0000][64][info ][safepoint   ] Safepoint "CollectForMetadataAllocation", Time since last: 567414167 ns, Reaching safepoint: 15334 ns, Cleanup: 209833 ns, At safepoint: 21944542 ns, Total: 22169709 ns
[2025-07-19T16:48:00.549+0000][64][info ][gc          ] GC(2) Concurrent Mark Cycle
[2025-07-19T16:48:00.550+0000][64][info ][gc,marking  ] GC(2) Concurrent Scan Root Regions
[2025-07-19T16:48:00.557+0000][64][info ][gc,marking  ] GC(2) Concurrent Scan Root Regions 7.881ms
[2025-07-19T16:48:00.558+0000][64][info ][gc,marking  ] GC(2) Concurrent Mark
[2025-07-19T16:48:00.558+0000][64][info ][gc,marking  ] GC(2) Concurrent Mark From Roots
[2025-07-19T16:48:00.558+0000][64][info ][gc,task     ] GC(2) Using 2 workers of 2 for marking
[2025-07-19T16:48:00.559+0000][64][info ][gc,marking  ] GC(2) Concurrent Mark From Roots 1.470ms
[2025-07-19T16:48:00.561+0000][64][info ][gc,marking  ] GC(2) Concurrent Preclean
[2025-07-19T16:48:00.561+0000][64][info ][gc,marking  ] GC(2) Concurrent Preclean 0.403ms
[2025-07-19T16:48:00.564+0000][64][info ][gc,start    ] GC(2) Pause Remark
[2025-07-19T16:48:00.574+0000][64][info ][gc          ] GC(2) Pause Remark 18M->18M(3920M) 10.019ms
[2025-07-19T16:48:00.574+0000][64][info ][gc,cpu      ] GC(2) User=0.02s Sys=0.00s Real=0.01s
[2025-07-19T16:48:00.574+0000][64][info ][safepoint   ] Safepoint "G1PauseRemark", Time since last: 13383875 ns, Reaching safepoint: 1220375 ns, Cleanup: 71833 ns, At safepoint: 10528083 ns, Total: 11820291 ns
[2025-07-19T16:48:00.576+0000][64][info ][gc,marking  ] GC(2) Concurrent Mark 17.966ms
[2025-07-19T16:48:00.576+0000][64][info ][gc,marking  ] GC(2) Concurrent Rebuild Remembered Sets and Scrub Regions
[2025-07-19T16:48:00.576+0000][64][info ][gc,marking  ] GC(2) Concurrent Rebuild Remembered Sets and Scrub Regions 0.352ms
[2025-07-19T16:48:00.578+0000][64][info ][gc,start    ] GC(2) Pause Cleanup
[2025-07-19T16:48:00.578+0000][64][info ][gc          ] GC(2) Pause Cleanup 18M->18M(3920M) 0.181ms
[2025-07-19T16:48:00.578+0000][64][info ][gc,cpu      ] GC(2) User=0.00s Sys=0.00s Real=0.00s
[2025-07-19T16:48:00.578+0000][64][info ][safepoint   ] Safepoint "G1PauseCleanup", Time since last: 2255959 ns, Reaching safepoint: 913875 ns, Cleanup: 165750 ns, At safepoint: 593000 ns, Total: 1672625 ns
[2025-07-19T16:48:00.581+0000][64][info ][gc,marking  ] GC(2) Concurrent Clear Claimed Marks
[2025-07-19T16:48:00.581+0000][64][info ][gc,marking  ] GC(2) Concurrent Clear Claimed Marks 0.303ms
[2025-07-19T16:48:00.581+0000][64][info ][gc,marking  ] GC(2) Concurrent Cleanup for Next Mark
[2025-07-19T16:48:00.602+0000][64][info ][gc,marking  ] GC(2) Concurrent Cleanup for Next Mark 20.253ms
[2025-07-19T16:48:00.602+0000][64][info ][gc          ] GC(2) Concurrent Mark Cycle 52.490ms
[2025-07-19T16:48:01.009+0000][64][info ][safepoint   ] Safepoint "ICBufferFull", Time since last: 430922542 ns, Reaching safepoint: 3583 ns, Cleanup: 229417 ns, At safepoint: 3041 ns, Total: 236041 ns
[2025-07-19T16:48:01.277+0000][64][info ][safepoint   ] Safepoint "ICBufferFull", Time since last: 267285000 ns, Reaching safepoint: 3875 ns, Cleanup: 304917 ns, At safepoint: 2292 ns, Total: 311084 ns
[2025-07-19T16:48:01.630+0000][64][info ][gc,start    ] GC(3) Pause Young (Normal) (G1 Evacuation Pause)
[2025-07-19T16:48:01.630+0000][64][info ][gc,task     ] GC(3) Using 8 workers of 8 for evacuation
[2025-07-19T16:48:01.630+0000][64][debug][gc,age      ] GC(3) Desired survivor size 14680064 bytes, new threshold 15 (max threshold 15)
[2025-07-19T16:48:01.654+0000][64][info ][gc,phases   ] GC(3)   Pre Evacuate Collection Set: 1.9ms
[2025-07-19T16:48:01.655+0000][64][info ][gc,phases   ] GC(3)   Merge Heap Roots: 0.0ms
[2025-07-19T16:48:01.655+0000][64][info ][gc,phases   ] GC(3)   Evacuate Collection Set: 20.8ms
[2025-07-19T16:48:01.655+0000][64][info ][gc,phases   ] GC(3)   Post Evacuate Collection Set: 4.2ms
[2025-07-19T16:48:01.656+0000][64][info ][gc,phases   ] GC(3)   Other: 0.6ms
[2025-07-19T16:48:01.656+0000][64][trace][gc,age      ] GC(3) Age table with threshold 15 (max threshold 15)
[2025-07-19T16:48:01.656+0000][64][trace][gc,age      ] GC(3) - age   1:    6242496 bytes,    6242496 total
[2025-07-19T16:48:01.656+0000][64][trace][gc,age      ] GC(3) - age   2:    1180064 bytes,    7422560 total
[2025-07-19T16:48:01.656+0000][64][trace][gc,age      ] GC(3) - age   3:    9784136 bytes,   17206696 total
[2025-07-19T16:48:01.657+0000][64][info ][gc,heap     ] GC(3) Eden regions: 46->0(68)
[2025-07-19T16:48:01.657+0000][64][info ][gc,heap     ] GC(3) Survivor regions: 3->5(7)
[2025-07-19T16:48:01.657+0000][64][info ][gc,heap     ] GC(3) Old regions: 0->0
[2025-07-19T16:48:01.657+0000][64][info ][gc,heap     ] GC(3) Archive regions: 2->2
[2025-07-19T16:48:01.657+0000][64][info ][gc,heap     ] GC(3) Humongous regions: 0->0
[2025-07-19T16:48:01.657+0000][64][info ][gc,metaspace] GC(3) Metaspace: 25295K(25984K)->25295K(25984K) NonClass: 22335K(22720K)->22335K(22720K) Class: 2960K(3264K)->2960K(3264K)
[2025-07-19T16:48:01.658+0000][64][info ][gc          ] GC(3) Pause Young (Normal) (G1 Evacuation Pause) 199M->21M(3920M) 31.042ms
[2025-07-19T16:48:01.658+0000][64][info ][gc,cpu      ] GC(3) User=0.05s Sys=0.03s Real=0.03s
[2025-07-19T16:48:01.658+0000][64][info ][safepoint   ] Safepoint "G1CollectForAllocation", Time since last: 352239375 ns, Reaching safepoint: 4125 ns, Cleanup: 250916 ns, At safepoint: 31954958 ns, Total: 32209999 ns
[2025-07-19T16:48:02.178+0000][64][info ][safepoint   ] Safepoint "ICBufferFull", Time since last: 519832459 ns, Reaching safepoint: 2750 ns, Cleanup: 127250 ns, At safepoint: 1708 ns, Total: 131708 ns
[2025-07-19T16:48:02.466+0000][64][info ][gc,start    ] GC(4) Pause Young (Normal) (G1 Evacuation Pause)
[2025-07-19T16:48:02.467+0000][64][info ][gc,task     ] GC(4) Using 8 workers of 8 for evacuation
[2025-07-19T16:48:02.467+0000][64][debug][gc,age      ] GC(4) Desired survivor size 20971520 bytes, new threshold 15 (max threshold 15)
[2025-07-19T16:48:02.481+0000][64][info ][gc,phases   ] GC(4)   Pre Evacuate Collection Set: 0.3ms
[2025-07-19T16:48:02.481+0000][64][info ][gc,phases   ] GC(4)   Merge Heap Roots: 0.1ms
[2025-07-19T16:48:02.481+0000][64][info ][gc,phases   ] GC(4)   Evacuate Collection Set: 9.7ms
[2025-07-19T16:48:02.481+0000][64][info ][gc,phases   ] GC(4)   Post Evacuate Collection Set: 3.4ms
[2025-07-19T16:48:02.481+0000][64][info ][gc,phases   ] GC(4)   Other: 0.3ms
[2025-07-19T16:48:02.481+0000][64][trace][gc,age      ] GC(4) Age table with threshold 15 (max threshold 15)
[2025-07-19T16:48:02.481+0000][64][trace][gc,age      ] GC(4) - age   1:    3166056 bytes,    3166056 total
[2025-07-19T16:48:02.481+0000][64][trace][gc,age      ] GC(4) - age   2:    5074776 bytes,    8240832 total
[2025-07-19T16:48:02.481+0000][64][trace][gc,age      ] GC(4) - age   3:    1180032 bytes,    9420864 total
[2025-07-19T16:48:02.481+0000][64][trace][gc,age      ] GC(4) - age   4:    9783848 bytes,   19204712 total
[2025-07-19T16:48:02.481+0000][64][info ][gc,heap     ] GC(4) Eden regions: 68->0(582)
[2025-07-19T16:48:02.482+0000][64][info ][gc,heap     ] GC(4) Survivor regions: 5->6(10)
[2025-07-19T16:48:02.482+0000][64][info ][gc,heap     ] GC(4) Old regions: 0->0
[2025-07-19T16:48:02.482+0000][64][info ][gc,heap     ] GC(4) Archive regions: 2->2
[2025-07-19T16:48:02.482+0000][64][info ][gc,heap     ] GC(4) Humongous regions: 0->0
[2025-07-19T16:48:02.482+0000][64][info ][gc,metaspace] GC(4) Metaspace: 26211K(26816K)->26211K(26816K) NonClass: 23139K(23488K)->23139K(23488K) Class: 3071K(3328K)->3071K(3328K)
[2025-07-19T16:48:02.482+0000][64][info ][gc          ] GC(4) Pause Young (Normal) (G1 Evacuation Pause) 293M->24M(3920M) 15.628ms
[2025-07-19T16:48:02.482+0000][64][info ][gc,cpu      ] GC(4) User=0.05s Sys=0.00s Real=0.02s
[2025-07-19T16:48:02.482+0000][64][info ][safepoint   ] Safepoint "G1CollectForAllocation", Time since last: 287674834 ns, Reaching safepoint: 4166 ns, Cleanup: 124667 ns, At safepoint: 15772167 ns, Total: 15901000 ns
[2025-07-19T16:48:02.760+0000][64][info ][safepoint   ] Safepoint "ICBufferFull", Time since last: 277356083 ns, Reaching safepoint: 2833 ns, Cleanup: 270875 ns, At safepoint: 10250 ns, Total: 283958 ns
[2025-07-19T16:48:03.169+0000][64][info ][safepoint   ] Safepoint "ICBufferFull", Time since last: 408679917 ns, Reaching safepoint: 3875 ns, Cleanup: 231792 ns, At safepoint: 11708 ns, Total: 247375 ns
[2025-07-19T16:48:04.009+0000][64][info ][safepoint   ] Safepoint "ICBufferFull", Time since last: 840066709 ns, Reaching safepoint: 3250 ns, Cleanup: 216833 ns, At safepoint: 2834 ns, Total: 222917 ns
[2025-07-19T16:48:04.049+0000][64][info ][gc,start    ] GC(5) Pause Young (Concurrent Start) (Metadata GC Threshold)
[2025-07-19T16:48:04.049+0000][64][info ][gc,task     ] GC(5) Using 8 workers of 8 for evacuation
[2025-07-19T16:48:04.049+0000][64][debug][gc,age      ] GC(5) Desired survivor size 155189248 bytes, new threshold 15 (max threshold 15)
[2025-07-19T16:48:04.074+0000][64][info ][gc,phases   ] GC(5)   Pre Evacuate Collection Set: 0.4ms
[2025-07-19T16:48:04.074+0000][64][info ][gc,phases   ] GC(5)   Merge Heap Roots: 0.1ms
[2025-07-19T16:48:04.074+0000][64][info ][gc,phases   ] GC(5)   Evacuate Collection Set: 19.3ms
[2025-07-19T16:48:04.074+0000][64][info ][gc,phases   ] GC(5)   Post Evacuate Collection Set: 4.1ms
[2025-07-19T16:48:04.075+0000][64][info ][gc,phases   ] GC(5)   Other: 0.4ms
[2025-07-19T16:48:04.075+0000][64][trace][gc,age      ] GC(5) Age table with threshold 15 (max threshold 15)
[2025-07-19T16:48:04.075+0000][64][trace][gc,age      ] GC(5) - age   1:   12162280 bytes,   12162280 total
[2025-07-19T16:48:04.075+0000][64][trace][gc,age      ] GC(5) - age   2:    2619728 bytes,   14782008 total
[2025-07-19T16:48:04.076+0000][64][trace][gc,age      ] GC(5) - age   3:    5055064 bytes,   19837072 total
[2025-07-19T16:48:04.076+0000][64][trace][gc,age      ] GC(5) - age   4:    1175272 bytes,   21012344 total
[2025-07-19T16:48:04.076+0000][64][trace][gc,age      ] GC(5) - age   5:    9617968 bytes,   30630312 total
[2025-07-19T16:48:04.076+0000][64][info ][gc,heap     ] GC(5) Eden regions: 170->0(303)
[2025-07-19T16:48:04.076+0000][64][info ][gc,heap     ] GC(5) Survivor regions: 6->8(74)
[2025-07-19T16:48:04.076+0000][64][info ][gc,heap     ] GC(5) Old regions: 0->0
[2025-07-19T16:48:04.076+0000][64][info ][gc,heap     ] GC(5) Archive regions: 2->2
[2025-07-19T16:48:04.076+0000][64][info ][gc,heap     ] GC(5) Humongous regions: 0->0
[2025-07-19T16:48:04.077+0000][64][info ][gc,metaspace] GC(5) Metaspace: 35426K(36288K)->35426K(36288K) NonClass: 31277K(31744K)->31277K(31744K) Class: 4148K(4544K)->4148K(4544K)
[2025-07-19T16:48:04.077+0000][64][info ][gc          ] GC(5) Pause Young (Concurrent Start) (Metadata GC Threshold) 704M->35M(3920M) 27.814ms
[2025-07-19T16:48:04.077+0000][64][info ][gc,cpu      ] GC(5) User=0.11s Sys=0.02s Real=0.03s
[2025-07-19T16:48:04.077+0000][64][info ][gc          ] GC(6) Concurrent Mark Cycle
[2025-07-19T16:48:04.078+0000][64][info ][gc,marking  ] GC(6) Concurrent Scan Root Regions
[2025-07-19T16:48:04.078+0000][64][info ][safepoint   ] Safepoint "CollectForMetadataAllocation", Time since last: 39991000 ns, Reaching safepoint: 2375 ns, Cleanup: 98625 ns, At safepoint: 28490291 ns, Total: 28591291 ns
[2025-07-19T16:48:04.086+0000][64][info ][gc,marking  ] GC(6) Concurrent Scan Root Regions 8.723ms
[2025-07-19T16:48:04.090+0000][64][info ][gc,marking  ] GC(6) Concurrent Mark
[2025-07-19T16:48:04.091+0000][64][info ][gc,marking  ] GC(6) Concurrent Mark From Roots
[2025-07-19T16:48:04.092+0000][64][info ][gc,task     ] GC(6) Using 2 workers of 2 for marking
[2025-07-19T16:48:04.095+0000][64][info ][gc,marking  ] GC(6) Concurrent Mark From Roots 4.897ms
[2025-07-19T16:48:04.096+0000][64][info ][gc,marking  ] GC(6) Concurrent Preclean
[2025-07-19T16:48:04.097+0000][64][info ][gc,marking  ] GC(6) Concurrent Preclean 0.419ms
[2025-07-19T16:48:04.103+0000][64][info ][gc,start    ] GC(6) Pause Remark
[2025-07-19T16:48:04.108+0000][64][info ][gc          ] GC(6) Pause Remark 39M->39M(3920M) 5.424ms
[2025-07-19T16:48:04.108+0000][64][info ][gc,cpu      ] GC(6) User=0.01s Sys=0.01s Real=0.00s
[2025-07-19T16:48:04.108+0000][64][info ][safepoint   ] Safepoint "G1PauseRemark", Time since last: 19675500 ns, Reaching safepoint: 5529875 ns, Cleanup: 109250 ns, At safepoint: 5597417 ns, Total: 11236542 ns
[2025-07-19T16:48:04.110+0000][64][info ][gc,marking  ] GC(6) Concurrent Mark 20.374ms
[2025-07-19T16:48:04.110+0000][64][info ][gc,marking  ] GC(6) Concurrent Rebuild Remembered Sets and Scrub Regions
[2025-07-19T16:48:04.110+0000][64][info ][gc,marking  ] GC(6) Concurrent Rebuild Remembered Sets and Scrub Regions 0.214ms
[2025-07-19T16:48:04.111+0000][64][info ][gc,start    ] GC(6) Pause Cleanup
[2025-07-19T16:48:04.111+0000][64][info ][gc          ] GC(6) Pause Cleanup 39M->39M(3920M) 0.059ms
[2025-07-19T16:48:04.111+0000][64][info ][gc,cpu      ] GC(6) User=0.00s Sys=0.00s Real=0.00s
[2025-07-19T16:48:04.111+0000][64][info ][safepoint   ] Safepoint "G1PauseCleanup", Time since last: 1954417 ns, Reaching safepoint: 425291 ns, Cleanup: 77334 ns, At safepoint: 178625 ns, Total: 681250 ns
[2025-07-19T16:48:04.111+0000][64][info ][gc,marking  ] GC(6) Concurrent Clear Claimed Marks
[2025-07-19T16:48:04.111+0000][64][info ][gc,marking  ] GC(6) Concurrent Clear Claimed Marks 0.121ms
[2025-07-19T16:48:04.111+0000][64][info ][gc,marking  ] GC(6) Concurrent Cleanup for Next Mark
[2025-07-19T16:48:04.119+0000][64][info ][gc,marking  ] GC(6) Concurrent Cleanup for Next Mark 7.127ms
[2025-07-19T16:48:04.119+0000][64][info ][gc          ] GC(6) Concurrent Mark Cycle 41.525ms
[2025-07-19T16:48:04.432+0000][64][info ][safepoint   ] Safepoint "ICBufferFull", Time since last: 320964958 ns, Reaching safepoint: 4417 ns, Cleanup: 163250 ns, At safepoint: 12500 ns, Total: 180167 ns
[2025-07-19T16:48:04.682+0000][64][info ][safepoint   ] Safepoint "ICBufferFull", Time since last: 249630083 ns, Reaching safepoint: 5667 ns, Cleanup: 266292 ns, At safepoint: 3166 ns, Total: 275125 ns
[2025-07-19T16:48:04.893+0000][64][info ][safepoint   ] Safepoint "ICBufferFull", Time since last: 210273792 ns, Reaching safepoint: 3583 ns, Cleanup: 217417 ns, At safepoint: 9167 ns, Total: 230167 ns
[2025-07-19T16:48:05.294+0000][64][info ][safepoint   ] Safepoint "ICBufferFull", Time since last: 400892500 ns, Reaching safepoint: 3667 ns, Cleanup: 218458 ns, At safepoint: 9458 ns, Total: 231583 ns
[2025-07-19T16:48:06.005+0000][64][info ][safepoint   ] Safepoint "ICBufferFull", Time since last: 706541667 ns, Reaching safepoint: 4542 ns, Cleanup: 2713500 ns, At safepoint: 42833 ns, Total: 2760875 ns
[2025-07-19T16:48:06.976+0000][64][info ][safepoint   ] Safepoint "ICBufferFull", Time since last: 969101751 ns, Reaching safepoint: 15958 ns, Cleanup: 2266458 ns, At safepoint: 7542 ns, Total: 2289958 ns
[2025-07-19T16:48:07.997+0000][64][info ][safepoint   ] Safepoint "Cleanup", Time since last: 1018657209 ns, Reaching safepoint: 15500 ns, Cleanup: 3189875 ns, At safepoint: 351125 ns, Total: 3556500 ns
[2025-07-19T16:48:08.577+0000][64][info ][safepoint   ] Safepoint "ICBufferFull", Time since last: 578345667 ns, Reaching safepoint: 6208 ns, Cleanup: 1264625 ns, At safepoint: 4583 ns, Total: 1275416 ns
[2025-07-19T16:48:08.946+0000][64][info ][gc,start    ] GC(7) Pause Young (Concurrent Start) (Metadata GC Threshold)
[2025-07-19T16:48:08.947+0000][64][info ][gc,task     ] GC(7) Using 8 workers of 8 for evacuation
[2025-07-19T16:48:08.947+0000][64][debug][gc,age      ] GC(7) Desired survivor size 81788928 bytes, new threshold 15 (max threshold 15)
[2025-07-19T16:48:08.988+0000][64][info ][gc,phases   ] GC(7)   Pre Evacuate Collection Set: 0.9ms
[2025-07-19T16:48:08.988+0000][64][info ][gc,phases   ] GC(7)   Merge Heap Roots: 0.1ms
[2025-07-19T16:48:08.988+0000][64][info ][gc,phases   ] GC(7)   Evacuate Collection Set: 36.7ms
[2025-07-19T16:48:08.989+0000][64][info ][gc,phases   ] GC(7)   Post Evacuate Collection Set: 3.4ms
[2025-07-19T16:48:08.989+0000][64][info ][gc,phases   ] GC(7)   Other: 0.6ms
[2025-07-19T16:48:08.989+0000][64][trace][gc,age      ] GC(7) Age table with threshold 15 (max threshold 15)
[2025-07-19T16:48:08.989+0000][64][trace][gc,age      ] GC(7) - age   1:   25248520 bytes,   25248520 total
[2025-07-19T16:48:08.989+0000][64][trace][gc,age      ] GC(7) - age   2:   12049760 bytes,   37298280 total
[2025-07-19T16:48:08.989+0000][64][trace][gc,age      ] GC(7) - age   3:    2613088 bytes,   39911368 total
[2025-07-19T16:48:08.989+0000][64][trace][gc,age      ] GC(7) - age   4:    5032816 bytes,   44944184 total
[2025-07-19T16:48:08.989+0000][64][trace][gc,age      ] GC(7) - age   5:    1170224 bytes,   46114408 total
[2025-07-19T16:48:08.989+0000][64][trace][gc,age      ] GC(7) - age   6:    9550808 bytes,   55665216 total
[2025-07-19T16:48:08.989+0000][64][info ][gc,heap     ] GC(7) Eden regions: 116->0(174)
[2025-07-19T16:48:08.989+0000][64][info ][gc,heap     ] GC(7) Survivor regions: 8->15(39)
[2025-07-19T16:48:08.989+0000][64][info ][gc,heap     ] GC(7) Old regions: 0->0
[2025-07-19T16:48:08.989+0000][64][info ][gc,heap     ] GC(7) Archive regions: 2->2
[2025-07-19T16:48:08.989+0000][64][info ][gc,heap     ] GC(7) Humongous regions: 0->0
[2025-07-19T16:48:08.989+0000][64][info ][gc,metaspace] GC(7) Metaspace: 59370K(60736K)->59370K(60736K) NonClass: 51906K(52672K)->51906K(52672K) Class: 7463K(8064K)->7463K(8064K)
[2025-07-19T16:48:08.989+0000][64][info ][gc          ] GC(7) Pause Young (Concurrent Start) (Metadata GC Threshold) 497M->62M(3920M) 43.823ms
[2025-07-19T16:48:08.989+0000][64][info ][gc,cpu      ] GC(7) User=0.21s Sys=0.07s Real=0.04s
[2025-07-19T16:48:08.990+0000][64][info ][gc          ] GC(8) Concurrent Mark Cycle
[2025-07-19T16:48:08.990+0000][64][info ][gc,marking  ] GC(8) Concurrent Scan Root Regions
[2025-07-19T16:48:08.990+0000][64][info ][safepoint   ] Safepoint "CollectForMetadataAllocation", Time since last: 367314042 ns, Reaching safepoint: 1047667 ns, Cleanup: 249167 ns, At safepoint: 44863791 ns, Total: 46160625 ns
[2025-07-19T16:48:09.008+0000][64][info ][gc,marking  ] GC(8) Concurrent Scan Root Regions 18.800ms
[2025-07-19T16:48:09.009+0000][64][info ][gc,marking  ] GC(8) Concurrent Mark
[2025-07-19T16:48:09.010+0000][64][info ][gc,marking  ] GC(8) Concurrent Mark From Roots
[2025-07-19T16:48:09.010+0000][64][info ][gc,task     ] GC(8) Using 2 workers of 2 for marking
[2025-07-19T16:48:09.012+0000][64][info ][gc,marking  ] GC(8) Concurrent Mark From Roots 2.222ms
[2025-07-19T16:48:09.012+0000][64][info ][gc,marking  ] GC(8) Concurrent Preclean
[2025-07-19T16:48:09.012+0000][64][info ][gc,marking  ] GC(8) Concurrent Preclean 0.142ms
[2025-07-19T16:48:09.014+0000][64][info ][gc,start    ] GC(8) Pause Remark
[2025-07-19T16:48:09.020+0000][64][info ][gc          ] GC(8) Pause Remark 66M->66M(3920M) 6.705ms
[2025-07-19T16:48:09.020+0000][64][info ][gc,cpu      ] GC(8) User=0.02s Sys=0.00s Real=0.00s
[2025-07-19T16:48:09.021+0000][64][info ][safepoint   ] Safepoint "G1PauseRemark", Time since last: 23478209 ns, Reaching safepoint: 440916 ns, Cleanup: 43334 ns, At safepoint: 6895416 ns, Total: 7379666 ns
[2025-07-19T16:48:09.022+0000][64][info ][gc,marking  ] GC(8) Concurrent Mark 12.747ms
[2025-07-19T16:48:09.025+0000][64][info ][gc,marking  ] GC(8) Concurrent Rebuild Remembered Sets and Scrub Regions
[2025-07-19T16:48:09.026+0000][64][info ][gc,marking  ] GC(8) Concurrent Rebuild Remembered Sets and Scrub Regions 0.303ms
[2025-07-19T16:48:09.026+0000][64][info ][gc,start    ] GC(8) Pause Cleanup
[2025-07-19T16:48:09.026+0000][64][info ][gc          ] GC(8) Pause Cleanup 66M->66M(3920M) 0.072ms
[2025-07-19T16:48:09.026+0000][64][info ][gc,cpu      ] GC(8) User=0.00s Sys=0.00s Real=0.00s
[2025-07-19T16:48:09.026+0000][64][info ][safepoint   ] Safepoint "G1PauseCleanup", Time since last: 5348792 ns, Reaching safepoint: 5333 ns, Cleanup: 70084 ns, At safepoint: 209333 ns, Total: 284750 ns
[2025-07-19T16:48:09.029+0000][64][info ][gc,marking  ] GC(8) Concurrent Clear Claimed Marks
[2025-07-19T16:48:09.030+0000][64][info ][gc,marking  ] GC(8) Concurrent Clear Claimed Marks 1.053ms
[2025-07-19T16:48:09.030+0000][64][info ][gc,marking  ] GC(8) Concurrent Cleanup for Next Mark
[2025-07-19T16:48:09.048+0000][64][info ][gc,marking  ] GC(8) Concurrent Cleanup for Next Mark 18.748ms
[2025-07-19T16:48:09.050+0000][64][info ][gc          ] GC(8) Concurrent Mark Cycle 60.584ms
[2025-07-19T16:48:10.032+0000][64][info ][safepoint   ] Safepoint "Cleanup", Time since last: 1003953042 ns, Reaching safepoint: 14292 ns, Cleanup: 1696666 ns, At safepoint: 9584 ns, Total: 1720542 ns
[2025-07-19T16:48:11.064+0000][64][info ][safepoint   ] Safepoint "Cleanup", Time since last: 1014284084 ns, Reaching safepoint: 10021500 ns, Cleanup: 6614583 ns, At safepoint: 15958 ns, Total: 16652041 ns
[2025-07-19T16:48:12.080+0000][64][info ][safepoint   ] Safepoint "Cleanup", Time since last: 1014031042 ns, Reaching safepoint: 1818084 ns, Cleanup: 1387375 ns, At safepoint: 11791 ns, Total: 3217250 ns
[2025-07-19T16:48:13.087+0000][64][info ][safepoint   ] Safepoint "Cleanup", Time since last: 1002895751 ns, Reaching safepoint: 1624833 ns, Cleanup: 1068000 ns, At safepoint: 60250 ns, Total: 2753083 ns
[2025-07-19T16:48:14.791+0000][64][info ][safepoint   ] Safepoint "Cleanup", Time since last: 1698376084 ns, Reaching safepoint: 3464209 ns, Cleanup: 1305708 ns, At safepoint: 33958 ns, Total: 4803875 ns
[2025-07-19T16:48:16.839+0000][64][info ][safepoint   ] Safepoint "Cleanup", Time since last: 2041156251 ns, Reaching safepoint: 5005084 ns, Cleanup: 2694625 ns, At safepoint: 7875 ns, Total: 7707584 ns
[2025-07-19T16:48:18.915+0000][64][info ][safepoint   ] Safepoint "Cleanup", Time since last: 2070287001 ns, Reaching safepoint: 2490708 ns, Cleanup: 2014750 ns, At safepoint: 241000 ns, Total: 4746458 ns
[2025-07-19T16:48:20.098+0000][64][info ][safepoint   ] Safepoint "Cleanup", Time since last: 1153664917 ns, Reaching safepoint: 22865917 ns, Cleanup: 5457167 ns, At safepoint: 485458 ns, Total: 28808542 ns
[2025-07-19T16:48:21.561+0000][64][info ][safepoint   ] Safepoint "Cleanup", Time since last: 1463321459 ns, Reaching safepoint: 1236208 ns, Cleanup: 1313084 ns, At safepoint: 15541 ns, Total: 2564833 ns
[2025-07-19T16:48:23.499+0000][64][info ][safepoint   ] Safepoint "Cleanup", Time since last: 1924682085 ns, Reaching safepoint: 5158583 ns, Cleanup: 3716542 ns, At safepoint: 84291 ns, Total: 8959416 ns
[2025-07-19T16:48:24.518+0000][64][info ][safepoint   ] Safepoint "Cleanup", Time since last: 1017609209 ns, Reaching safepoint: 2069917 ns, Cleanup: 1797958 ns, At safepoint: 8250 ns, Total: 3876125 ns
[2025-07-19T16:48:25.559+0000][64][info ][safepoint   ] Safepoint "Cleanup", Time since last: 1025339917 ns, Reaching safepoint: 6929709 ns, Cleanup: 4594458 ns, At safepoint: 17000 ns, Total: 11541167 ns
[2025-07-19T16:48:26.607+0000][64][info ][safepoint   ] Safepoint "Cleanup", Time since last: 1036983375 ns, Reaching safepoint: 3200875 ns, Cleanup: 8937584 ns, At safepoint: 647083 ns, Total: 12785542 ns
[2025-07-19T16:48:33.645+0000][64][info ][safepoint   ] Safepoint "Cleanup", Time since last: 7038230878 ns, Reaching safepoint: 1862042 ns, Cleanup: 8331083 ns, At safepoint: 12459 ns, Total: 10205584 ns
[2025-07-19T16:48:35.657+0000][64][info ][safepoint   ] Safepoint "Cleanup", Time since last: 2013447542 ns, Reaching safepoint: 742334 ns, Cleanup: 1137750 ns, At safepoint: 21375 ns, Total: 1901459 ns
[2025-07-19T16:48:36.433+0000][64][info ][safepoint   ] Safepoint "ICBufferFull", Time since last: 775576042 ns, Reaching safepoint: 263625 ns, Cleanup: 464125 ns, At safepoint: 9958 ns, Total: 737708 ns
[2025-07-19T16:48:37.107+0000][64][info ][gc,start    ] GC(9) Pause Young (Concurrent Start) (Metadata GC Threshold)
[2025-07-19T16:48:37.115+0000][64][info ][gc,task     ] GC(9) Using 8 workers of 8 for evacuation
[2025-07-19T16:48:37.116+0000][64][debug][gc,age      ] GC(9) Desired survivor size 50331648 bytes, new threshold 6 (max threshold 15)
[2025-07-19T16:48:37.320+0000][64][info ][gc,mmu      ] GC(9) MMU target violated: 201.0ms (200.0ms/201.0ms)
[2025-07-19T16:48:37.321+0000][64][info ][gc,phases   ] GC(9)   Pre Evacuate Collection Set: 3.1ms
[2025-07-19T16:48:37.322+0000][64][info ][gc,phases   ] GC(9)   Merge Heap Roots: 0.6ms
[2025-07-19T16:48:37.322+0000][64][info ][gc,phases   ] GC(9)   Evacuate Collection Set: 178.6ms
[2025-07-19T16:48:37.322+0000][64][info ][gc,phases   ] GC(9)   Post Evacuate Collection Set: 18.8ms
[2025-07-19T16:48:37.322+0000][64][info ][gc,phases   ] GC(9)   Other: 5.9ms
[2025-07-19T16:48:37.323+0000][64][trace][gc,age      ] GC(9) Age table with threshold 6 (max threshold 15)
[2025-07-19T16:48:37.323+0000][64][trace][gc,age      ] GC(9) - age   1:   16516120 bytes,   16516120 total
[2025-07-19T16:48:37.323+0000][64][trace][gc,age      ] GC(9) - age   2:   24748568 bytes,   41264688 total
[2025-07-19T16:48:37.323+0000][64][trace][gc,age      ] GC(9) - age   3:   11970416 bytes,   53235104 total
[2025-07-19T16:48:37.323+0000][64][trace][gc,age      ] GC(9) - age   4:    2602552 bytes,   55837656 total
[2025-07-19T16:48:37.324+0000][64][trace][gc,age      ] GC(9) - age   5:    5015936 bytes,   60853592 total
[2025-07-19T16:48:37.324+0000][64][trace][gc,age      ] GC(9) - age   6:    1163592 bytes,   62017184 total
[2025-07-19T16:48:37.324+0000][64][info ][gc,heap     ] GC(9) Eden regions: 119->0(32)
[2025-07-19T16:48:37.324+0000][64][info ][gc,heap     ] GC(9) Survivor regions: 15->17(24)
[2025-07-19T16:48:37.324+0000][64][info ][gc,heap     ] GC(9) Old regions: 0->3
[2025-07-19T16:48:37.324+0000][64][info ][gc,heap     ] GC(9) Archive regions: 2->2
[2025-07-19T16:48:37.324+0000][64][info ][gc,heap     ] GC(9) Humongous regions: 0->0
[2025-07-19T16:48:37.325+0000][64][info ][gc,metaspace] GC(9) Metaspace: 98946K(101568K)->98946K(101568K) NonClass: 85725K(87104K)->85725K(87104K) Class: 13220K(14464K)->13220K(14464K)
[2025-07-19T16:48:37.325+0000][64][info ][gc          ] GC(9) Pause Young (Concurrent Start) (Metadata GC Threshold) 538M->79M(3920M) 218.117ms
[2025-07-19T16:48:37.325+0000][64][info ][gc,cpu      ] GC(9) User=0.46s Sys=0.18s Real=0.22s
[2025-07-19T16:48:37.325+0000][64][info ][gc          ] GC(10) Concurrent Mark Cycle
[2025-07-19T16:48:37.326+0000][64][info ][gc,marking  ] GC(10) Concurrent Scan Root Regions
[2025-07-19T16:48:37.326+0000][64][info ][safepoint   ] Safepoint "CollectForMetadataAllocation", Time since last: 667629292 ns, Reaching safepoint: 268458 ns, Cleanup: 612584 ns, At safepoint: 224672333 ns, Total: 225553375 ns
[2025-07-19T16:48:37.363+0000][64][info ][gc,marking  ] GC(10) Concurrent Scan Root Regions 37.731ms
[2025-07-19T16:48:37.365+0000][64][info ][gc,marking  ] GC(10) Concurrent Mark
[2025-07-19T16:48:37.365+0000][64][info ][gc,marking  ] GC(10) Concurrent Mark From Roots
[2025-07-19T16:48:37.366+0000][64][info ][gc,task     ] GC(10) Using 2 workers of 2 for marking
[2025-07-19T16:48:37.368+0000][64][info ][gc,marking  ] GC(10) Concurrent Mark From Roots 2.538ms
[2025-07-19T16:48:37.368+0000][64][info ][gc,marking  ] GC(10) Concurrent Preclean
[2025-07-19T16:48:37.368+0000][64][info ][gc,marking  ] GC(10) Concurrent Preclean 0.458ms
[2025-07-19T16:48:37.369+0000][64][info ][gc,start    ] GC(10) Pause Remark
[2025-07-19T16:48:37.390+0000][64][info ][gc          ] GC(10) Pause Remark 83M->83M(3920M) 20.630ms
[2025-07-19T16:48:37.390+0000][64][info ][gc,cpu      ] GC(10) User=0.04s Sys=0.01s Real=0.03s
[2025-07-19T16:48:37.391+0000][64][info ][safepoint   ] Safepoint "G1PauseRemark", Time since last: 43188667 ns, Reaching safepoint: 303125 ns, Cleanup: 149250 ns, At safepoint: 21307417 ns, Total: 21759792 ns
[2025-07-19T16:48:37.392+0000][64][info ][gc,marking  ] GC(10) Concurrent Mark 27.027ms
[2025-07-19T16:48:37.392+0000][64][info ][gc,marking  ] GC(10) Concurrent Rebuild Remembered Sets and Scrub Regions
[2025-07-19T16:48:37.396+0000][64][info ][gc,marking  ] GC(10) Concurrent Rebuild Remembered Sets and Scrub Regions 3.941ms
[2025-07-19T16:48:37.397+0000][64][info ][gc,start    ] GC(10) Pause Cleanup
[2025-07-19T16:48:37.398+0000][64][info ][gc          ] GC(10) Pause Cleanup 83M->83M(3920M) 0.749ms
[2025-07-19T16:48:37.399+0000][64][info ][gc,cpu      ] GC(10) User=0.00s Sys=0.00s Real=0.00s
[2025-07-19T16:48:37.402+0000][64][info ][safepoint   ] Safepoint "G1PauseCleanup", Time since last: 6215375 ns, Reaching safepoint: 375583 ns, Cleanup: 101500 ns, At safepoint: 4836833 ns, Total: 5313916 ns
[2025-07-19T16:48:37.403+0000][64][info ][gc,marking  ] GC(10) Concurrent Clear Claimed Marks
[2025-07-19T16:48:37.407+0000][64][info ][gc,marking  ] GC(10) Concurrent Clear Claimed Marks 4.767ms
[2025-07-19T16:48:37.408+0000][64][info ][gc,marking  ] GC(10) Concurrent Cleanup for Next Mark
[2025-07-19T16:48:37.495+0000][64][info ][gc,marking  ] GC(10) Concurrent Cleanup for Next Mark 87.445ms
[2025-07-19T16:48:37.495+0000][64][info ][gc          ] GC(10) Concurrent Mark Cycle 170.070ms
