[2025-07-16T16:28:14.891+0000][66][info][gc,init] CardTable entry size: 512
[2025-07-16T16:28:14.892+0000][66][info][gc     ] Using G1
[2025-07-16T16:28:19.409+0000][66][info][gc,init] Version: 20.0.1+9-29 (release)
[2025-07-16T16:28:19.411+0000][66][info][gc,init] CPUs: 8 total, 8 available
[2025-07-16T16:28:19.411+0000][66][info][gc,init] Memory: 7837M
[2025-07-16T16:28:19.412+0000][66][info][gc,init] Large Page Support: Disabled
[2025-07-16T16:28:19.412+0000][66][info][gc,init] NUMA Support: Disabled
[2025-07-16T16:28:19.412+0000][66][info][gc,init] Compressed Oops: Enabled (Zero based)
[2025-07-16T16:28:19.412+0000][66][info][gc,init] Heap Region Size: 4M
[2025-07-16T16:28:19.412+0000][66][info][gc,init] Heap Min Capacity: 3920M
[2025-07-16T16:28:19.412+0000][66][info][gc,init] Heap Initial Capacity: 3920M
[2025-07-16T16:28:19.412+0000][66][info][gc,init] Heap Max Capacity: 3920M
[2025-07-16T16:28:19.412+0000][66][info][gc,init] Pre-touch: Enabled
[2025-07-16T16:28:19.413+0000][66][info][gc,init] Parallel Workers: 8
[2025-07-16T16:28:19.413+0000][66][info][gc,init] Concurrent Workers: 2
[2025-07-16T16:28:19.413+0000][66][info][gc,init] Concurrent Refinement Workers: 8
[2025-07-16T16:28:19.413+0000][66][info][gc,init] Periodic GC: Disabled
[2025-07-16T16:28:19.422+0000][66][info][gc,metaspace] CDS archive(s) mapped at: [0x0000000800000000-0x0000000800c80000-0x0000000800c80000), size 13107200, SharedBaseAddress: 0x0000000800000000, ArchiveRelocationMode: 0.
[2025-07-16T16:28:19.423+0000][66][info][gc,metaspace] Compressed class space mapped at: 0x0000000801000000-0x0000000841000000, reserved size: 1073741824
[2025-07-16T16:28:19.423+0000][66][info][gc,metaspace] Narrow klass base: 0x0000000800000000, Narrow klass shift: 0, Narrow klass range: 0x100000000
[2025-07-16T16:28:19.702+0000][66][info][safepoint   ] Safepoint "ICBufferFull", Time since last: 195512334 ns, Reaching safepoint: 1016125 ns, Cleanup: 258916 ns, At safepoint: 13375 ns, Total: 1288416 ns
[2025-07-16T16:28:20.032+0000][66][info][safepoint   ] Safepoint "ICBufferFull", Time since last: 329275334 ns, Reaching safepoint: 467708 ns, Cleanup: 569417 ns, At safepoint: 15166 ns, Total: 1052291 ns
[2025-07-16T16:28:20.532+0000][66][info][safepoint   ] Safepoint "ICBufferFull", Time since last: 499528417 ns, Reaching safepoint: 2167 ns, Cleanup: 274417 ns, At safepoint: 2291 ns, Total: 278875 ns
[2025-07-16T16:28:21.243+0000][66][info][safepoint   ] Safepoint "ICBufferFull", Time since last: 710978167 ns, Reaching safepoint: 2459 ns, Cleanup: 348666 ns, At safepoint: 2584 ns, Total: 353709 ns
[2025-07-16T16:28:21.709+0000][66][info][safepoint   ] Safepoint "ICBufferFull", Time since last: 456737125 ns, Reaching safepoint: 4833 ns, Cleanup: 8867834 ns, At safepoint: 18375 ns, Total: 8891042 ns
[2025-07-16T16:28:22.054+0000][66][info][safepoint   ] Safepoint "ICBufferFull", Time since last: 342001208 ns, Reaching safepoint: 3542 ns, Cleanup: 3275583 ns, At safepoint: 26833 ns, Total: 3305958 ns
[2025-07-16T16:28:22.146+0000][66][info][safepoint   ] Safepoint "ICBufferFull", Time since last: 90322459 ns, Reaching safepoint: 1161791 ns, Cleanup: 438709 ns, At safepoint: 15291 ns, Total: 1615791 ns
[2025-07-16T16:28:22.446+0000][66][info][safepoint   ] Safepoint "ICBufferFull", Time since last: 315273459 ns, Reaching safepoint: 4125 ns, Cleanup: 791208 ns, At safepoint: 74459 ns, Total: 869792 ns
[2025-07-16T16:28:22.947+0000][66][info][safepoint   ] Safepoint "ICBufferFull", Time since last: 500700791 ns, Reaching safepoint: 46750 ns, Cleanup: 233834 ns, At safepoint: 39500 ns, Total: 320084 ns
[2025-07-16T16:28:23.179+0000][66][info][safepoint   ] Safepoint "ICBufferFull", Time since last: 231613417 ns, Reaching safepoint: 3000 ns, Cleanup: 199333 ns, At safepoint: 3708 ns, Total: 206041 ns
[2025-07-16T16:28:23.630+0000][66][info][gc,start    ] GC(0) Pause Young (Normal) (G1 Evacuation Pause)
[2025-07-16T16:28:23.631+0000][66][info][gc,task     ] GC(0) Using 8 workers of 8 for evacuation
[2025-07-16T16:28:23.632+0000][66][debug][gc,age      ] GC(0) Desired survivor size 14680064 bytes, new threshold 15 (max threshold 15)
[2025-07-16T16:28:23.653+0000][66][info ][gc,phases   ] GC(0)   Pre Evacuate Collection Set: 0.8ms
[2025-07-16T16:28:23.654+0000][66][info ][gc,phases   ] GC(0)   Merge Heap Roots: 0.2ms
[2025-07-16T16:28:23.654+0000][66][info ][gc,phases   ] GC(0)   Evacuate Collection Set: 12.4ms
[2025-07-16T16:28:23.655+0000][66][info ][gc,phases   ] GC(0)   Post Evacuate Collection Set: 8.2ms
[2025-07-16T16:28:23.655+0000][66][info ][gc,phases   ] GC(0)   Other: 0.5ms
[2025-07-16T16:28:23.655+0000][66][trace][gc,age      ] GC(0) Age table with threshold 15 (max threshold 15)
[2025-07-16T16:28:23.655+0000][66][trace][gc,age      ] GC(0) - age   1:   12354720 bytes,   12354720 total
[2025-07-16T16:28:23.656+0000][66][info ][gc,heap     ] GC(0) Eden regions: 49->0(45)
[2025-07-16T16:28:23.656+0000][66][info ][gc,heap     ] GC(0) Survivor regions: 0->4(7)
[2025-07-16T16:28:23.656+0000][66][info ][gc,heap     ] GC(0) Old regions: 0->0
[2025-07-16T16:28:23.656+0000][66][info ][gc,heap     ] GC(0) Archive regions: 2->2
[2025-07-16T16:28:23.656+0000][66][info ][gc,heap     ] GC(0) Humongous regions: 0->0
[2025-07-16T16:28:23.656+0000][66][info ][gc,metaspace] GC(0) Metaspace: 17710K(18240K)->17710K(18240K) NonClass: 15688K(16000K)->15688K(16000K) Class: 2021K(2240K)->2021K(2240K)
[2025-07-16T16:28:23.656+0000][66][info ][gc          ] GC(0) Pause Young (Normal) (G1 Evacuation Pause) 200M->16M(3920M) 26.161ms
[2025-07-16T16:28:23.656+0000][66][info ][gc,cpu      ] GC(0) User=0.04s Sys=0.04s Real=0.03s
[2025-07-16T16:28:23.657+0000][66][info ][safepoint   ] Safepoint "G1CollectForAllocation", Time since last: 451156625 ns, Reaching safepoint: 4167 ns, Cleanup: 210083 ns, At safepoint: 26341167 ns, Total: 26555417 ns
[2025-07-16T16:28:24.121+0000][66][info ][gc,start    ] GC(1) Pause Young (Concurrent Start) (Metadata GC Threshold)
[2025-07-16T16:28:24.122+0000][66][info ][gc,task     ] GC(1) Using 8 workers of 8 for evacuation
[2025-07-16T16:28:24.122+0000][66][debug][gc,age      ] GC(1) Desired survivor size 14680064 bytes, new threshold 15 (max threshold 15)
[2025-07-16T16:28:24.139+0000][66][info ][gc,phases   ] GC(1)   Pre Evacuate Collection Set: 5.9ms
[2025-07-16T16:28:24.139+0000][66][info ][gc,phases   ] GC(1)   Merge Heap Roots: 0.1ms
[2025-07-16T16:28:24.139+0000][66][info ][gc,phases   ] GC(1)   Evacuate Collection Set: 7.6ms
[2025-07-16T16:28:24.139+0000][66][info ][gc,phases   ] GC(1)   Post Evacuate Collection Set: 2.3ms
[2025-07-16T16:28:24.139+0000][66][info ][gc,phases   ] GC(1)   Other: 1.4ms
[2025-07-16T16:28:24.139+0000][66][trace][gc,age      ] GC(1) Age table with threshold 15 (max threshold 15)
[2025-07-16T16:28:24.140+0000][66][trace][gc,age      ] GC(1) - age   1:    1271168 bytes,    1271168 total
[2025-07-16T16:28:24.140+0000][66][trace][gc,age      ] GC(1) - age   2:    9792048 bytes,   11063216 total
[2025-07-16T16:28:24.140+0000][66][info ][gc,heap     ] GC(1) Eden regions: 21->0(50)
[2025-07-16T16:28:24.140+0000][66][info ][gc,heap     ] GC(1) Survivor regions: 4->3(7)
[2025-07-16T16:28:24.140+0000][66][info ][gc,heap     ] GC(1) Old regions: 0->0
[2025-07-16T16:28:24.140+0000][66][info ][gc,heap     ] GC(1) Archive regions: 2->2
[2025-07-16T16:28:24.140+0000][66][info ][gc,heap     ] GC(1) Humongous regions: 0->0
[2025-07-16T16:28:24.140+0000][66][info ][gc,metaspace] GC(1) Metaspace: 21000K(21504K)->21000K(21504K) NonClass: 18654K(18944K)->18654K(18944K) Class: 2346K(2560K)->2346K(2560K)
[2025-07-16T16:28:24.140+0000][66][info ][gc          ] GC(1) Pause Young (Concurrent Start) (Metadata GC Threshold) 100M->15M(3920M) 18.446ms
[2025-07-16T16:28:24.140+0000][66][info ][gc,cpu      ] GC(1) User=0.02s Sys=0.01s Real=0.02s
[2025-07-16T16:28:24.140+0000][66][info ][safepoint   ] Safepoint "CollectForMetadataAllocation", Time since last: 464516500 ns, Reaching safepoint: 3375 ns, Cleanup: 281125 ns, At safepoint: 19080584 ns, Total: 19365084 ns
[2025-07-16T16:28:24.141+0000][66][info ][gc          ] GC(2) Concurrent Mark Cycle
[2025-07-16T16:28:24.141+0000][66][info ][gc,marking  ] GC(2) Concurrent Scan Root Regions
[2025-07-16T16:28:24.148+0000][66][info ][gc,marking  ] GC(2) Concurrent Scan Root Regions 7.150ms
[2025-07-16T16:28:24.148+0000][66][info ][gc,marking  ] GC(2) Concurrent Mark
[2025-07-16T16:28:24.148+0000][66][info ][gc,marking  ] GC(2) Concurrent Mark From Roots
[2025-07-16T16:28:24.148+0000][66][info ][gc,task     ] GC(2) Using 2 workers of 2 for marking
[2025-07-16T16:28:24.150+0000][66][info ][gc,marking  ] GC(2) Concurrent Mark From Roots 2.399ms
[2025-07-16T16:28:24.150+0000][66][info ][gc,marking  ] GC(2) Concurrent Preclean
[2025-07-16T16:28:24.151+0000][66][info ][gc,marking  ] GC(2) Concurrent Preclean 0.059ms
[2025-07-16T16:28:24.153+0000][66][info ][gc,start    ] GC(2) Pause Remark
[2025-07-16T16:28:24.178+0000][66][info ][gc          ] GC(2) Pause Remark 18M->18M(3920M) 25.259ms
[2025-07-16T16:28:24.179+0000][66][info ][gc,cpu      ] GC(2) User=0.02s Sys=0.01s Real=0.02s
[2025-07-16T16:28:24.179+0000][66][info ][safepoint   ] Safepoint "G1PauseRemark", Time since last: 11798500 ns, Reaching safepoint: 146875 ns, Cleanup: 801791 ns, At safepoint: 25515792 ns, Total: 26464458 ns
[2025-07-16T16:28:24.179+0000][66][info ][gc,marking  ] GC(2) Concurrent Mark 31.431ms
[2025-07-16T16:28:24.180+0000][66][info ][gc,marking  ] GC(2) Concurrent Rebuild Remembered Sets and Scrub Regions
[2025-07-16T16:28:24.180+0000][66][info ][gc,marking  ] GC(2) Concurrent Rebuild Remembered Sets and Scrub Regions 0.178ms
[2025-07-16T16:28:24.180+0000][66][info ][gc,start    ] GC(2) Pause Cleanup
[2025-07-16T16:28:24.181+0000][66][info ][gc          ] GC(2) Pause Cleanup 18M->18M(3920M) 0.088ms
[2025-07-16T16:28:24.181+0000][66][info ][gc,cpu      ] GC(2) User=0.00s Sys=0.00s Real=0.00s
[2025-07-16T16:28:24.182+0000][66][info ][safepoint   ] Safepoint "G1PauseCleanup", Time since last: 1387292 ns, Reaching safepoint: 2500 ns, Cleanup: 376708 ns, At safepoint: 1164458 ns, Total: 1543666 ns
[2025-07-16T16:28:24.182+0000][66][info ][gc,marking  ] GC(2) Concurrent Clear Claimed Marks
[2025-07-16T16:28:24.182+0000][66][info ][gc,marking  ] GC(2) Concurrent Clear Claimed Marks 0.136ms
[2025-07-16T16:28:24.183+0000][66][info ][gc,marking  ] GC(2) Concurrent Cleanup for Next Mark
[2025-07-16T16:28:24.186+0000][66][info ][gc,marking  ] GC(2) Concurrent Cleanup for Next Mark 2.696ms
[2025-07-16T16:28:24.186+0000][66][info ][gc          ] GC(2) Concurrent Mark Cycle 45.124ms
[2025-07-16T16:28:24.735+0000][66][info ][safepoint   ] Safepoint "ICBufferFull", Time since last: 552304959 ns, Reaching safepoint: 3167 ns, Cleanup: 1062958 ns, At safepoint: 10292 ns, Total: 1076417 ns
[2025-07-16T16:28:24.969+0000][66][info ][safepoint   ] Safepoint "ICBufferFull", Time since last: 230285750 ns, Reaching safepoint: 1265916 ns, Cleanup: 2410125 ns, At safepoint: 19000 ns, Total: 3695041 ns
[2025-07-16T16:28:25.250+0000][66][info ][gc,start    ] GC(3) Pause Young (Normal) (G1 Evacuation Pause)
[2025-07-16T16:28:25.251+0000][66][info ][gc,task     ] GC(3) Using 8 workers of 8 for evacuation
[2025-07-16T16:28:25.252+0000][66][debug][gc,age      ] GC(3) Desired survivor size 14680064 bytes, new threshold 15 (max threshold 15)
[2025-07-16T16:28:25.272+0000][66][info ][gc,phases   ] GC(3)   Pre Evacuate Collection Set: 0.6ms
[2025-07-16T16:28:25.274+0000][66][info ][gc,phases   ] GC(3)   Merge Heap Roots: 0.8ms
[2025-07-16T16:28:25.275+0000][66][info ][gc,phases   ] GC(3)   Evacuate Collection Set: 16.0ms
[2025-07-16T16:28:25.275+0000][66][info ][gc,phases   ] GC(3)   Post Evacuate Collection Set: 2.6ms
[2025-07-16T16:28:25.275+0000][66][info ][gc,phases   ] GC(3)   Other: 0.9ms
[2025-07-16T16:28:25.276+0000][66][trace][gc,age      ] GC(3) Age table with threshold 15 (max threshold 15)
[2025-07-16T16:28:25.276+0000][66][trace][gc,age      ] GC(3) - age   1:    7418920 bytes,    7418920 total
[2025-07-16T16:28:25.276+0000][66][trace][gc,age      ] GC(3) - age   2:    1168864 bytes,    8587784 total
[2025-07-16T16:28:25.276+0000][66][trace][gc,age      ] GC(3) - age   3:    9784720 bytes,   18372504 total
[2025-07-16T16:28:25.277+0000][66][info ][gc,heap     ] GC(3) Eden regions: 50->0(64)
[2025-07-16T16:28:25.277+0000][66][info ][gc,heap     ] GC(3) Survivor regions: 3->5(7)
[2025-07-16T16:28:25.277+0000][66][info ][gc,heap     ] GC(3) Old regions: 0->0
[2025-07-16T16:28:25.277+0000][66][info ][gc,heap     ] GC(3) Archive regions: 2->2
[2025-07-16T16:28:25.278+0000][66][info ][gc,heap     ] GC(3) Humongous regions: 0->0
[2025-07-16T16:28:25.278+0000][66][info ][gc,metaspace] GC(3) Metaspace: 25459K(26112K)->25459K(26112K) NonClass: 22486K(22848K)->22486K(22848K) Class: 2972K(3264K)->2972K(3264K)
[2025-07-16T16:28:25.278+0000][66][info ][gc          ] GC(3) Pause Young (Normal) (G1 Evacuation Pause) 215M->23M(3920M) 27.966ms
[2025-07-16T16:28:25.278+0000][66][info ][gc,cpu      ] GC(3) User=0.08s Sys=0.01s Real=0.03s
[2025-07-16T16:28:25.278+0000][66][info ][safepoint   ] Safepoint "G1CollectForAllocation", Time since last: 280629167 ns, Reaching safepoint: 3667 ns, Cleanup: 306583 ns, At safepoint: 28360000 ns, Total: 28670250 ns
[2025-07-16T16:28:25.579+0000][66][info ][safepoint   ] Safepoint "ICBufferFull", Time since last: 300445959 ns, Reaching safepoint: 3958 ns, Cleanup: 211542 ns, At safepoint: 9541 ns, Total: 225041 ns
[2025-07-16T16:28:25.636+0000][66][info ][gc,start    ] GC(4) Pause Young (Normal) (G1 Evacuation Pause)
[2025-07-16T16:28:25.636+0000][66][info ][gc,task     ] GC(4) Using 8 workers of 8 for evacuation
[2025-07-16T16:28:25.636+0000][66][debug][gc,age      ] GC(4) Desired survivor size 18874368 bytes, new threshold 15 (max threshold 15)
[2025-07-16T16:28:25.653+0000][66][info ][gc,phases   ] GC(4)   Pre Evacuate Collection Set: 0.2ms
[2025-07-16T16:28:25.653+0000][66][info ][gc,phases   ] GC(4)   Merge Heap Roots: 0.1ms
[2025-07-16T16:28:25.653+0000][66][info ][gc,phases   ] GC(4)   Evacuate Collection Set: 14.4ms
[2025-07-16T16:28:25.653+0000][66][info ][gc,phases   ] GC(4)   Post Evacuate Collection Set: 1.5ms
[2025-07-16T16:28:25.653+0000][66][info ][gc,phases   ] GC(4)   Other: 0.2ms
[2025-07-16T16:28:25.653+0000][66][trace][gc,age      ] GC(4) Age table with threshold 15 (max threshold 15)
[2025-07-16T16:28:25.653+0000][66][trace][gc,age      ] GC(4) - age   1:    3002272 bytes,    3002272 total
[2025-07-16T16:28:25.653+0000][66][trace][gc,age      ] GC(4) - age   2:    5098056 bytes,    8100328 total
[2025-07-16T16:28:25.653+0000][66][trace][gc,age      ] GC(4) - age   3:    1168832 bytes,    9269160 total
[2025-07-16T16:28:25.653+0000][66][trace][gc,age      ] GC(4) - age   4:    9784432 bytes,   19053592 total
[2025-07-16T16:28:25.653+0000][66][info ][gc,heap     ] GC(4) Eden regions: 64->0(257)
[2025-07-16T16:28:25.653+0000][66][info ][gc,heap     ] GC(4) Survivor regions: 5->5(9)
[2025-07-16T16:28:25.653+0000][66][info ][gc,heap     ] GC(4) Old regions: 0->0
[2025-07-16T16:28:25.653+0000][66][info ][gc,heap     ] GC(4) Archive regions: 2->2
[2025-07-16T16:28:25.654+0000][66][info ][gc,heap     ] GC(4) Humongous regions: 0->0
[2025-07-16T16:28:25.654+0000][66][info ][gc,metaspace] GC(4) Metaspace: 26165K(26816K)->26165K(26816K) NonClass: 23102K(23488K)->23102K(23488K) Class: 3062K(3328K)->3062K(3328K)
[2025-07-16T16:28:25.654+0000][66][info ][gc          ] GC(4) Pause Young (Normal) (G1 Evacuation Pause) 279M->23M(3920M) 17.686ms
[2025-07-16T16:28:25.654+0000][66][info ][gc,cpu      ] GC(4) User=0.07s Sys=0.02s Real=0.02s
[2025-07-16T16:28:25.654+0000][66][info ][safepoint   ] Safepoint "G1CollectForAllocation", Time since last: 56887125 ns, Reaching safepoint: 2667 ns, Cleanup: 96833 ns, At safepoint: 17801542 ns, Total: 17901042 ns
[2025-07-16T16:28:25.859+0000][66][info ][safepoint   ] Safepoint "ICBufferFull", Time since last: 205297917 ns, Reaching safepoint: 2375 ns, Cleanup: 224416 ns, At safepoint: 10834 ns, Total: 237625 ns
[2025-07-16T16:28:26.564+0000][66][info ][safepoint   ] Safepoint "ICBufferFull", Time since last: 703111250 ns, Reaching safepoint: 874125 ns, Cleanup: 339542 ns, At safepoint: 9041 ns, Total: 1222708 ns
[2025-07-16T16:28:27.568+0000][66][info ][safepoint   ] Safepoint "Cleanup", Time since last: 1003618709 ns, Reaching safepoint: 988334 ns, Cleanup: 195750 ns, At safepoint: 10125 ns, Total: 1194209 ns
[2025-07-16T16:28:27.937+0000][66][info ][gc,start    ] GC(5) Pause Young (Concurrent Start) (Metadata GC Threshold)
[2025-07-16T16:28:27.937+0000][66][info ][gc,task     ] GC(5) Using 8 workers of 8 for evacuation
[2025-07-16T16:28:27.937+0000][66][debug][gc,age      ] GC(5) Desired survivor size 69206016 bytes, new threshold 15 (max threshold 15)
[2025-07-16T16:28:27.978+0000][66][info ][gc,phases   ] GC(5)   Pre Evacuate Collection Set: 0.5ms
[2025-07-16T16:28:27.979+0000][66][info ][gc,phases   ] GC(5)   Merge Heap Roots: 0.2ms
[2025-07-16T16:28:27.979+0000][66][info ][gc,phases   ] GC(5)   Evacuate Collection Set: 37.6ms
[2025-07-16T16:28:27.979+0000][66][info ][gc,phases   ] GC(5)   Post Evacuate Collection Set: 2.8ms
[2025-07-16T16:28:27.979+0000][66][info ][gc,phases   ] GC(5)   Other: 0.4ms
[2025-07-16T16:28:27.979+0000][66][trace][gc,age      ] GC(5) Age table with threshold 15 (max threshold 15)
[2025-07-16T16:28:27.979+0000][66][trace][gc,age      ] GC(5) - age   1:   12129472 bytes,   12129472 total
[2025-07-16T16:28:27.979+0000][66][trace][gc,age      ] GC(5) - age   2:    2540112 bytes,   14669584 total
[2025-07-16T16:28:27.979+0000][66][trace][gc,age      ] GC(5) - age   3:    5077440 bytes,   19747024 total
[2025-07-16T16:28:27.979+0000][66][trace][gc,age      ] GC(5) - age   4:    1164232 bytes,   20911256 total
[2025-07-16T16:28:27.979+0000][66][trace][gc,age      ] GC(5) - age   5:    9625784 bytes,   30537040 total
[2025-07-16T16:28:27.979+0000][66][info ][gc,heap     ] GC(5) Eden regions: 170->0(541)
[2025-07-16T16:28:27.979+0000][66][info ][gc,heap     ] GC(5) Survivor regions: 5->8(33)
[2025-07-16T16:28:27.979+0000][66][info ][gc,heap     ] GC(5) Old regions: 0->0
[2025-07-16T16:28:27.979+0000][66][info ][gc,heap     ] GC(5) Archive regions: 2->2
[2025-07-16T16:28:27.979+0000][66][info ][gc,heap     ] GC(5) Humongous regions: 0->0
[2025-07-16T16:28:27.981+0000][66][info ][gc,metaspace] GC(5) Metaspace: 35200K(36160K)->35200K(36160K) NonClass: 31078K(31616K)->31078K(31616K) Class: 4121K(4544K)->4121K(4544K)
[2025-07-16T16:28:27.982+0000][66][info ][gc          ] GC(5) Pause Young (Concurrent Start) (Metadata GC Threshold) 703M->35M(3920M) 44.916ms
[2025-07-16T16:28:27.982+0000][66][info ][gc          ] GC(6) Concurrent Mark Cycle
[2025-07-16T16:28:27.982+0000][66][info ][gc,marking  ] GC(6) Concurrent Scan Root Regions
[2025-07-16T16:28:27.982+0000][66][info ][gc,cpu      ] GC(5) User=0.14s Sys=0.10s Real=0.04s
[2025-07-16T16:28:27.985+0000][66][info ][safepoint   ] Safepoint "CollectForMetadataAllocation", Time since last: 367197083 ns, Reaching safepoint: 680042 ns, Cleanup: 210375 ns, At safepoint: 48339958 ns, Total: 49230375 ns
[2025-07-16T16:28:27.987+0000][66][info ][gc,marking  ] GC(6) Concurrent Scan Root Regions 4.926ms
[2025-07-16T16:28:27.987+0000][66][info ][gc,marking  ] GC(6) Concurrent Mark
[2025-07-16T16:28:27.987+0000][66][info ][gc,marking  ] GC(6) Concurrent Mark From Roots
[2025-07-16T16:28:27.987+0000][66][info ][gc,task     ] GC(6) Using 2 workers of 2 for marking
[2025-07-16T16:28:27.988+0000][66][info ][gc,marking  ] GC(6) Concurrent Mark From Roots 1.376ms
[2025-07-16T16:28:27.989+0000][66][info ][gc,marking  ] GC(6) Concurrent Preclean
[2025-07-16T16:28:27.989+0000][66][info ][gc,marking  ] GC(6) Concurrent Preclean 0.071ms
[2025-07-16T16:28:27.991+0000][66][info ][gc,start    ] GC(6) Pause Remark
[2025-07-16T16:28:27.995+0000][66][info ][gc          ] GC(6) Pause Remark 39M->39M(3920M) 3.186ms
[2025-07-16T16:28:27.995+0000][66][info ][gc,cpu      ] GC(6) User=0.02s Sys=0.00s Real=0.01s
[2025-07-16T16:28:27.995+0000][66][info ][safepoint   ] Safepoint "G1PauseRemark", Time since last: 5331167 ns, Reaching safepoint: 1048667 ns, Cleanup: 90291 ns, At safepoint: 3326584 ns, Total: 4465542 ns
[2025-07-16T16:28:27.995+0000][66][info ][gc,marking  ] GC(6) Concurrent Mark 8.040ms
[2025-07-16T16:28:27.995+0000][66][info ][gc,marking  ] GC(6) Concurrent Rebuild Remembered Sets and Scrub Regions
[2025-07-16T16:28:27.995+0000][66][info ][gc,marking  ] GC(6) Concurrent Rebuild Remembered Sets and Scrub Regions 0.261ms
[2025-07-16T16:28:27.997+0000][66][info ][gc,start    ] GC(6) Pause Cleanup
[2025-07-16T16:28:27.997+0000][66][info ][gc          ] GC(6) Pause Cleanup 39M->39M(3920M) 0.199ms
[2025-07-16T16:28:27.997+0000][66][info ][gc,cpu      ] GC(6) User=0.00s Sys=0.00s Real=0.00s
[2025-07-16T16:28:27.997+0000][66][info ][safepoint   ] Safepoint "G1PauseCleanup", Time since last: 659833 ns, Reaching safepoint: 1160500 ns, Cleanup: 121542 ns, At safepoint: 696208 ns, Total: 1978250 ns
[2025-07-16T16:28:27.998+0000][66][info ][gc,marking  ] GC(6) Concurrent Clear Claimed Marks
[2025-07-16T16:28:27.998+0000][66][info ][gc,marking  ] GC(6) Concurrent Clear Claimed Marks 0.144ms
[2025-07-16T16:28:27.998+0000][66][info ][gc,marking  ] GC(6) Concurrent Cleanup for Next Mark
[2025-07-16T16:28:28.018+0000][66][info ][gc,marking  ] GC(6) Concurrent Cleanup for Next Mark 20.664ms
[2025-07-16T16:28:28.019+0000][66][info ][gc          ] GC(6) Concurrent Mark Cycle 37.511ms
[2025-07-16T16:28:28.430+0000][66][info ][safepoint   ] Safepoint "ICBufferFull", Time since last: 432575583 ns, Reaching safepoint: 4667 ns, Cleanup: 290625 ns, At safepoint: 59833 ns, Total: 355125 ns
[2025-07-16T16:28:29.281+0000][66][info ][safepoint   ] Safepoint "ICBufferFull", Time since last: 850833626 ns, Reaching safepoint: 4416 ns, Cleanup: 309709 ns, At safepoint: 8875 ns, Total: 323000 ns
[2025-07-16T16:28:29.967+0000][66][info ][safepoint   ] Safepoint "ICBufferFull", Time since last: 685074208 ns, Reaching safepoint: 7375 ns, Cleanup: 388959 ns, At safepoint: 12041 ns, Total: 408375 ns
[2025-07-16T16:28:30.548+0000][66][info ][safepoint   ] Safepoint "ICBufferFull", Time since last: 580665376 ns, Reaching safepoint: 10208 ns, Cleanup: 211625 ns, At safepoint: 55208 ns, Total: 277041 ns
[2025-07-16T16:28:31.550+0000][66][info ][safepoint   ] Safepoint "Cleanup", Time since last: 1000454709 ns, Reaching safepoint: 1050459 ns, Cleanup: 128958 ns, At safepoint: 35792 ns, Total: 1215209 ns
[2025-07-16T16:28:32.378+0000][66][info ][safepoint   ] Safepoint "ICBufferFull", Time since last: 827918917 ns, Reaching safepoint: 3708 ns, Cleanup: 490833 ns, At safepoint: 2584 ns, Total: 497125 ns
[2025-07-16T16:28:32.776+0000][66][info ][safepoint   ] Safepoint "ICBufferFull", Time since last: 396745583 ns, Reaching safepoint: 4708 ns, Cleanup: 1238292 ns, At safepoint: 3750 ns, Total: 1246750 ns
[2025-07-16T16:28:33.627+0000][66][info ][safepoint   ] Safepoint "ICBufferFull", Time since last: 850808876 ns, Reaching safepoint: 3916 ns, Cleanup: 198667 ns, At safepoint: 11958 ns, Total: 214541 ns
