[2025-07-16T16:42:52.250+0000][67][info][gc,init] CardTable entry size: 512
[2025-07-16T16:42:52.251+0000][67][info][gc     ] Using G1
[2025-07-16T16:42:56.686+0000][67][info][gc,init] Version: 20.0.1+9-29 (release)
[2025-07-16T16:42:56.689+0000][67][info][gc,init] CPUs: 8 total, 8 available
[2025-07-16T16:42:56.689+0000][67][info][gc,init] Memory: 7837M
[2025-07-16T16:42:56.690+0000][67][info][gc,init] Large Page Support: Disabled
[2025-07-16T16:42:56.690+0000][67][info][gc,init] NUMA Support: Disabled
[2025-07-16T16:42:56.691+0000][67][info][gc,init] Compressed Oops: Enabled (Zero based)
[2025-07-16T16:42:56.691+0000][67][info][gc,init] Heap Region Size: 4M
[2025-07-16T16:42:56.691+0000][67][info][gc,init] Heap Min Capacity: 3920M
[2025-07-16T16:42:56.692+0000][67][info][gc,init] Heap Initial Capacity: 3920M
[2025-07-16T16:42:56.692+0000][67][info][gc,init] Heap Max Capacity: 3920M
[2025-07-16T16:42:56.692+0000][67][info][gc,init] Pre-touch: Enabled
[2025-07-16T16:42:56.692+0000][67][info][gc,init] Parallel Workers: 8
[2025-07-16T16:42:56.693+0000][67][info][gc,init] Concurrent Workers: 2
[2025-07-16T16:42:56.693+0000][67][info][gc,init] Concurrent Refinement Workers: 8
[2025-07-16T16:42:56.693+0000][67][info][gc,init] Periodic GC: Disabled
[2025-07-16T16:42:56.706+0000][67][info][gc,metaspace] CDS archive(s) mapped at: [0x0000000800000000-0x0000000800c80000-0x0000000800c80000), size 13107200, SharedBaseAddress: 0x0000000800000000, ArchiveRelocationMode: 0.
[2025-07-16T16:42:56.706+0000][67][info][gc,metaspace] Compressed class space mapped at: 0x0000000801000000-0x0000000841000000, reserved size: 1073741824
[2025-07-16T16:42:56.706+0000][67][info][gc,metaspace] Narrow klass base: 0x0000000800000000, Narrow klass shift: 0, Narrow klass range: 0x100000000
[2025-07-16T16:42:57.362+0000][67][info][safepoint   ] Safepoint "ICBufferFull", Time since last: 490570500 ns, Reaching safepoint: 17583 ns, Cleanup: 3060167 ns, At safepoint: 5583 ns, Total: 3083333 ns
[2025-07-16T16:42:58.045+0000][67][info][safepoint   ] Safepoint "ICBufferFull", Time since last: 682639875 ns, Reaching safepoint: 3542 ns, Cleanup: 581542 ns, At safepoint: 25916 ns, Total: 611000 ns
[2025-07-16T16:42:58.394+0000][67][info][safepoint   ] Safepoint "ICBufferFull", Time since last: 348287126 ns, Reaching safepoint: 2583 ns, Cleanup: 1024417 ns, At safepoint: 4958 ns, Total: 1031958 ns
[2025-07-16T16:42:58.808+0000][67][info][safepoint   ] Safepoint "ICBufferFull", Time since last: 409469125 ns, Reaching safepoint: 4875 ns, Cleanup: 2866750 ns, At safepoint: 195667 ns, Total: 3067292 ns
[2025-07-16T16:42:58.978+0000][67][info][safepoint   ] Safepoint "ICBufferFull", Time since last: 169791083 ns, Reaching safepoint: 628834 ns, Cleanup: 460708 ns, At safepoint: 8167 ns, Total: 1097709 ns
[2025-07-16T16:42:59.268+0000][67][info][safepoint   ] Safepoint "ICBufferFull", Time since last: 289944125 ns, Reaching safepoint: 3000 ns, Cleanup: 394083 ns, At safepoint: 4417 ns, Total: 401500 ns
[2025-07-16T16:42:59.413+0000][67][info][safepoint   ] Safepoint "ICBufferFull", Time since last: 144571791 ns, Reaching safepoint: 2792 ns, Cleanup: 479375 ns, At safepoint: 7750 ns, Total: 489917 ns
[2025-07-16T16:42:59.723+0000][67][info][safepoint   ] Safepoint "ICBufferFull", Time since last: 308630000 ns, Reaching safepoint: 4042 ns, Cleanup: 1341542 ns, At safepoint: 14416 ns, Total: 1360000 ns
[2025-07-16T16:43:00.343+0000][67][info][safepoint   ] Safepoint "ICBufferFull", Time since last: 618353167 ns, Reaching safepoint: 12625 ns, Cleanup: 1051750 ns, At safepoint: 3959 ns, Total: 1068334 ns
[2025-07-16T16:43:00.608+0000][67][info][safepoint   ] Safepoint "ICBufferFull", Time since last: 264796708 ns, Reaching safepoint: 11250 ns, Cleanup: 772792 ns, At safepoint: 3541 ns, Total: 787583 ns
[2025-07-16T16:43:00.838+0000][67][info][safepoint   ] Safepoint "ICBufferFull", Time since last: 228816584 ns, Reaching safepoint: 295083 ns, Cleanup: 178875 ns, At safepoint: 12083 ns, Total: 486041 ns
[2025-07-16T16:43:00.934+0000][67][info][gc,start    ] GC(0) Pause Young (Normal) (G1 Evacuation Pause)
[2025-07-16T16:43:00.937+0000][67][info][gc,task     ] GC(0) Using 8 workers of 8 for evacuation
[2025-07-16T16:43:00.939+0000][67][debug][gc,age      ] GC(0) Desired survivor size 14680064 bytes, new threshold 15 (max threshold 15)
[2025-07-16T16:43:00.963+0000][67][info ][gc,phases   ] GC(0)   Pre Evacuate Collection Set: 2.9ms
[2025-07-16T16:43:00.963+0000][67][info ][gc,phases   ] GC(0)   Merge Heap Roots: 2.3ms
[2025-07-16T16:43:00.963+0000][67][info ][gc,phases   ] GC(0)   Evacuate Collection Set: 12.3ms
[2025-07-16T16:43:00.963+0000][67][info ][gc,phases   ] GC(0)   Post Evacuate Collection Set: 4.6ms
[2025-07-16T16:43:00.964+0000][67][info ][gc,phases   ] GC(0)   Other: 3.8ms
[2025-07-16T16:43:00.964+0000][67][trace][gc,age      ] GC(0) Age table with threshold 15 (max threshold 15)
[2025-07-16T16:43:00.964+0000][67][trace][gc,age      ] GC(0) - age   1:   12891640 bytes,   12891640 total
[2025-07-16T16:43:00.964+0000][67][info ][gc,heap     ] GC(0) Eden regions: 49->0(45)
[2025-07-16T16:43:00.964+0000][67][info ][gc,heap     ] GC(0) Survivor regions: 0->4(7)
[2025-07-16T16:43:00.964+0000][67][info ][gc,heap     ] GC(0) Old regions: 0->0
[2025-07-16T16:43:00.964+0000][67][info ][gc,heap     ] GC(0) Archive regions: 2->2
[2025-07-16T16:43:00.965+0000][67][info ][gc,heap     ] GC(0) Humongous regions: 0->0
[2025-07-16T16:43:00.965+0000][67][info ][gc,metaspace] GC(0) Metaspace: 17719K(18240K)->17719K(18240K) NonClass: 15697K(16000K)->15697K(16000K) Class: 2021K(2240K)->2021K(2240K)
[2025-07-16T16:43:00.965+0000][67][info ][gc          ] GC(0) Pause Young (Normal) (G1 Evacuation Pause) 200M->16M(3920M) 31.680ms
[2025-07-16T16:43:00.965+0000][67][info ][gc,cpu      ] GC(0) User=0.04s Sys=0.00s Real=0.03s
[2025-07-16T16:43:00.965+0000][67][info ][safepoint   ] Safepoint "G1CollectForAllocation", Time since last: 93964834 ns, Reaching safepoint: 3333 ns, Cleanup: 127417 ns, At safepoint: 33571958 ns, Total: 33702708 ns
[2025-07-16T16:43:01.283+0000][67][info ][gc,start    ] GC(1) Pause Young (Concurrent Start) (Metadata GC Threshold)
[2025-07-16T16:43:01.283+0000][67][info ][gc,task     ] GC(1) Using 8 workers of 8 for evacuation
[2025-07-16T16:43:01.283+0000][67][debug][gc,age      ] GC(1) Desired survivor size 14680064 bytes, new threshold 15 (max threshold 15)
[2025-07-16T16:43:01.293+0000][67][info ][gc,phases   ] GC(1)   Pre Evacuate Collection Set: 3.2ms
[2025-07-16T16:43:01.293+0000][67][info ][gc,phases   ] GC(1)   Merge Heap Roots: 0.1ms
[2025-07-16T16:43:01.293+0000][67][info ][gc,phases   ] GC(1)   Evacuate Collection Set: 4.6ms
[2025-07-16T16:43:01.293+0000][67][info ][gc,phases   ] GC(1)   Post Evacuate Collection Set: 1.1ms
[2025-07-16T16:43:01.293+0000][67][info ][gc,phases   ] GC(1)   Other: 0.2ms
[2025-07-16T16:43:01.293+0000][67][trace][gc,age      ] GC(1) Age table with threshold 15 (max threshold 15)
[2025-07-16T16:43:01.293+0000][67][trace][gc,age      ] GC(1) - age   1:    1191824 bytes,    1191824 total
[2025-07-16T16:43:01.293+0000][67][trace][gc,age      ] GC(1) - age   2:    9792192 bytes,   10984016 total
[2025-07-16T16:43:01.293+0000][67][info ][gc,heap     ] GC(1) Eden regions: 20->0(46)
[2025-07-16T16:43:01.293+0000][67][info ][gc,heap     ] GC(1) Survivor regions: 4->3(7)
[2025-07-16T16:43:01.293+0000][67][info ][gc,heap     ] GC(1) Old regions: 0->0
[2025-07-16T16:43:01.294+0000][67][info ][gc,heap     ] GC(1) Archive regions: 2->2
[2025-07-16T16:43:01.294+0000][67][info ][gc,heap     ] GC(1) Humongous regions: 0->0
[2025-07-16T16:43:01.294+0000][67][info ][gc,metaspace] GC(1) Metaspace: 21033K(21504K)->21033K(21504K) NonClass: 18684K(18944K)->18684K(18944K) Class: 2349K(2560K)->2349K(2560K)
[2025-07-16T16:43:01.294+0000][67][info ][gc          ] GC(1) Pause Young (Concurrent Start) (Metadata GC Threshold) 96M->15M(3920M) 10.547ms
[2025-07-16T16:43:01.294+0000][67][info ][gc,cpu      ] GC(1) User=0.03s Sys=0.00s Real=0.01s
[2025-07-16T16:43:01.294+0000][67][info ][safepoint   ] Safepoint "CollectForMetadataAllocation", Time since last: 317902959 ns, Reaching safepoint: 3208 ns, Cleanup: 166917 ns, At safepoint: 10823000 ns, Total: 10993125 ns
[2025-07-16T16:43:01.294+0000][67][info ][gc          ] GC(2) Concurrent Mark Cycle
[2025-07-16T16:43:01.294+0000][67][info ][gc,marking  ] GC(2) Concurrent Scan Root Regions
[2025-07-16T16:43:01.298+0000][67][info ][gc,marking  ] GC(2) Concurrent Scan Root Regions 3.647ms
[2025-07-16T16:43:01.298+0000][67][info ][gc,marking  ] GC(2) Concurrent Mark
[2025-07-16T16:43:01.298+0000][67][info ][gc,marking  ] GC(2) Concurrent Mark From Roots
[2025-07-16T16:43:01.298+0000][67][info ][gc,task     ] GC(2) Using 2 workers of 2 for marking
[2025-07-16T16:43:01.301+0000][67][info ][gc,marking  ] GC(2) Concurrent Mark From Roots 2.149ms
[2025-07-16T16:43:01.301+0000][67][info ][gc,marking  ] GC(2) Concurrent Preclean
[2025-07-16T16:43:01.301+0000][67][info ][gc,marking  ] GC(2) Concurrent Preclean 0.153ms
[2025-07-16T16:43:01.303+0000][67][info ][gc,start    ] GC(2) Pause Remark
[2025-07-16T16:43:01.306+0000][67][info ][gc          ] GC(2) Pause Remark 18M->18M(3920M) 3.091ms
[2025-07-16T16:43:01.306+0000][67][info ][gc,cpu      ] GC(2) User=0.01s Sys=0.00s Real=0.01s
[2025-07-16T16:43:01.306+0000][67][info ][safepoint   ] Safepoint "G1PauseRemark", Time since last: 7335625 ns, Reaching safepoint: 1104916 ns, Cleanup: 132334 ns, At safepoint: 3256916 ns, Total: 4494166 ns
[2025-07-16T16:43:01.307+0000][67][info ][gc,marking  ] GC(2) Concurrent Mark 8.387ms
[2025-07-16T16:43:01.307+0000][67][info ][gc,marking  ] GC(2) Concurrent Rebuild Remembered Sets and Scrub Regions
[2025-07-16T16:43:01.307+0000][67][info ][gc,marking  ] GC(2) Concurrent Rebuild Remembered Sets and Scrub Regions 0.222ms
[2025-07-16T16:43:01.307+0000][67][info ][gc,start    ] GC(2) Pause Cleanup
[2025-07-16T16:43:01.307+0000][67][info ][gc          ] GC(2) Pause Cleanup 18M->18M(3920M) 0.093ms
[2025-07-16T16:43:01.307+0000][67][info ][gc,cpu      ] GC(2) User=0.00s Sys=0.00s Real=0.00s
[2025-07-16T16:43:01.308+0000][67][info ][safepoint   ] Safepoint "G1PauseCleanup", Time since last: 1287417 ns, Reaching safepoint: 1750 ns, Cleanup: 107667 ns, At safepoint: 215083 ns, Total: 324500 ns
[2025-07-16T16:43:01.308+0000][67][info ][gc,marking  ] GC(2) Concurrent Clear Claimed Marks
[2025-07-16T16:43:01.308+0000][67][info ][gc,marking  ] GC(2) Concurrent Clear Claimed Marks 0.842ms
[2025-07-16T16:43:01.309+0000][67][info ][gc,marking  ] GC(2) Concurrent Cleanup for Next Mark
[2025-07-16T16:43:01.310+0000][67][info ][gc,marking  ] GC(2) Concurrent Cleanup for Next Mark 1.694ms
[2025-07-16T16:43:01.310+0000][67][info ][gc          ] GC(2) Concurrent Mark Cycle 16.103ms
[2025-07-16T16:43:01.735+0000][67][info ][safepoint   ] Safepoint "ICBufferFull", Time since last: 425825709 ns, Reaching safepoint: 976083 ns, Cleanup: 224458 ns, At safepoint: 26584 ns, Total: 1227125 ns
[2025-07-16T16:43:01.901+0000][67][info ][safepoint   ] Safepoint "ICBufferFull", Time since last: 166123541 ns, Reaching safepoint: 3959 ns, Cleanup: 261583 ns, At safepoint: 3250 ns, Total: 268792 ns
[2025-07-16T16:43:02.158+0000][67][info ][gc,start    ] GC(3) Pause Young (Normal) (G1 Evacuation Pause)
[2025-07-16T16:43:02.159+0000][67][info ][gc,task     ] GC(3) Using 8 workers of 8 for evacuation
[2025-07-16T16:43:02.159+0000][67][debug][gc,age      ] GC(3) Desired survivor size 14680064 bytes, new threshold 15 (max threshold 15)
[2025-07-16T16:43:02.170+0000][67][info ][gc,phases   ] GC(3)   Pre Evacuate Collection Set: 0.6ms
[2025-07-16T16:43:02.170+0000][67][info ][gc,phases   ] GC(3)   Merge Heap Roots: 0.1ms
[2025-07-16T16:43:02.170+0000][67][info ][gc,phases   ] GC(3)   Evacuate Collection Set: 7.1ms
[2025-07-16T16:43:02.170+0000][67][info ][gc,phases   ] GC(3)   Post Evacuate Collection Set: 1.8ms
[2025-07-16T16:43:02.170+0000][67][info ][gc,phases   ] GC(3)   Other: 1.0ms
[2025-07-16T16:43:02.170+0000][67][trace][gc,age      ] GC(3) Age table with threshold 15 (max threshold 15)
[2025-07-16T16:43:02.170+0000][67][trace][gc,age      ] GC(3) - age   1:    5869120 bytes,    5869120 total
[2025-07-16T16:43:02.170+0000][67][trace][gc,age      ] GC(3) - age   2:    1170248 bytes,    7039368 total
[2025-07-16T16:43:02.171+0000][67][trace][gc,age      ] GC(3) - age   3:    9784928 bytes,   16824296 total
[2025-07-16T16:43:02.171+0000][67][info ][gc,heap     ] GC(3) Eden regions: 46->0(71)
[2025-07-16T16:43:02.171+0000][67][info ][gc,heap     ] GC(3) Survivor regions: 3->5(7)
[2025-07-16T16:43:02.171+0000][67][info ][gc,heap     ] GC(3) Old regions: 0->0
[2025-07-16T16:43:02.171+0000][67][info ][gc,heap     ] GC(3) Archive regions: 2->2
[2025-07-16T16:43:02.171+0000][67][info ][gc,heap     ] GC(3) Humongous regions: 0->0
[2025-07-16T16:43:02.171+0000][67][info ][gc,metaspace] GC(3) Metaspace: 25233K(25792K)->25233K(25792K) NonClass: 22286K(22592K)->22286K(22592K) Class: 2946K(3200K)->2946K(3200K)
[2025-07-16T16:43:02.171+0000][67][info ][gc          ] GC(3) Pause Young (Normal) (G1 Evacuation Pause) 199M->21M(3920M) 13.035ms
[2025-07-16T16:43:02.171+0000][67][info ][gc,cpu      ] GC(3) User=0.04s Sys=0.00s Real=0.01s
[2025-07-16T16:43:02.171+0000][67][info ][safepoint   ] Safepoint "G1CollectForAllocation", Time since last: 255790542 ns, Reaching safepoint: 3625 ns, Cleanup: 156250 ns, At safepoint: 14228958 ns, Total: 14388833 ns
[2025-07-16T16:43:02.407+0000][67][info ][safepoint   ] Safepoint "ICBufferFull", Time since last: 234495417 ns, Reaching safepoint: 770917 ns, Cleanup: 174208 ns, At safepoint: 10208 ns, Total: 955333 ns
[2025-07-16T16:43:02.666+0000][67][info ][gc,start    ] GC(4) Pause Young (Normal) (G1 Evacuation Pause)
[2025-07-16T16:43:02.668+0000][67][info ][gc,task     ] GC(4) Using 8 workers of 8 for evacuation
[2025-07-16T16:43:02.669+0000][67][debug][gc,age      ] GC(4) Desired survivor size 20971520 bytes, new threshold 15 (max threshold 15)
[2025-07-16T16:43:02.690+0000][67][info ][gc,phases   ] GC(4)   Pre Evacuate Collection Set: 1.3ms
[2025-07-16T16:43:02.690+0000][67][info ][gc,phases   ] GC(4)   Merge Heap Roots: 0.5ms
[2025-07-16T16:43:02.690+0000][67][info ][gc,phases   ] GC(4)   Evacuate Collection Set: 12.0ms
[2025-07-16T16:43:02.690+0000][67][info ][gc,phases   ] GC(4)   Post Evacuate Collection Set: 4.8ms
[2025-07-16T16:43:02.690+0000][67][info ][gc,phases   ] GC(4)   Other: 1.9ms
[2025-07-16T16:43:02.690+0000][67][trace][gc,age      ] GC(4) Age table with threshold 15 (max threshold 15)
[2025-07-16T16:43:02.690+0000][67][trace][gc,age      ] GC(4) - age   1:    2869752 bytes,    2869752 total
[2025-07-16T16:43:02.691+0000][67][trace][gc,age      ] GC(4) - age   2:    4994168 bytes,    7863920 total
[2025-07-16T16:43:02.691+0000][67][trace][gc,age      ] GC(4) - age   3:    1170056 bytes,    9033976 total
[2025-07-16T16:43:02.691+0000][67][trace][gc,age      ] GC(4) - age   4:    9783680 bytes,   18817656 total
[2025-07-16T16:43:02.691+0000][67][info ][gc,heap     ] GC(4) Eden regions: 71->0(583)
[2025-07-16T16:43:02.691+0000][67][info ][gc,heap     ] GC(4) Survivor regions: 5->5(10)
[2025-07-16T16:43:02.691+0000][67][info ][gc,heap     ] GC(4) Old regions: 0->0
[2025-07-16T16:43:02.691+0000][67][info ][gc,heap     ] GC(4) Archive regions: 2->2
[2025-07-16T16:43:02.692+0000][67][info ][gc,heap     ] GC(4) Humongous regions: 0->0
[2025-07-16T16:43:02.692+0000][67][info ][gc,metaspace] GC(4) Metaspace: 26208K(26880K)->26208K(26880K) NonClass: 23139K(23552K)->23139K(23552K) Class: 3069K(3328K)->3069K(3328K)
[2025-07-16T16:43:02.693+0000][67][info ][gc          ] GC(4) Pause Young (Normal) (G1 Evacuation Pause) 305M->24M(3920M) 27.262ms
[2025-07-16T16:43:02.693+0000][67][info ][gc,cpu      ] GC(4) User=0.04s Sys=0.02s Real=0.03s
[2025-07-16T16:43:02.693+0000][67][info ][safepoint   ] Safepoint "G1CollectForAllocation", Time since last: 256020417 ns, Reaching safepoint: 760292 ns, Cleanup: 663541 ns, At safepoint: 28992917 ns, Total: 30416750 ns
[2025-07-16T16:43:03.059+0000][67][info ][safepoint   ] Safepoint "ICBufferFull", Time since last: 365576917 ns, Reaching safepoint: 2792 ns, Cleanup: 423625 ns, At safepoint: 8708 ns, Total: 435125 ns
[2025-07-16T16:43:03.847+0000][67][info ][safepoint   ] Safepoint "ICBufferFull", Time since last: 787284459 ns, Reaching safepoint: 5250 ns, Cleanup: 573291 ns, At safepoint: 3209 ns, Total: 581750 ns
[2025-07-16T16:43:04.851+0000][67][info ][safepoint   ] Safepoint "Cleanup", Time since last: 1001864000 ns, Reaching safepoint: 568708 ns, Cleanup: 1236709 ns, At safepoint: 5250 ns, Total: 1810667 ns
[2025-07-16T16:43:05.416+0000][67][info ][gc,start    ] GC(5) Pause Young (Concurrent Start) (Metadata GC Threshold)
[2025-07-16T16:43:05.416+0000][67][info ][gc,task     ] GC(5) Using 8 workers of 8 for evacuation
[2025-07-16T16:43:05.416+0000][67][debug][gc,age      ] GC(5) Desired survivor size 155189248 bytes, new threshold 15 (max threshold 15)
[2025-07-16T16:43:05.442+0000][67][info ][gc,phases   ] GC(5)   Pre Evacuate Collection Set: 1.5ms
[2025-07-16T16:43:05.442+0000][67][info ][gc,phases   ] GC(5)   Merge Heap Roots: 0.1ms
[2025-07-16T16:43:05.442+0000][67][info ][gc,phases   ] GC(5)   Evacuate Collection Set: 20.1ms
[2025-07-16T16:43:05.442+0000][67][info ][gc,phases   ] GC(5)   Post Evacuate Collection Set: 2.7ms
[2025-07-16T16:43:05.442+0000][67][info ][gc,phases   ] GC(5)   Other: 0.7ms
[2025-07-16T16:43:05.442+0000][67][trace][gc,age      ] GC(5) Age table with threshold 15 (max threshold 15)
[2025-07-16T16:43:05.442+0000][67][trace][gc,age      ] GC(5) - age   1:   12104624 bytes,   12104624 total
[2025-07-16T16:43:05.443+0000][67][trace][gc,age      ] GC(5) - age   2:    2677344 bytes,   14781968 total
[2025-07-16T16:43:05.443+0000][67][trace][gc,age      ] GC(5) - age   3:    4977064 bytes,   19759032 total
[2025-07-16T16:43:05.443+0000][67][trace][gc,age      ] GC(5) - age   4:    1165616 bytes,   20924648 total
[2025-07-16T16:43:05.443+0000][67][trace][gc,age      ] GC(5) - age   5:    9618664 bytes,   30543312 total
[2025-07-16T16:43:05.443+0000][67][info ][gc,heap     ] GC(5) Eden regions: 167->0(580)
[2025-07-16T16:43:05.443+0000][67][info ][gc,heap     ] GC(5) Survivor regions: 5->8(74)
[2025-07-16T16:43:05.443+0000][67][info ][gc,heap     ] GC(5) Old regions: 0->0
[2025-07-16T16:43:05.443+0000][67][info ][gc,heap     ] GC(5) Archive regions: 2->2
[2025-07-16T16:43:05.443+0000][67][info ][gc,heap     ] GC(5) Humongous regions: 0->0
[2025-07-16T16:43:05.443+0000][67][info ][gc,metaspace] GC(5) Metaspace: 35302K(36096K)->35302K(36096K) NonClass: 31172K(31616K)->31172K(31616K) Class: 4129K(4480K)->4129K(4480K)
[2025-07-16T16:43:05.443+0000][67][info ][gc          ] GC(5) Pause Young (Concurrent Start) (Metadata GC Threshold) 692M->35M(3920M) 27.629ms
[2025-07-16T16:43:05.443+0000][67][info ][gc,cpu      ] GC(5) User=0.11s Sys=0.03s Real=0.02s
[2025-07-16T16:43:05.443+0000][67][info ][gc          ] GC(6) Concurrent Mark Cycle
[2025-07-16T16:43:05.444+0000][67][info ][gc,marking  ] GC(6) Concurrent Scan Root Regions
[2025-07-16T16:43:05.444+0000][67][info ][safepoint   ] Safepoint "CollectForMetadataAllocation", Time since last: 564290750 ns, Reaching safepoint: 2958 ns, Cleanup: 432459 ns, At safepoint: 28329041 ns, Total: 28764458 ns
[2025-07-16T16:43:05.451+0000][67][info ][gc,marking  ] GC(6) Concurrent Scan Root Regions 7.176ms
[2025-07-16T16:43:05.451+0000][67][info ][gc,marking  ] GC(6) Concurrent Mark
[2025-07-16T16:43:05.451+0000][67][info ][gc,marking  ] GC(6) Concurrent Mark From Roots
[2025-07-16T16:43:05.451+0000][67][info ][gc,task     ] GC(6) Using 2 workers of 2 for marking
[2025-07-16T16:43:05.455+0000][67][info ][gc,marking  ] GC(6) Concurrent Mark From Roots 3.914ms
[2025-07-16T16:43:05.456+0000][67][info ][gc,marking  ] GC(6) Concurrent Preclean
[2025-07-16T16:43:05.456+0000][67][info ][gc,marking  ] GC(6) Concurrent Preclean 0.160ms
[2025-07-16T16:43:05.459+0000][67][info ][gc,start    ] GC(6) Pause Remark
[2025-07-16T16:43:05.467+0000][67][info ][gc          ] GC(6) Pause Remark 39M->39M(3920M) 8.604ms
[2025-07-16T16:43:05.467+0000][67][info ][gc,cpu      ] GC(6) User=0.02s Sys=0.00s Real=0.01s
[2025-07-16T16:43:05.467+0000][67][info ][safepoint   ] Safepoint "G1PauseRemark", Time since last: 13676667 ns, Reaching safepoint: 1010417 ns, Cleanup: 152500 ns, At safepoint: 8772708 ns, Total: 9935625 ns
[2025-07-16T16:43:05.468+0000][67][info ][gc,marking  ] GC(6) Concurrent Mark 17.318ms
[2025-07-16T16:43:05.468+0000][67][info ][gc,marking  ] GC(6) Concurrent Rebuild Remembered Sets and Scrub Regions
[2025-07-16T16:43:05.469+0000][67][info ][gc,marking  ] GC(6) Concurrent Rebuild Remembered Sets and Scrub Regions 0.388ms
[2025-07-16T16:43:05.469+0000][67][info ][gc,start    ] GC(6) Pause Cleanup
[2025-07-16T16:43:05.470+0000][67][info ][gc          ] GC(6) Pause Cleanup 39M->39M(3920M) 0.139ms
[2025-07-16T16:43:05.470+0000][67][info ][gc,cpu      ] GC(6) User=0.00s Sys=0.00s Real=0.00s
[2025-07-16T16:43:05.470+0000][67][info ][safepoint   ] Safepoint "G1PauseCleanup", Time since last: 1783917 ns, Reaching safepoint: 261666 ns, Cleanup: 58792 ns, At safepoint: 334542 ns, Total: 655000 ns
[2025-07-16T16:43:05.471+0000][67][info ][gc,marking  ] GC(6) Concurrent Clear Claimed Marks
[2025-07-16T16:43:05.471+0000][67][info ][gc,marking  ] GC(6) Concurrent Clear Claimed Marks 0.160ms
[2025-07-16T16:43:05.471+0000][67][info ][gc,marking  ] GC(6) Concurrent Cleanup for Next Mark
[2025-07-16T16:43:05.483+0000][67][info ][gc,marking  ] GC(6) Concurrent Cleanup for Next Mark 12.024ms
[2025-07-16T16:43:05.484+0000][67][info ][gc          ] GC(6) Concurrent Mark Cycle 40.512ms
[2025-07-16T16:43:06.475+0000][67][info ][safepoint   ] Safepoint "Cleanup", Time since last: 1004034792 ns, Reaching safepoint: 4416 ns, Cleanup: 712834 ns, At safepoint: 541208 ns, Total: 1258458 ns
[2025-07-16T16:43:07.490+0000][67][info ][safepoint   ] Safepoint "Cleanup", Time since last: 1004928376 ns, Reaching safepoint: 221041 ns, Cleanup: 4051125 ns, At safepoint: 46542 ns, Total: 4318708 ns
[2025-07-16T16:43:08.611+0000][67][info ][safepoint   ] Safepoint "Cleanup", Time since last: 1025518084 ns, Reaching safepoint: 83304750 ns, Cleanup: 10556875 ns, At safepoint: 1801666 ns, Total: 95663291 ns
[2025-07-16T16:43:09.611+0000][67][info ][safepoint   ] Safepoint "Cleanup", Time since last: 1004439209 ns, Reaching safepoint: 3000 ns, Cleanup: 400625 ns, At safepoint: 267375 ns, Total: 671000 ns
[2025-07-16T16:43:10.802+0000][67][info ][safepoint   ] Safepoint "Cleanup", Time since last: 1172805209 ns, Reaching safepoint: 11564125 ns, Cleanup: 6743792 ns, At safepoint: 13583 ns, Total: 18321500 ns
[2025-07-16T16:43:11.819+0000][67][info ][safepoint   ] Safepoint "Cleanup", Time since last: 1010599542 ns, Reaching safepoint: 1155084 ns, Cleanup: 857125 ns, At safepoint: 41875 ns, Total: 2054084 ns
[2025-07-16T16:43:12.887+0000][67][info ][safepoint   ] Safepoint "Cleanup", Time since last: 1050490625 ns, Reaching safepoint: 6766875 ns, Cleanup: 14666750 ns, At safepoint: 640875 ns, Total: 22074500 ns
[2025-07-16T16:43:13.952+0000][67][info ][safepoint   ] Safepoint "Cleanup", Time since last: 1024760084 ns, Reaching safepoint: 20896000 ns, Cleanup: 11992750 ns, At safepoint: 19583 ns, Total: 32908333 ns
[2025-07-16T16:43:15.126+0000][67][info ][safepoint   ] Safepoint "Cleanup", Time since last: 1084111459 ns, Reaching safepoint: 80698042 ns, Cleanup: 8583250 ns, At safepoint: 247375 ns, Total: 89528667 ns
[2025-07-16T16:43:17.159+0000][67][info ][safepoint   ] Safepoint "Cleanup", Time since last: 2031879876 ns, Reaching safepoint: 23875 ns, Cleanup: 3972625 ns, At safepoint: 101042 ns, Total: 4097542 ns
[2025-07-16T16:43:19.216+0000][67][info ][safepoint   ] Safepoint "Cleanup", Time since last: 2050669001 ns, Reaching safepoint: 4679000 ns, Cleanup: 4968458 ns, At safepoint: 20042 ns, Total: 9667500 ns
[2025-07-16T16:43:20.229+0000][67][info ][safepoint   ] Safepoint "Cleanup", Time since last: 1005844875 ns, Reaching safepoint: 2174500 ns, Cleanup: 4918000 ns, At safepoint: 14833 ns, Total: 7107333 ns
[2025-07-16T16:43:21.256+0000][67][info ][safepoint   ] Safepoint "Cleanup", Time since last: 1014436001 ns, Reaching safepoint: 8612625 ns, Cleanup: 5507292 ns, At safepoint: 13958 ns, Total: 14133875 ns
[2025-07-16T16:43:22.104+0000][67][info ][safepoint   ] Safepoint "ICBufferFull", Time since last: 846999667 ns, Reaching safepoint: 9958 ns, Cleanup: 770209 ns, At safepoint: 5958 ns, Total: 786125 ns
