[2025-07-16T14:53:22.063+0000][65][info][gc,init] CardTable entry size: 512
[2025-07-16T14:53:22.064+0000][65][info][gc     ] Using G1
[2025-07-16T14:53:26.419+0000][65][info][gc,init] Version: 20.0.1+9-29 (release)
[2025-07-16T14:53:26.422+0000][65][info][gc,init] CPUs: 8 total, 8 available
[2025-07-16T14:53:26.422+0000][65][info][gc,init] Memory: 7837M
[2025-07-16T14:53:26.422+0000][65][info][gc,init] Large Page Support: Disabled
[2025-07-16T14:53:26.422+0000][65][info][gc,init] NUMA Support: Disabled
[2025-07-16T14:53:26.422+0000][65][info][gc,init] Compressed Oops: Enabled (Zero based)
[2025-07-16T14:53:26.423+0000][65][info][gc,init] Heap Region Size: 4M
[2025-07-16T14:53:26.423+0000][65][info][gc,init] Heap Min Capacity: 3920M
[2025-07-16T14:53:26.423+0000][65][info][gc,init] Heap Initial Capacity: 3920M
[2025-07-16T14:53:26.423+0000][65][info][gc,init] Heap Max Capacity: 3920M
[2025-07-16T14:53:26.423+0000][65][info][gc,init] Pre-touch: Enabled
[2025-07-16T14:53:26.423+0000][65][info][gc,init] Parallel Workers: 8
[2025-07-16T14:53:26.424+0000][65][info][gc,init] Concurrent Workers: 2
[2025-07-16T14:53:26.424+0000][65][info][gc,init] Concurrent Refinement Workers: 8
[2025-07-16T14:53:26.424+0000][65][info][gc,init] Periodic GC: Disabled
[2025-07-16T14:53:26.435+0000][65][info][gc,metaspace] CDS archive(s) mapped at: [0x0000000800000000-0x0000000800c80000-0x0000000800c80000), size 13107200, SharedBaseAddress: 0x0000000800000000, ArchiveRelocationMode: 0.
[2025-07-16T14:53:26.436+0000][65][info][gc,metaspace] Compressed class space mapped at: 0x0000000801000000-0x0000000841000000, reserved size: 1073741824
[2025-07-16T14:53:26.436+0000][65][info][gc,metaspace] Narrow klass base: 0x0000000800000000, Narrow klass shift: 0, Narrow klass range: 0x100000000
[2025-07-16T14:53:26.772+0000][65][info][safepoint   ] Safepoint "ICBufferFull", Time since last: 212442125 ns, Reaching safepoint: 3459 ns, Cleanup: 344083 ns, At safepoint: 5792 ns, Total: 353334 ns
[2025-07-16T14:53:27.073+0000][65][info][safepoint   ] Safepoint "ICBufferFull", Time since last: 299766833 ns, Reaching safepoint: 2875 ns, Cleanup: 303083 ns, At safepoint: 21834 ns, Total: 327792 ns
[2025-07-16T14:53:27.365+0000][65][info][safepoint   ] Safepoint "ICBufferFull", Time since last: 292378667 ns, Reaching safepoint: 2333 ns, Cleanup: 389250 ns, At safepoint: 12375 ns, Total: 403958 ns
[2025-07-16T14:53:27.869+0000][65][info][safepoint   ] Safepoint "ICBufferFull", Time since last: 503095083 ns, Reaching safepoint: 271417 ns, Cleanup: 369583 ns, At safepoint: 16667 ns, Total: 657667 ns
[2025-07-16T14:53:28.170+0000][65][info][safepoint   ] Safepoint "ICBufferFull", Time since last: 300094625 ns, Reaching safepoint: 2750 ns, Cleanup: 398459 ns, At safepoint: 20125 ns, Total: 421334 ns
[2025-07-16T14:53:28.562+0000][65][info][safepoint   ] Safepoint "ICBufferFull", Time since last: 391557041 ns, Reaching safepoint: 3042 ns, Cleanup: 360333 ns, At safepoint: 2459 ns, Total: 365834 ns
[2025-07-16T14:53:28.732+0000][65][info][safepoint   ] Safepoint "ICBufferFull", Time since last: 169867625 ns, Reaching safepoint: 3833 ns, Cleanup: 629333 ns, At safepoint: 10417 ns, Total: 643583 ns
[2025-07-16T14:53:28.933+0000][65][info][safepoint   ] Safepoint "ICBufferFull", Time since last: 200140167 ns, Reaching safepoint: 2125 ns, Cleanup: 426458 ns, At safepoint: 8417 ns, Total: 437000 ns
[2025-07-16T14:53:29.318+0000][65][info][safepoint   ] Safepoint "ICBufferFull", Time since last: 384225375 ns, Reaching safepoint: 2833 ns, Cleanup: 981417 ns, At safepoint: 13042 ns, Total: 997292 ns
[2025-07-16T14:53:29.493+0000][65][info][safepoint   ] Safepoint "ICBufferFull", Time since last: 175042292 ns, Reaching safepoint: 2750 ns, Cleanup: 270583 ns, At safepoint: 4917 ns, Total: 278250 ns
[2025-07-16T14:53:29.729+0000][65][info][safepoint   ] Safepoint "ICBufferFull", Time since last: 235906833 ns, Reaching safepoint: 3042 ns, Cleanup: 166708 ns, At safepoint: 2583 ns, Total: 172333 ns
[2025-07-16T14:53:29.783+0000][65][info][gc,start    ] GC(0) Pause Young (Normal) (G1 Evacuation Pause)
[2025-07-16T14:53:29.784+0000][65][info][gc,task     ] GC(0) Using 8 workers of 8 for evacuation
[2025-07-16T14:53:29.784+0000][65][debug][gc,age      ] GC(0) Desired survivor size 14680064 bytes, new threshold 15 (max threshold 15)
[2025-07-16T14:53:29.795+0000][65][info ][gc,phases   ] GC(0)   Pre Evacuate Collection Set: 0.9ms
[2025-07-16T14:53:29.795+0000][65][info ][gc,phases   ] GC(0)   Merge Heap Roots: 0.3ms
[2025-07-16T14:53:29.795+0000][65][info ][gc,phases   ] GC(0)   Evacuate Collection Set: 6.2ms
[2025-07-16T14:53:29.795+0000][65][info ][gc,phases   ] GC(0)   Post Evacuate Collection Set: 2.8ms
[2025-07-16T14:53:29.795+0000][65][info ][gc,phases   ] GC(0)   Other: 0.2ms
[2025-07-16T14:53:29.795+0000][65][trace][gc,age      ] GC(0) Age table with threshold 15 (max threshold 15)
[2025-07-16T14:53:29.795+0000][65][trace][gc,age      ] GC(0) - age   1:   12314936 bytes,   12314936 total
[2025-07-16T14:53:29.795+0000][65][info ][gc,heap     ] GC(0) Eden regions: 49->0(45)
[2025-07-16T14:53:29.795+0000][65][info ][gc,heap     ] GC(0) Survivor regions: 0->4(7)
[2025-07-16T14:53:29.795+0000][65][info ][gc,heap     ] GC(0) Old regions: 0->0
[2025-07-16T14:53:29.795+0000][65][info ][gc,heap     ] GC(0) Archive regions: 2->2
[2025-07-16T14:53:29.795+0000][65][info ][gc,heap     ] GC(0) Humongous regions: 0->0
[2025-07-16T14:53:29.795+0000][65][info ][gc,metaspace] GC(0) Metaspace: 17745K(18240K)->17745K(18240K) NonClass: 15723K(16000K)->15723K(16000K) Class: 2021K(2240K)->2021K(2240K)
[2025-07-16T14:53:29.796+0000][65][info ][gc          ] GC(0) Pause Young (Normal) (G1 Evacuation Pause) 200M->16M(3920M) 12.846ms
[2025-07-16T14:53:29.796+0000][65][info ][gc,cpu      ] GC(0) User=0.04s Sys=0.01s Real=0.01s
[2025-07-16T14:53:29.796+0000][65][info ][safepoint   ] Safepoint "G1CollectForAllocation", Time since last: 52153959 ns, Reaching safepoint: 1272750 ns, Cleanup: 115916 ns, At safepoint: 13084000 ns, Total: 14472666 ns
[2025-07-16T14:53:30.139+0000][65][info ][gc,start    ] GC(1) Pause Young (Concurrent Start) (Metadata GC Threshold)
[2025-07-16T14:53:30.139+0000][65][info ][gc,task     ] GC(1) Using 8 workers of 8 for evacuation
[2025-07-16T14:53:30.139+0000][65][debug][gc,age      ] GC(1) Desired survivor size 14680064 bytes, new threshold 15 (max threshold 15)
[2025-07-16T14:53:30.152+0000][65][info ][gc,phases   ] GC(1)   Pre Evacuate Collection Set: 3.6ms
[2025-07-16T14:53:30.152+0000][65][info ][gc,phases   ] GC(1)   Merge Heap Roots: 0.1ms
[2025-07-16T14:53:30.152+0000][65][info ][gc,phases   ] GC(1)   Evacuate Collection Set: 8.1ms
[2025-07-16T14:53:30.152+0000][65][info ][gc,phases   ] GC(1)   Post Evacuate Collection Set: 1.0ms
[2025-07-16T14:53:30.153+0000][65][info ][gc,phases   ] GC(1)   Other: 0.5ms
[2025-07-16T14:53:30.153+0000][65][trace][gc,age      ] GC(1) Age table with threshold 15 (max threshold 15)
[2025-07-16T14:53:30.153+0000][65][trace][gc,age      ] GC(1) - age   1:    1271200 bytes,    1271200 total
[2025-07-16T14:53:30.153+0000][65][trace][gc,age      ] GC(1) - age   2:    9791520 bytes,   11062720 total
[2025-07-16T14:53:30.153+0000][65][info ][gc,heap     ] GC(1) Eden regions: 21->0(48)
[2025-07-16T14:53:30.153+0000][65][info ][gc,heap     ] GC(1) Survivor regions: 4->3(7)
[2025-07-16T14:53:30.153+0000][65][info ][gc,heap     ] GC(1) Old regions: 0->0
[2025-07-16T14:53:30.153+0000][65][info ][gc,heap     ] GC(1) Archive regions: 2->2
[2025-07-16T14:53:30.153+0000][65][info ][gc,heap     ] GC(1) Humongous regions: 0->0
[2025-07-16T14:53:30.153+0000][65][info ][gc,metaspace] GC(1) Metaspace: 21039K(21504K)->21039K(21504K) NonClass: 18693K(18944K)->18693K(18944K) Class: 2346K(2560K)->2346K(2560K)
[2025-07-16T14:53:30.153+0000][65][info ][gc          ] GC(1) Pause Young (Concurrent Start) (Metadata GC Threshold) 98M->15M(3920M) 14.126ms
[2025-07-16T14:53:30.153+0000][65][info ][gc,cpu      ] GC(1) User=0.02s Sys=0.01s Real=0.02s
[2025-07-16T14:53:30.153+0000][65][info ][gc          ] GC(2) Concurrent Mark Cycle
[2025-07-16T14:53:30.153+0000][65][info ][gc,marking  ] GC(2) Concurrent Scan Root Regions
[2025-07-16T14:53:30.154+0000][65][info ][safepoint   ] Safepoint "CollectForMetadataAllocation", Time since last: 342753084 ns, Reaching safepoint: 19333 ns, Cleanup: 204750 ns, At safepoint: 14811417 ns, Total: 15035500 ns
[2025-07-16T14:53:30.164+0000][65][info ][gc,marking  ] GC(2) Concurrent Scan Root Regions 10.820ms
[2025-07-16T14:53:30.165+0000][65][info ][gc,marking  ] GC(2) Concurrent Mark
[2025-07-16T14:53:30.166+0000][65][info ][gc,marking  ] GC(2) Concurrent Mark From Roots
[2025-07-16T14:53:30.166+0000][65][info ][gc,task     ] GC(2) Using 2 workers of 2 for marking
[2025-07-16T14:53:30.169+0000][65][info ][gc,marking  ] GC(2) Concurrent Mark From Roots 2.731ms
[2025-07-16T14:53:30.169+0000][65][info ][gc,marking  ] GC(2) Concurrent Preclean
[2025-07-16T14:53:30.169+0000][65][info ][gc,marking  ] GC(2) Concurrent Preclean 0.096ms
[2025-07-16T14:53:30.170+0000][65][info ][gc,start    ] GC(2) Pause Remark
[2025-07-16T14:53:30.182+0000][65][info ][gc          ] GC(2) Pause Remark 18M->18M(3920M) 11.917ms
[2025-07-16T14:53:30.182+0000][65][info ][gc,cpu      ] GC(2) User=0.01s Sys=0.01s Real=0.02s
[2025-07-16T14:53:30.182+0000][65][info ][safepoint   ] Safepoint "G1PauseRemark", Time since last: 15757542 ns, Reaching safepoint: 265916 ns, Cleanup: 202500 ns, At safepoint: 12365000 ns, Total: 12833416 ns
[2025-07-16T14:53:30.188+0000][65][info ][gc,marking  ] GC(2) Concurrent Mark 22.940ms
[2025-07-16T14:53:30.191+0000][65][info ][gc,marking  ] GC(2) Concurrent Rebuild Remembered Sets and Scrub Regions
[2025-07-16T14:53:30.198+0000][65][info ][gc,marking  ] GC(2) Concurrent Rebuild Remembered Sets and Scrub Regions 7.216ms
[2025-07-16T14:53:30.199+0000][65][info ][gc,start    ] GC(2) Pause Cleanup
[2025-07-16T14:53:30.200+0000][65][info ][gc          ] GC(2) Pause Cleanup 18M->18M(3920M) 0.601ms
[2025-07-16T14:53:30.200+0000][65][info ][gc,cpu      ] GC(2) User=0.01s Sys=0.00s Real=0.00s
[2025-07-16T14:53:30.203+0000][65][info ][safepoint   ] Safepoint "G1PauseCleanup", Time since last: 17114667 ns, Reaching safepoint: 3542 ns, Cleanup: 39750 ns, At safepoint: 3329583 ns, Total: 3372875 ns
[2025-07-16T14:53:30.204+0000][65][info ][gc,marking  ] GC(2) Concurrent Clear Claimed Marks
[2025-07-16T14:53:30.206+0000][65][info ][gc,marking  ] GC(2) Concurrent Clear Claimed Marks 1.476ms
[2025-07-16T14:53:30.206+0000][65][info ][gc,marking  ] GC(2) Concurrent Cleanup for Next Mark
[2025-07-16T14:53:30.224+0000][65][info ][gc,marking  ] GC(2) Concurrent Cleanup for Next Mark 18.152ms
[2025-07-16T14:53:30.226+0000][65][info ][gc          ] GC(2) Concurrent Mark Cycle 72.317ms
[2025-07-16T14:53:30.497+0000][65][info ][safepoint   ] Safepoint "ICBufferFull", Time since last: 294078667 ns, Reaching safepoint: 2541 ns, Cleanup: 323125 ns, At safepoint: 2334 ns, Total: 328000 ns
[2025-07-16T14:53:30.721+0000][65][info ][safepoint   ] Safepoint "ICBufferFull", Time since last: 222538125 ns, Reaching safepoint: 1158375 ns, Cleanup: 284291 ns, At safepoint: 11834 ns, Total: 1454500 ns
[2025-07-16T14:53:30.921+0000][65][info ][gc,start    ] GC(3) Pause Young (Normal) (G1 Evacuation Pause)
[2025-07-16T14:53:30.921+0000][65][info ][gc,task     ] GC(3) Using 8 workers of 8 for evacuation
[2025-07-16T14:53:30.921+0000][65][debug][gc,age      ] GC(3) Desired survivor size 14680064 bytes, new threshold 15 (max threshold 15)
[2025-07-16T14:53:30.929+0000][65][info ][gc,phases   ] GC(3)   Pre Evacuate Collection Set: 0.3ms
[2025-07-16T14:53:30.929+0000][65][info ][gc,phases   ] GC(3)   Merge Heap Roots: 0.1ms
[2025-07-16T14:53:30.929+0000][65][info ][gc,phases   ] GC(3)   Evacuate Collection Set: 6.4ms
[2025-07-16T14:53:30.930+0000][65][info ][gc,phases   ] GC(3)   Post Evacuate Collection Set: 0.9ms
[2025-07-16T14:53:30.930+0000][65][info ][gc,phases   ] GC(3)   Other: 0.2ms
[2025-07-16T14:53:30.930+0000][65][trace][gc,age      ] GC(3) Age table with threshold 15 (max threshold 15)
[2025-07-16T14:53:30.930+0000][65][trace][gc,age      ] GC(3) - age   1:    5427072 bytes,    5427072 total
[2025-07-16T14:53:30.930+0000][65][trace][gc,age      ] GC(3) - age   2:    1168864 bytes,    6595936 total
[2025-07-16T14:53:30.930+0000][65][trace][gc,age      ] GC(3) - age   3:    9784192 bytes,   16380128 total
[2025-07-16T14:53:30.930+0000][65][info ][gc,heap     ] GC(3) Eden regions: 48->0(78)
[2025-07-16T14:53:30.930+0000][65][info ][gc,heap     ] GC(3) Survivor regions: 3->5(7)
[2025-07-16T14:53:30.930+0000][65][info ][gc,heap     ] GC(3) Old regions: 0->0
[2025-07-16T14:53:30.930+0000][65][info ][gc,heap     ] GC(3) Archive regions: 2->2
[2025-07-16T14:53:30.930+0000][65][info ][gc,heap     ] GC(3) Humongous regions: 0->0
[2025-07-16T14:53:30.930+0000][65][info ][gc,metaspace] GC(3) Metaspace: 25568K(26240K)->25568K(26240K) NonClass: 22588K(22976K)->22588K(22976K) Class: 2979K(3264K)->2979K(3264K)
[2025-07-16T14:53:30.930+0000][65][info ][gc          ] GC(3) Pause Young (Normal) (G1 Evacuation Pause) 207M->20M(3920M) 9.460ms
[2025-07-16T14:53:30.930+0000][65][info ][gc,cpu      ] GC(3) User=0.04s Sys=0.00s Real=0.01s
[2025-07-16T14:53:30.930+0000][65][info ][safepoint   ] Safepoint "G1CollectForAllocation", Time since last: 199347000 ns, Reaching safepoint: 2625 ns, Cleanup: 196375 ns, At safepoint: 9604208 ns, Total: 9803208 ns
[2025-07-16T14:53:31.132+0000][65][info ][safepoint   ] Safepoint "ICBufferFull", Time since last: 201689542 ns, Reaching safepoint: 2250 ns, Cleanup: 235458 ns, At safepoint: 8209 ns, Total: 245917 ns
[2025-07-16T14:53:31.571+0000][65][info ][safepoint   ] Safepoint "ICBufferFull", Time since last: 437720542 ns, Reaching safepoint: 878000 ns, Cleanup: 171708 ns, At safepoint: 3000 ns, Total: 1052708 ns
[2025-07-16T14:53:31.637+0000][65][info ][gc,start    ] GC(4) Pause Young (Normal) (G1 Evacuation Pause)
[2025-07-16T14:53:31.637+0000][65][info ][gc,task     ] GC(4) Using 8 workers of 8 for evacuation
[2025-07-16T14:53:31.637+0000][65][debug][gc,age      ] GC(4) Desired survivor size 23068672 bytes, new threshold 15 (max threshold 15)
[2025-07-16T14:53:31.652+0000][65][info ][gc,phases   ] GC(4)   Pre Evacuate Collection Set: 0.3ms
[2025-07-16T14:53:31.652+0000][65][info ][gc,phases   ] GC(4)   Merge Heap Roots: 0.1ms
[2025-07-16T14:53:31.652+0000][65][info ][gc,phases   ] GC(4)   Evacuate Collection Set: 13.2ms
[2025-07-16T14:53:31.652+0000][65][info ][gc,phases   ] GC(4)   Post Evacuate Collection Set: 1.3ms
[2025-07-16T14:53:31.652+0000][65][info ][gc,phases   ] GC(4)   Other: 0.2ms
[2025-07-16T14:53:31.652+0000][65][trace][gc,age      ] GC(4) Age table with threshold 15 (max threshold 15)
[2025-07-16T14:53:31.652+0000][65][trace][gc,age      ] GC(4) - age   1:    4682112 bytes,    4682112 total
[2025-07-16T14:53:31.652+0000][65][trace][gc,age      ] GC(4) - age   2:    5150952 bytes,    9833064 total
[2025-07-16T14:53:31.652+0000][65][trace][gc,age      ] GC(4) - age   3:    1168528 bytes,   11001592 total
[2025-07-16T14:53:31.653+0000][65][trace][gc,age      ] GC(4) - age   4:    9780152 bytes,   20781744 total
[2025-07-16T14:53:31.653+0000][65][info ][gc,heap     ] GC(4) Eden regions: 78->0(582)
[2025-07-16T14:53:31.653+0000][65][info ][gc,heap     ] GC(4) Survivor regions: 5->6(11)
[2025-07-16T14:53:31.653+0000][65][info ][gc,heap     ] GC(4) Old regions: 0->0
[2025-07-16T14:53:31.653+0000][65][info ][gc,heap     ] GC(4) Archive regions: 2->2
[2025-07-16T14:53:31.653+0000][65][info ][gc,heap     ] GC(4) Humongous regions: 0->0
[2025-07-16T14:53:31.653+0000][65][info ][gc,metaspace] GC(4) Metaspace: 27843K(28544K)->27843K(28544K) NonClass: 24629K(25024K)->24629K(25024K) Class: 3214K(3520K)->3214K(3520K)
[2025-07-16T14:53:31.653+0000][65][info ][gc          ] GC(4) Pause Young (Normal) (G1 Evacuation Pause) 332M->25M(3920M) 16.083ms
[2025-07-16T14:53:31.653+0000][65][info ][gc,cpu      ] GC(4) User=0.07s Sys=0.01s Real=0.02s
[2025-07-16T14:53:31.653+0000][65][info ][safepoint   ] Safepoint "G1CollectForAllocation", Time since last: 65597167 ns, Reaching safepoint: 2416 ns, Cleanup: 152292 ns, At safepoint: 16315042 ns, Total: 16469750 ns
[2025-07-16T14:53:32.088+0000][65][info ][safepoint   ] Safepoint "ICBufferFull", Time since last: 434264375 ns, Reaching safepoint: 2208 ns, Cleanup: 180250 ns, At safepoint: 4083 ns, Total: 186541 ns
[2025-07-16T14:53:32.824+0000][65][info ][safepoint   ] Safepoint "ICBufferFull", Time since last: 735799751 ns, Reaching safepoint: 2416 ns, Cleanup: 237292 ns, At safepoint: 4167 ns, Total: 243875 ns
[2025-07-16T14:53:32.904+0000][65][info ][gc,start    ] GC(5) Pause Young (Concurrent Start) (Metadata GC Threshold)
[2025-07-16T14:53:32.904+0000][65][info ][gc,task     ] GC(5) Using 8 workers of 8 for evacuation
[2025-07-16T14:53:32.904+0000][65][debug][gc,age      ] GC(5) Desired survivor size 155189248 bytes, new threshold 15 (max threshold 15)
[2025-07-16T14:53:32.922+0000][65][info ][gc,phases   ] GC(5)   Pre Evacuate Collection Set: 0.2ms
[2025-07-16T14:53:32.922+0000][65][info ][gc,phases   ] GC(5)   Merge Heap Roots: 0.1ms
[2025-07-16T14:53:32.923+0000][65][info ][gc,phases   ] GC(5)   Evacuate Collection Set: 16.6ms
[2025-07-16T14:53:32.923+0000][65][info ][gc,phases   ] GC(5)   Post Evacuate Collection Set: 1.5ms
[2025-07-16T14:53:32.923+0000][65][info ][gc,phases   ] GC(5)   Other: 0.3ms
[2025-07-16T14:53:32.923+0000][65][trace][gc,age      ] GC(5) Age table with threshold 15 (max threshold 15)
[2025-07-16T14:53:32.923+0000][65][trace][gc,age      ] GC(5) - age   1:   10127064 bytes,   10127064 total
[2025-07-16T14:53:32.923+0000][65][trace][gc,age      ] GC(5) - age   2:    4642544 bytes,   14769608 total
[2025-07-16T14:53:32.923+0000][65][trace][gc,age      ] GC(5) - age   3:    5135456 bytes,   19905064 total
[2025-07-16T14:53:32.923+0000][65][trace][gc,age      ] GC(5) - age   4:    1164264 bytes,   21069328 total
[2025-07-16T14:53:32.923+0000][65][trace][gc,age      ] GC(5) - age   5:    9617816 bytes,   30687144 total
[2025-07-16T14:53:32.923+0000][65][info ][gc,heap     ] GC(5) Eden regions: 159->0(173)
[2025-07-16T14:53:32.923+0000][65][info ][gc,heap     ] GC(5) Survivor regions: 6->8(74)
[2025-07-16T14:53:32.923+0000][65][info ][gc,heap     ] GC(5) Old regions: 0->0
[2025-07-16T14:53:32.923+0000][65][info ][gc,heap     ] GC(5) Archive regions: 2->2
[2025-07-16T14:53:32.923+0000][65][info ][gc,heap     ] GC(5) Humongous regions: 0->0
[2025-07-16T14:53:32.923+0000][65][info ][gc,metaspace] GC(5) Metaspace: 35542K(36416K)->35542K(36416K) NonClass: 31369K(31872K)->31369K(31872K) Class: 4173K(4544K)->4173K(4544K)
[2025-07-16T14:53:32.923+0000][65][info ][gc          ] GC(5) Pause Young (Concurrent Start) (Metadata GC Threshold) 661M->35M(3920M) 19.670ms
[2025-07-16T14:53:32.923+0000][65][info ][gc,cpu      ] GC(5) User=0.09s Sys=0.03s Real=0.02s
[2025-07-16T14:53:32.923+0000][65][info ][gc          ] GC(6) Concurrent Mark Cycle
[2025-07-16T14:53:32.924+0000][65][info ][gc,marking  ] GC(6) Concurrent Scan Root Regions
[2025-07-16T14:53:32.924+0000][65][info ][safepoint   ] Safepoint "CollectForMetadataAllocation", Time since last: 79859708 ns, Reaching safepoint: 2750 ns, Cleanup: 110500 ns, At safepoint: 20022458 ns, Total: 20135708 ns
[2025-07-16T14:53:32.929+0000][65][info ][gc,marking  ] GC(6) Concurrent Scan Root Regions 5.564ms
[2025-07-16T14:53:32.929+0000][65][info ][gc,marking  ] GC(6) Concurrent Mark
[2025-07-16T14:53:32.929+0000][65][info ][gc,marking  ] GC(6) Concurrent Mark From Roots
[2025-07-16T14:53:32.929+0000][65][info ][gc,task     ] GC(6) Using 2 workers of 2 for marking
[2025-07-16T14:53:32.932+0000][65][info ][gc,marking  ] GC(6) Concurrent Mark From Roots 2.866ms
[2025-07-16T14:53:32.934+0000][65][info ][gc,marking  ] GC(6) Concurrent Preclean
[2025-07-16T14:53:32.936+0000][65][info ][gc,marking  ] GC(6) Concurrent Preclean 1.303ms
[2025-07-16T14:53:32.936+0000][65][info ][gc,start    ] GC(6) Pause Remark
[2025-07-16T14:53:32.942+0000][65][info ][gc          ] GC(6) Pause Remark 39M->39M(3920M) 5.708ms
[2025-07-16T14:53:32.942+0000][65][info ][gc,cpu      ] GC(6) User=0.01s Sys=0.00s Real=0.01s
[2025-07-16T14:53:32.942+0000][65][info ][safepoint   ] Safepoint "G1PauseRemark", Time since last: 12421917 ns, Reaching safepoint: 2583 ns, Cleanup: 45750 ns, At safepoint: 5948917 ns, Total: 5997250 ns
[2025-07-16T14:53:32.943+0000][65][info ][gc,marking  ] GC(6) Concurrent Mark 13.300ms
[2025-07-16T14:53:32.943+0000][65][info ][gc,marking  ] GC(6) Concurrent Rebuild Remembered Sets and Scrub Regions
[2025-07-16T14:53:32.943+0000][65][info ][gc,marking  ] GC(6) Concurrent Rebuild Remembered Sets and Scrub Regions 0.456ms
[2025-07-16T14:53:32.943+0000][65][info ][gc,start    ] GC(6) Pause Cleanup
[2025-07-16T14:53:32.943+0000][65][info ][gc          ] GC(6) Pause Cleanup 39M->39M(3920M) 0.052ms
[2025-07-16T14:53:32.944+0000][65][info ][gc,cpu      ] GC(6) User=0.00s Sys=0.00s Real=0.00s
[2025-07-16T14:53:32.944+0000][65][info ][safepoint   ] Safepoint "G1PauseCleanup", Time since last: 1289000 ns, Reaching safepoint: 2417 ns, Cleanup: 77583 ns, At safepoint: 232834 ns, Total: 312834 ns
[2025-07-16T14:53:32.945+0000][65][info ][gc,marking  ] GC(6) Concurrent Clear Claimed Marks
[2025-07-16T14:53:32.945+0000][65][info ][gc,marking  ] GC(6) Concurrent Clear Claimed Marks 0.170ms
[2025-07-16T14:53:32.945+0000][65][info ][gc,marking  ] GC(6) Concurrent Cleanup for Next Mark
[2025-07-16T14:53:32.946+0000][65][info ][gc,marking  ] GC(6) Concurrent Cleanup for Next Mark 1.184ms
[2025-07-16T14:53:32.946+0000][65][info ][gc          ] GC(6) Concurrent Mark Cycle 23.083ms
[2025-07-16T14:53:33.195+0000][65][info ][safepoint   ] Safepoint "ICBufferFull", Time since last: 250932625 ns, Reaching safepoint: 3500 ns, Cleanup: 275708 ns, At safepoint: 10083 ns, Total: 289291 ns
[2025-07-16T14:53:33.504+0000][65][info ][safepoint   ] Safepoint "ICBufferFull", Time since last: 308774917 ns, Reaching safepoint: 2625 ns, Cleanup: 211583 ns, At safepoint: 2625 ns, Total: 216833 ns
[2025-07-16T14:53:33.683+0000][65][info ][safepoint   ] Safepoint "ICBufferFull", Time since last: 178490876 ns, Reaching safepoint: 3208 ns, Cleanup: 250750 ns, At safepoint: 6417 ns, Total: 260375 ns
[2025-07-16T14:53:34.081+0000][65][info ][safepoint   ] Safepoint "ICBufferFull", Time since last: 397961333 ns, Reaching safepoint: 4125 ns, Cleanup: 245167 ns, At safepoint: 16208 ns, Total: 265500 ns
[2025-07-16T14:53:34.367+0000][65][info ][safepoint   ] Safepoint "ICBufferFull", Time since last: 286523542 ns, Reaching safepoint: 3208 ns, Cleanup: 172334 ns, At safepoint: 12333 ns, Total: 187875 ns
[2025-07-16T14:53:34.653+0000][65][info ][safepoint   ] Safepoint "ICBufferFull", Time since last: 285599250 ns, Reaching safepoint: 3583 ns, Cleanup: 200417 ns, At safepoint: 12208 ns, Total: 216208 ns
[2025-07-16T14:53:34.796+0000][65][info ][safepoint   ] Safepoint "ICBufferFull", Time since last: 142227750 ns, Reaching safepoint: 3584 ns, Cleanup: 254666 ns, At safepoint: 2334 ns, Total: 260584 ns
[2025-07-16T14:53:34.968+0000][65][info ][safepoint   ] Safepoint "ICBufferFull", Time since last: 171553666 ns, Reaching safepoint: 6167 ns, Cleanup: 203083 ns, At safepoint: 9750 ns, Total: 219000 ns
[2025-07-16T14:53:35.462+0000][65][info ][gc,start    ] GC(7) Pause Young (Concurrent Start) (Metadata GC Threshold)
[2025-07-16T14:53:35.464+0000][65][info ][gc,task     ] GC(7) Using 8 workers of 8 for evacuation
[2025-07-16T14:53:35.464+0000][65][debug][gc,age      ] GC(7) Desired survivor size 48234496 bytes, new threshold 15 (max threshold 15)
[2025-07-16T14:53:35.498+0000][65][info ][gc,phases   ] GC(7)   Pre Evacuate Collection Set: 1.8ms
[2025-07-16T14:53:35.498+0000][65][info ][gc,phases   ] GC(7)   Merge Heap Roots: 0.1ms
[2025-07-16T14:53:35.498+0000][65][info ][gc,phases   ] GC(7)   Evacuate Collection Set: 25.9ms
[2025-07-16T14:53:35.498+0000][65][info ][gc,phases   ] GC(7)   Post Evacuate Collection Set: 4.2ms
[2025-07-16T14:53:35.498+0000][65][info ][gc,phases   ] GC(7)   Other: 2.1ms
[2025-07-16T14:53:35.498+0000][65][trace][gc,age      ] GC(7) Age table with threshold 15 (max threshold 15)
[2025-07-16T14:53:35.498+0000][65][trace][gc,age      ] GC(7) - age   1:   25238272 bytes,   25238272 total
[2025-07-16T14:53:35.498+0000][65][trace][gc,age      ] GC(7) - age   2:   10021584 bytes,   35259856 total
[2025-07-16T14:53:35.498+0000][65][trace][gc,age      ] GC(7) - age   3:    4631896 bytes,   39891752 total
[2025-07-16T14:53:35.499+0000][65][trace][gc,age      ] GC(7) - age   4:    5111144 bytes,   45002896 total
[2025-07-16T14:53:35.499+0000][65][trace][gc,age      ] GC(7) - age   5:    1159280 bytes,   46162176 total
[2025-07-16T14:53:35.499+0000][65][trace][gc,age      ] GC(7) - age   6:    9550832 bytes,   55713008 total
[2025-07-16T14:53:35.499+0000][65][info ][gc,heap     ] GC(7) Eden regions: 115->0(182)
[2025-07-16T14:53:35.499+0000][65][info ][gc,heap     ] GC(7) Survivor regions: 8->15(23)
[2025-07-16T14:53:35.499+0000][65][info ][gc,heap     ] GC(7) Old regions: 0->0
[2025-07-16T14:53:35.499+0000][65][info ][gc,heap     ] GC(7) Archive regions: 2->2
[2025-07-16T14:53:35.499+0000][65][info ][gc,heap     ] GC(7) Humongous regions: 0->0
[2025-07-16T14:53:35.499+0000][65][info ][gc,metaspace] GC(7) Metaspace: 59424K(60800K)->59424K(60800K) NonClass: 51956K(52800K)->51956K(52800K) Class: 7468K(8000K)->7468K(8000K)
[2025-07-16T14:53:35.499+0000][65][info ][gc          ] GC(7) Pause Young (Concurrent Start) (Metadata GC Threshold) 493M->61M(3920M) 37.273ms
[2025-07-16T14:53:35.499+0000][65][info ][gc,cpu      ] GC(7) User=0.15s Sys=0.01s Real=0.04s
[2025-07-16T14:53:35.499+0000][65][info ][gc          ] GC(8) Concurrent Mark Cycle
[2025-07-16T14:53:35.499+0000][65][info ][gc,marking  ] GC(8) Concurrent Scan Root Regions
[2025-07-16T14:53:35.499+0000][65][info ][safepoint   ] Safepoint "CollectForMetadataAllocation", Time since last: 491267917 ns, Reaching safepoint: 2750 ns, Cleanup: 172709 ns, At safepoint: 40159458 ns, Total: 40334917 ns
[2025-07-16T14:53:35.515+0000][65][info ][gc,marking  ] GC(8) Concurrent Scan Root Regions 16.157ms
[2025-07-16T14:53:35.516+0000][65][info ][gc,marking  ] GC(8) Concurrent Mark
[2025-07-16T14:53:35.516+0000][65][info ][gc,marking  ] GC(8) Concurrent Mark From Roots
[2025-07-16T14:53:35.516+0000][65][info ][gc,task     ] GC(8) Using 2 workers of 2 for marking
[2025-07-16T14:53:35.519+0000][65][info ][gc,marking  ] GC(8) Concurrent Mark From Roots 2.985ms
[2025-07-16T14:53:35.519+0000][65][info ][gc,marking  ] GC(8) Concurrent Preclean
[2025-07-16T14:53:35.520+0000][65][info ][gc,marking  ] GC(8) Concurrent Preclean 0.110ms
[2025-07-16T14:53:35.523+0000][65][info ][gc,start    ] GC(8) Pause Remark
[2025-07-16T14:53:35.528+0000][65][info ][gc          ] GC(8) Pause Remark 64M->64M(3920M) 5.011ms
[2025-07-16T14:53:35.528+0000][65][info ][gc,cpu      ] GC(8) User=0.01s Sys=0.00s Real=0.00s
[2025-07-16T14:53:35.528+0000][65][info ][safepoint   ] Safepoint "G1PauseRemark", Time since last: 22548375 ns, Reaching safepoint: 1186375 ns, Cleanup: 68500 ns, At safepoint: 5171500 ns, Total: 6426375 ns
[2025-07-16T14:53:35.529+0000][65][info ][gc,marking  ] GC(8) Concurrent Mark 13.079ms
[2025-07-16T14:53:35.532+0000][65][info ][gc,marking  ] GC(8) Concurrent Rebuild Remembered Sets and Scrub Regions
[2025-07-16T14:53:35.532+0000][65][info ][gc,marking  ] GC(8) Concurrent Rebuild Remembered Sets and Scrub Regions 0.356ms
[2025-07-16T14:53:35.532+0000][65][info ][gc,start    ] GC(8) Pause Cleanup
[2025-07-16T14:53:35.532+0000][65][info ][gc          ] GC(8) Pause Cleanup 64M->64M(3920M) 0.110ms
[2025-07-16T14:53:35.532+0000][65][info ][gc,cpu      ] GC(8) User=0.00s Sys=0.00s Real=0.00s
[2025-07-16T14:53:35.533+0000][65][info ][safepoint   ] Safepoint "G1PauseCleanup", Time since last: 4091542 ns, Reaching safepoint: 2958 ns, Cleanup: 56333 ns, At safepoint: 223875 ns, Total: 283166 ns
[2025-07-16T14:53:35.535+0000][65][info ][gc,marking  ] GC(8) Concurrent Clear Claimed Marks
[2025-07-16T14:53:35.536+0000][65][info ][gc,marking  ] GC(8) Concurrent Clear Claimed Marks 1.079ms
[2025-07-16T14:53:35.536+0000][65][info ][gc,marking  ] GC(8) Concurrent Cleanup for Next Mark
[2025-07-16T14:53:35.546+0000][65][info ][gc,marking  ] GC(8) Concurrent Cleanup for Next Mark 10.524ms
[2025-07-16T14:53:35.547+0000][65][info ][gc          ] GC(8) Concurrent Mark Cycle 47.468ms
[2025-07-16T14:53:36.366+0000][65][info ][safepoint   ] Safepoint "ICBufferFull", Time since last: 833254084 ns, Reaching safepoint: 4125 ns, Cleanup: 214333 ns, At safepoint: 8667 ns, Total: 227125 ns
[2025-07-16T14:53:36.989+0000][65][info ][safepoint   ] Safepoint "ICBufferFull", Time since last: 622196042 ns, Reaching safepoint: 3458 ns, Cleanup: 699542 ns, At safepoint: 8708 ns, Total: 711708 ns
[2025-07-16T14:53:38.033+0000][65][info ][safepoint   ] Safepoint "Cleanup", Time since last: 1041916209 ns, Reaching safepoint: 902209 ns, Cleanup: 870166 ns, At safepoint: 7292 ns, Total: 1779667 ns
[2025-07-16T14:53:38.726+0000][65][info ][safepoint   ] Safepoint "ICBufferFull", Time since last: 690894917 ns, Reaching safepoint: 1211125 ns, Cleanup: 769042 ns, At safepoint: 33291 ns, Total: 2013458 ns
[2025-07-16T14:53:39.157+0000][65][info ][safepoint   ] Safepoint "ICBufferFull", Time since last: 430803792 ns, Reaching safepoint: 5125 ns, Cleanup: 997083 ns, At safepoint: 8292 ns, Total: 1010500 ns
[2025-07-16T14:53:39.352+0000][65][info ][gc,start    ] GC(9) Pause Young (Concurrent Start) (Metadata GC Threshold)
[2025-07-16T14:53:39.353+0000][65][info ][gc,task     ] GC(9) Using 8 workers of 8 for evacuation
[2025-07-16T14:53:39.353+0000][65][debug][gc,age      ] GC(9) Desired survivor size 52428800 bytes, new threshold 6 (max threshold 15)
[2025-07-16T14:53:39.402+0000][65][info ][gc,phases   ] GC(9)   Pre Evacuate Collection Set: 0.5ms
[2025-07-16T14:53:39.403+0000][65][info ][gc,phases   ] GC(9)   Merge Heap Roots: 0.1ms
[2025-07-16T14:53:39.403+0000][65][info ][gc,phases   ] GC(9)   Evacuate Collection Set: 38.9ms
[2025-07-16T14:53:39.403+0000][65][info ][gc,phases   ] GC(9)   Post Evacuate Collection Set: 8.5ms
[2025-07-16T14:53:39.403+0000][65][info ][gc,phases   ] GC(9)   Other: 0.9ms
[2025-07-16T14:53:39.403+0000][65][trace][gc,age      ] GC(9) Age table with threshold 6 (max threshold 15)
[2025-07-16T14:53:39.403+0000][65][trace][gc,age      ] GC(9) - age   1:   16578064 bytes,   16578064 total
[2025-07-16T14:53:39.403+0000][65][trace][gc,age      ] GC(9) - age   2:   24700552 bytes,   41278616 total
[2025-07-16T14:53:39.403+0000][65][trace][gc,age      ] GC(9) - age   3:    9945808 bytes,   51224424 total
[2025-07-16T14:53:39.403+0000][65][trace][gc,age      ] GC(9) - age   4:    4617936 bytes,   55842360 total
[2025-07-16T14:53:39.403+0000][65][trace][gc,age      ] GC(9) - age   5:    5093624 bytes,   60935984 total
[2025-07-16T14:53:39.403+0000][65][trace][gc,age      ] GC(9) - age   6:    1152872 bytes,   62088856 total
[2025-07-16T14:53:39.403+0000][65][info ][gc,heap     ] GC(9) Eden regions: 117->0(100)
[2025-07-16T14:53:39.403+0000][65][info ][gc,heap     ] GC(9) Survivor regions: 15->16(25)
[2025-07-16T14:53:39.403+0000][65][info ][gc,heap     ] GC(9) Old regions: 0->3
[2025-07-16T14:53:39.403+0000][65][info ][gc,heap     ] GC(9) Archive regions: 2->2
[2025-07-16T14:53:39.403+0000][65][info ][gc,heap     ] GC(9) Humongous regions: 0->0
[2025-07-16T14:53:39.403+0000][65][info ][gc,metaspace] GC(9) Metaspace: 99090K(101696K)->99090K(101696K) NonClass: 85853K(87296K)->85853K(87296K) Class: 13236K(14400K)->13236K(14400K)
[2025-07-16T14:53:39.403+0000][65][info ][gc          ] GC(9) Pause Young (Concurrent Start) (Metadata GC Threshold) 529M->77M(3920M) 51.142ms
[2025-07-16T14:53:39.404+0000][65][info ][gc,cpu      ] GC(9) User=0.18s Sys=0.07s Real=0.05s
[2025-07-16T14:53:39.404+0000][65][info ][gc          ] GC(10) Concurrent Mark Cycle
[2025-07-16T14:53:39.404+0000][65][info ][gc,marking  ] GC(10) Concurrent Scan Root Regions
[2025-07-16T14:53:39.404+0000][65][info ][safepoint   ] Safepoint "CollectForMetadataAllocation", Time since last: 194196250 ns, Reaching safepoint: 4542 ns, Cleanup: 62625 ns, At safepoint: 52136792 ns, Total: 52203959 ns
[2025-07-16T14:53:39.423+0000][65][info ][gc,marking  ] GC(10) Concurrent Scan Root Regions 19.541ms
[2025-07-16T14:53:39.423+0000][65][info ][gc,marking  ] GC(10) Concurrent Mark
[2025-07-16T14:53:39.424+0000][65][info ][gc,marking  ] GC(10) Concurrent Mark From Roots
[2025-07-16T14:53:39.424+0000][65][info ][gc,task     ] GC(10) Using 2 workers of 2 for marking
[2025-07-16T14:53:39.427+0000][65][info ][gc,marking  ] GC(10) Concurrent Mark From Roots 3.911ms
[2025-07-16T14:53:39.428+0000][65][info ][gc,marking  ] GC(10) Concurrent Preclean
[2025-07-16T14:53:39.428+0000][65][info ][gc,marking  ] GC(10) Concurrent Preclean 0.041ms
[2025-07-16T14:53:39.430+0000][65][info ][gc,start    ] GC(10) Pause Remark
[2025-07-16T14:53:39.436+0000][65][info ][gc          ] GC(10) Pause Remark 80M->80M(3920M) 5.858ms
[2025-07-16T14:53:39.436+0000][65][info ][gc,cpu      ] GC(10) User=0.02s Sys=0.00s Real=0.01s
[2025-07-16T14:53:39.436+0000][65][info ][safepoint   ] Safepoint "G1PauseRemark", Time since last: 24072750 ns, Reaching safepoint: 1067875 ns, Cleanup: 737916 ns, At safepoint: 6079334 ns, Total: 7885125 ns
[2025-07-16T14:53:39.437+0000][65][info ][gc,marking  ] GC(10) Concurrent Mark 13.243ms
[2025-07-16T14:53:39.437+0000][65][info ][gc,marking  ] GC(10) Concurrent Rebuild Remembered Sets and Scrub Regions
[2025-07-16T14:53:39.441+0000][65][info ][gc,marking  ] GC(10) Concurrent Rebuild Remembered Sets and Scrub Regions 4.493ms
[2025-07-16T14:53:39.442+0000][65][info ][gc,start    ] GC(10) Pause Cleanup
[2025-07-16T14:53:39.442+0000][65][info ][gc          ] GC(10) Pause Cleanup 80M->80M(3920M) 0.413ms
[2025-07-16T14:53:39.442+0000][65][info ][gc,cpu      ] GC(10) User=0.00s Sys=0.00s Real=0.00s
[2025-07-16T14:53:39.442+0000][65][info ][safepoint   ] Safepoint "G1PauseCleanup", Time since last: 5755583 ns, Reaching safepoint: 227750 ns, Cleanup: 47417 ns, At safepoint: 608375 ns, Total: 883542 ns
[2025-07-16T14:53:39.445+0000][65][info ][gc,marking  ] GC(10) Concurrent Clear Claimed Marks
[2025-07-16T14:53:39.446+0000][65][info ][gc,marking  ] GC(10) Concurrent Clear Claimed Marks 1.691ms
[2025-07-16T14:53:39.446+0000][65][info ][gc,marking  ] GC(10) Concurrent Cleanup for Next Mark
[2025-07-16T14:53:39.459+0000][65][info ][gc,marking  ] GC(10) Concurrent Cleanup for Next Mark 12.164ms
[2025-07-16T14:53:39.459+0000][65][info ][gc          ] GC(10) Concurrent Mark Cycle 55.167ms
[2025-07-16T14:53:40.367+0000][65][info ][safepoint   ] Safepoint "ICBufferFull", Time since last: 923079208 ns, Reaching safepoint: 6542 ns, Cleanup: 1154625 ns, At safepoint: 9917 ns, Total: 1171084 ns
[2025-07-16T14:53:40.555+0000][65][info ][safepoint   ] Safepoint "ICBufferFull", Time since last: 187713875 ns, Reaching safepoint: 7250 ns, Cleanup: 562375 ns, At safepoint: 4416 ns, Total: 574041 ns
[2025-07-16T14:53:40.720+0000][65][info ][safepoint   ] Safepoint "ICBufferFull", Time since last: 157919584 ns, Reaching safepoint: 5375458 ns, Cleanup: 1547209 ns, At safepoint: 68458 ns, Total: 6991125 ns
[2025-07-16T14:53:41.019+0000][65][info ][safepoint   ] Safepoint "ICBufferFull", Time since last: 297720042 ns, Reaching safepoint: 40166 ns, Cleanup: 994292 ns, At safepoint: 5542 ns, Total: 1040000 ns
[2025-07-16T14:53:41.271+0000][65][info ][safepoint   ] Safepoint "ICBufferFull", Time since last: 250412541 ns, Reaching safepoint: 254375 ns, Cleanup: 998709 ns, At safepoint: 7000 ns, Total: 1260084 ns
[2025-07-16T14:53:41.772+0000][65][info ][safepoint   ] Safepoint "ICBufferFull", Time since last: 499328167 ns, Reaching safepoint: 10333 ns, Cleanup: 659542 ns, At safepoint: 12333 ns, Total: 682208 ns
[2025-07-16T14:53:42.333+0000][65][info ][safepoint   ] Safepoint "ICBufferFull", Time since last: 555458292 ns, Reaching safepoint: 7048250 ns, Cleanup: 248333 ns, At safepoint: 49375 ns, Total: 7345958 ns
[2025-07-16T14:53:42.919+0000][65][info ][safepoint   ] Safepoint "ICBufferFull", Time since last: 572489792 ns, Reaching safepoint: 11367042 ns, Cleanup: 1500583 ns, At safepoint: 12500 ns, Total: 12880125 ns
[2025-07-16T14:53:44.159+0000][65][info ][safepoint   ] Safepoint "Cleanup", Time since last: 1237773376 ns, Reaching safepoint: 2527833 ns, Cleanup: 544959 ns, At safepoint: 18375 ns, Total: 3091167 ns
[2025-07-16T14:53:44.729+0000][65][info ][safepoint   ] Safepoint "ICBufferFull", Time since last: 567253916 ns, Reaching safepoint: 1180125 ns, Cleanup: 675375 ns, At safepoint: 44792 ns, Total: 1900292 ns
[2025-07-16T14:53:45.024+0000][65][info ][safepoint   ] Safepoint "ICBufferFull", Time since last: 292660459 ns, Reaching safepoint: 1109083 ns, Cleanup: 1017958 ns, At safepoint: 47792 ns, Total: 2174833 ns
[2025-07-16T14:53:46.040+0000][65][info ][safepoint   ] Safepoint "Cleanup", Time since last: 1010162709 ns, Reaching safepoint: 2708708 ns, Cleanup: 2822375 ns, At safepoint: 16292 ns, Total: 5547375 ns
[2025-07-16T14:53:46.806+0000][65][info ][safepoint   ] Safepoint "ICBufferFull", Time since last: 763985458 ns, Reaching safepoint: 1076084 ns, Cleanup: 1601458 ns, At safepoint: 17417 ns, Total: 2694959 ns
[2025-07-16T14:53:48.158+0000][65][info ][safepoint   ] Safepoint "Cleanup", Time since last: 1337859459 ns, Reaching safepoint: 2142333 ns, Cleanup: 9728417 ns, At safepoint: 77208 ns, Total: 11947958 ns
[2025-07-16T14:53:49.963+0000][65][info ][safepoint   ] Safepoint "Cleanup", Time since last: 1782271959 ns, Reaching safepoint: 12177542 ns, Cleanup: 10498583 ns, At safepoint: 42542 ns, Total: 22718667 ns
[2025-07-16T14:53:50.971+0000][65][info ][safepoint   ] Safepoint "Cleanup", Time since last: 1013567792 ns, Reaching safepoint: 4368333 ns, Cleanup: 637625 ns, At safepoint: 14750 ns, Total: 5020708 ns
[2025-07-16T14:53:51.979+0000][65][info ][safepoint   ] Safepoint "Cleanup", Time since last: 1004480959 ns, Reaching safepoint: 935000 ns, Cleanup: 2229459 ns, At safepoint: 21500 ns, Total: 3185959 ns
[2025-07-16T14:53:53.024+0000][65][info ][safepoint   ] Safepoint "Cleanup", Time since last: 1041057292 ns, Reaching safepoint: 1956291 ns, Cleanup: 3117042 ns, At safepoint: 20417 ns, Total: 5093750 ns
[2025-07-16T14:53:54.048+0000][65][info ][safepoint   ] Safepoint "Cleanup", Time since last: 1011842417 ns, Reaching safepoint: 4635292 ns, Cleanup: 5075125 ns, At safepoint: 1401041 ns, Total: 11111458 ns
[2025-07-16T14:53:57.102+0000][65][info ][safepoint   ] Safepoint "Cleanup", Time since last: 3033246793 ns, Reaching safepoint: 5885000 ns, Cleanup: 14154000 ns, At safepoint: 447250 ns, Total: 20486250 ns
[2025-07-16T14:53:58.114+0000][65][info ][safepoint   ] Safepoint "Cleanup", Time since last: 1008905917 ns, Reaching safepoint: 1166417 ns, Cleanup: 935750 ns, At safepoint: 36625 ns, Total: 2138792 ns
[2025-07-16T14:53:59.122+0000][65][info ][safepoint   ] Safepoint "Cleanup", Time since last: 1007162292 ns, Reaching safepoint: 106875 ns, Cleanup: 1721125 ns, At safepoint: 214292 ns, Total: 2042292 ns
[2025-07-16T14:54:01.212+0000][65][info ][safepoint   ] Safepoint "Cleanup", Time since last: 2050310543 ns, Reaching safepoint: 36214583 ns, Cleanup: 3146417 ns, At safepoint: 81333 ns, Total: 39442333 ns
[2025-07-16T14:54:03.211+0000][65][info ][safepoint   ] Safepoint "Cleanup", Time since last: 1953573126 ns, Reaching safepoint: 20199750 ns, Cleanup: 17450875 ns, At safepoint: 393625 ns, Total: 38044250 ns
[2025-07-16T14:54:06.418+0000][65][info ][safepoint   ] Safepoint "Cleanup", Time since last: 3085920085 ns, Reaching safepoint: 38032916 ns, Cleanup: 80048167 ns, At safepoint: 7938625 ns, Total: 126019708 ns
[2025-07-16T14:54:07.595+0000][65][info ][safepoint   ] Safepoint "Cleanup", Time since last: 1022230042 ns, Reaching safepoint: 136281625 ns, Cleanup: 14688875 ns, At safepoint: 3905584 ns, Total: 154876084 ns
[2025-07-16T14:54:08.622+0000][65][info ][safepoint   ] Safepoint "Cleanup", Time since last: 1014492292 ns, Reaching safepoint: 12098208 ns, Cleanup: 3611334 ns, At safepoint: 21375 ns, Total: 15730917 ns
[2025-07-16T14:54:09.687+0000][65][info ][safepoint   ] Safepoint "Cleanup", Time since last: 1021350917 ns, Reaching safepoint: 7150666 ns, Cleanup: 32706709 ns, At safepoint: 1238875 ns, Total: 41096250 ns
[2025-07-16T14:54:10.786+0000][65][info ][safepoint   ] Safepoint "Cleanup", Time since last: 1060115959 ns, Reaching safepoint: 32715291 ns, Cleanup: 3712459 ns, At safepoint: 1559041 ns, Total: 37986791 ns
[2025-07-16T14:54:11.865+0000][65][info ][safepoint   ] Safepoint "Cleanup", Time since last: 1077604376 ns, Reaching safepoint: 5191625 ns, Cleanup: 395291 ns, At safepoint: 104917 ns, Total: 5691833 ns
[2025-07-16T14:54:13.410+0000][65][info ][safepoint   ] Safepoint "Cleanup", Time since last: 1542506042 ns, Reaching safepoint: 923667 ns, Cleanup: 741375 ns, At safepoint: 24708 ns, Total: 1689750 ns
[2025-07-16T14:54:14.421+0000][65][info ][safepoint   ] Safepoint "Cleanup", Time since last: 1005790209 ns, Reaching safepoint: 2648875 ns, Cleanup: 3087167 ns, At safepoint: 29042 ns, Total: 5765084 ns
[2025-07-16T14:54:15.498+0000][65][info ][safepoint   ] Safepoint "Cleanup", Time since last: 1069441875 ns, Reaching safepoint: 5280958 ns, Cleanup: 1216709 ns, At safepoint: 36750 ns, Total: 6534417 ns
[2025-07-16T14:54:16.579+0000][65][info ][safepoint   ] Safepoint "Cleanup", Time since last: 1075251167 ns, Reaching safepoint: 3943208 ns, Cleanup: 1408792 ns, At safepoint: 278542 ns, Total: 5630542 ns
[2025-07-16T14:54:17.801+0000][65][info ][safepoint   ] Safepoint "Cleanup", Time since last: 1035725542 ns, Reaching safepoint: 38131708 ns, Cleanup: 140056167 ns, At safepoint: 5177083 ns, Total: 183364958 ns
[2025-07-16T14:54:20.291+0000][65][info ][safepoint   ] Safepoint "Cleanup", Time since last: 2226302210 ns, Reaching safepoint: 59080875 ns, Cleanup: 87650041 ns, At safepoint: 49245959 ns, Total: 195976875 ns
[2025-07-16T14:54:22.502+0000][65][info ][safepoint   ] Safepoint "Cleanup", Time since last: 2295895292 ns, Reaching safepoint: 11569416 ns, Cleanup: 99854959 ns, At safepoint: 10648625 ns, Total: 122073000 ns
[2025-07-16T14:54:27.684+0000][65][info ][safepoint   ] Safepoint "Cleanup", Time since last: 5117204919 ns, Reaching safepoint: 61945833 ns, Cleanup: 3261875 ns, At safepoint: 289458 ns, Total: 65497166 ns
[2025-07-16T14:54:29.103+0000][65][info ][safepoint   ] Safepoint "Cleanup", Time since last: 1137494834 ns, Reaching safepoint: 89013792 ns, Cleanup: 127129417 ns, At safepoint: 39622916 ns, Total: 255766125 ns
